178.154.224.71 - - [14/May/2017:00:06:54 +0300] "GET / HTTP/1.0" 200 10609 "-" "Mozilla/5.0 (compatible; YandexMetrika/2.0; +http://yandex.com/bots mtmon01f.yandex.ru)"
37.9.118.28 - - [14/May/2017:00:23:08 +0300] "GET / HTTP/1.0" 200 10609 "-" "Mozilla/5.0 (compatible; YandexMetrika/2.0; +http://yandex.com/bots mtmon01i.yandex.ru)"
95.108.129.196 - - [14/May/2017:00:24:33 +0300] "GET / HTTP/1.0" 200 10609 "-" "Mozilla/5.0 (compatible; YandexMetrika/2.0; +http://yandex.com/bots mtmon01e.yandex.ru)"
178.154.224.71 - - [14/May/2017:00:26:53 +0300] "GET / HTTP/1.0" 200 10609 "-" "Mozilla/5.0 (compatible; YandexMetrika/2.0; +http://yandex.com/bots mtmon01f.yandex.ru)"
176.9.2.173 - - [14/May/2017:00:33:30 +0300] "GET / HTTP/1.0" 200 10609 "-" "Mozilla/5.0 (X11; Linux x86_64) AppleWebKit/537.36 (KHTML, like Gecko) Chrome/56.0.2924.87 Safari/537.36"
176.9.2.173 - - [14/May/2017:00:33:30 +0300] "GET / HTTP/1.0" 200 10609 "-" "Mozilla/5.0 (X11; Linux x86_64) AppleWebKit/537.36 (KHTML, like Gecko) Chrome/56.0.2924.87 Safari/537.36"
176.9.2.173 - - [14/May/2017:00:33:51 +0300] "GET / HTTP/1.0" 200 10609 "-" "Mozilla/5.0 (X11; Linux x86_64) AppleWebKit/537.36 (KHTML, like Gecko) Chrome/56.0.2924.87 Safari/537.36"
176.9.2.173 - - [14/May/2017:00:33:51 +0300] "GET / HTTP/1.0" 200 10609 "-" "Mozilla/5.0 (X11; Linux x86_64) AppleWebKit/537.36 (KHTML, like Gecko) Chrome/56.0.2924.87 Safari/537.36"
176.9.2.173 - - [14/May/2017:00:35:06 +0300] "GET / HTTP/1.0" 200 10609 "-" "Mozilla/5.0 (X11; Linux x86_64) AppleWebKit/537.36 (KHTML, like Gecko) Chrome/56.0.2924.87 Safari/537.36"
121.11.243.218 - - [14/May/2017:00:37:06 +0300] "GET //wp-login.php HTTP/1.0" 404 288 "-" "python-requests/2.14.2"
37.9.118.28 - - [14/May/2017:00:43:49 +0300] "GET / HTTP/1.0" 200 10609 "-" "Mozilla/5.0 (compatible; YandexMetrika/2.0; +http://yandex.com/bots mtmon01i.yandex.ru)"
95.108.129.196 - - [14/May/2017:00:43:51 +0300] "GET / HTTP/1.0" 200 10609 "-" "Mozilla/5.0 (compatible; YandexMetrika/2.0; +http://yandex.com/bots mtmon01e.yandex.ru)"
178.154.224.71 - - [14/May/2017:00:46:54 +0300] "GET / HTTP/1.0" 200 10609 "-" "Mozilla/5.0 (compatible; YandexMetrika/2.0; +http://yandex.com/bots mtmon01f.yandex.ru)"
95.108.129.196 - - [14/May/2017:01:02:20 +0300] "GET / HTTP/1.0" 200 10609 "-" "Mozilla/5.0 (compatible; YandexMetrika/2.0; +http://yandex.com/bots mtmon01e.yandex.ru)"
37.9.118.28 - - [14/May/2017:01:05:50 +0300] "GET / HTTP/1.0" 200 10609 "-" "Mozilla/5.0 (compatible; YandexMetrika/2.0; +http://yandex.com/bots mtmon01i.yandex.ru)"
178.154.224.71 - - [14/May/2017:01:06:29 +0300] "GET / HTTP/1.0" 200 10609 "-" "Mozilla/5.0 (compatible; YandexMetrika/2.0; +http://yandex.com/bots mtmon01f.yandex.ru)"
95.108.129.196 - - [14/May/2017:01:22:32 +0300] "GET / HTTP/1.0" 200 10609 "-" "Mozilla/5.0 (compatible; YandexMetrika/2.0; +http://yandex.com/bots mtmon01e.yandex.ru)"
37.9.118.28 - - [14/May/2017:01:24:05 +0300] "GET / HTTP/1.0" 200 10609 "-" "Mozilla/5.0 (compatible; YandexMetrika/2.0; +http://yandex.com/bots mtmon01i.yandex.ru)"
178.154.224.71 - - [14/May/2017:01:26:02 +0300] "GET / HTTP/1.0" 200 10609 "-" "Mozilla/5.0 (compatible; YandexMetrika/2.0; +http://yandex.com/bots mtmon01f.yandex.ru)"
176.9.2.173 - - [14/May/2017:01:34:01 +0300] "GET / HTTP/1.0" 200 10609 "-" "Mozilla/5.0 (X11; Linux x86_64) AppleWebKit/537.36 (KHTML, like Gecko) Chrome/56.0.2924.87 Safari/537.36"
176.9.2.173 - - [14/May/2017:01:34:01 +0300] "GET / HTTP/1.0" 200 10609 "-" "Mozilla/5.0 (X11; Linux x86_64) AppleWebKit/537.36 (KHTML, like Gecko) Chrome/56.0.2924.87 Safari/537.36"
176.9.2.173 - - [14/May/2017:01:35:25 +0300] "GET / HTTP/1.0" 200 10609 "-" "Mozilla/5.0 (X11; Linux x86_64) AppleWebKit/537.36 (KHTML, like Gecko) Chrome/56.0.2924.87 Safari/537.36"
95.108.129.196 - - [14/May/2017:01:41:49 +0300] "GET / HTTP/1.0" 200 10609 "-" "Mozilla/5.0 (compatible; YandexMetrika/2.0; +http://yandex.com/bots mtmon01e.yandex.ru)"
37.9.118.28 - - [14/May/2017:01:42:45 +0300] "GET / HTTP/1.0" 200 10609 "-" "Mozilla/5.0 (compatible; YandexMetrika/2.0; +http://yandex.com/bots mtmon01i.yandex.ru)"
178.154.224.71 - - [14/May/2017:01:46:50 +0300] "GET / HTTP/1.0" 200 10609 "-" "Mozilla/5.0 (compatible; YandexMetrika/2.0; +http://yandex.com/bots mtmon01f.yandex.ru)"
95.108.129.196 - - [14/May/2017:02:01:26 +0300] "GET / HTTP/1.0" 200 10609 "-" "Mozilla/5.0 (compatible; YandexMetrika/2.0; +http://yandex.com/bots mtmon01e.yandex.ru)"
37.9.118.28 - - [14/May/2017:02:02:08 +0300] "GET / HTTP/1.0" 200 10609 "-" "Mozilla/5.0 (compatible; YandexMetrika/2.0; +http://yandex.com/bots mtmon01i.yandex.ru)"
178.154.224.71 - - [14/May/2017:02:06:21 +0300] "GET / HTTP/1.0" 200 10609 "-" "Mozilla/5.0 (compatible; YandexMetrika/2.0; +http://yandex.com/bots mtmon01f.yandex.ru)"
95.108.129.196 - - [14/May/2017:02:20:16 +0300] "GET / HTTP/1.0" 200 10609 "-" "Mozilla/5.0 (compatible; YandexMetrika/2.0; +http://yandex.com/bots mtmon01e.yandex.ru)"
37.9.118.28 - - [14/May/2017:02:21:41 +0300] "GET / HTTP/1.0" 200 10609 "-" "Mozilla/5.0 (compatible; YandexMetrika/2.0; +http://yandex.com/bots mtmon01i.yandex.ru)"
178.154.224.71 - - [14/May/2017:02:25:26 +0300] "GET / HTTP/1.0" 200 10609 "-" "Mozilla/5.0 (compatible; YandexMetrika/2.0; +http://yandex.com/bots mtmon01f.yandex.ru)"
176.9.2.173 - - [14/May/2017:02:34:07 +0300] "GET / HTTP/1.0" 200 10609 "-" "Mozilla/5.0 (X11; Linux x86_64) AppleWebKit/537.36 (KHTML, like Gecko) Chrome/56.0.2924.87 Safari/537.36"
176.9.2.173 - - [14/May/2017:02:34:07 +0300] "GET / HTTP/1.0" 200 10609 "-" "Mozilla/5.0 (X11; Linux x86_64) AppleWebKit/537.36 (KHTML, like Gecko) Chrome/56.0.2924.87 Safari/537.36"
176.9.2.173 - - [14/May/2017:02:35:29 +0300] "GET / HTTP/1.0" 200 10609 "-" "Mozilla/5.0 (X11; Linux x86_64) AppleWebKit/537.36 (KHTML, like Gecko) Chrome/56.0.2924.87 Safari/537.36"
176.9.2.173 - - [14/May/2017:02:35:29 +0300] "GET / HTTP/1.0" 200 10609 "-" "Mozilla/5.0 (X11; Linux x86_64) AppleWebKit/537.36 (KHTML, like Gecko) Chrome/56.0.2924.87 Safari/537.36"
95.108.129.196 - - [14/May/2017:02:41:03 +0300] "GET / HTTP/1.0" 200 10609 "-" "Mozilla/5.0 (compatible; YandexMetrika/2.0; +http://yandex.com/bots mtmon01e.yandex.ru)"
37.9.118.28 - - [14/May/2017:02:41:10 +0300] "GET / HTTP/1.0" 200 10609 "-" "Mozilla/5.0 (compatible; YandexMetrika/2.0; +http://yandex.com/bots mtmon01i.yandex.ru)"
204.79.180.114 - - [14/May/2017:02:41:24 +0300] "GET / HTTP/1.0" 200 10609 "-" "Mozilla/5.0 (compatible; MSIE 9.0; Windows NT 6.0; Trident/5.0;  Trident/5.0)"
204.79.180.27 - - [14/May/2017:02:41:26 +0300] "GET /templates/style/css/style.css HTTP/1.1" 200 117 "http://bitfaucet.ru/" "Mozilla/5.0 (compatible; MSIE 9.0; Windows NT 6.0; Trident/5.0;  Trident/5.0)"
204.79.180.179 - - [14/May/2017:02:41:26 +0300] "GET /templates/style/javascript/analytic.js HTTP/1.1" 200 388 "http://bitfaucet.ru/" "Mozilla/5.0 (compatible; MSIE 9.0; Windows NT 6.0; Trident/5.0;  Trident/5.0)"
204.79.180.197 - - [14/May/2017:02:41:26 +0300] "GET /templates/style/javascript/common.js HTTP/1.1" 200 1131 "http://bitfaucet.ru/" "Mozilla/5.0 (compatible; MSIE 9.0; Windows NT 6.0; Trident/5.0;  Trident/5.0)"
178.154.224.71 - - [14/May/2017:02:44:55 +0300] "GET / HTTP/1.0" 200 10609 "-" "Mozilla/5.0 (compatible; YandexMetrika/2.0; +http://yandex.com/bots mtmon01f.yandex.ru)"
95.108.129.196 - - [14/May/2017:03:00:20 +0300] "GET / HTTP/1.0" 200 10609 "-" "Mozilla/5.0 (compatible; YandexMetrika/2.0; +http://yandex.com/bots mtmon01e.yandex.ru)"
37.9.118.28 - - [14/May/2017:03:02:16 +0300] "GET / HTTP/1.0" 200 10609 "-" "Mozilla/5.0 (compatible; YandexMetrika/2.0; +http://yandex.com/bots mtmon01i.yandex.ru)"
178.154.224.71 - - [14/May/2017:03:06:38 +0300] "GET / HTTP/1.0" 200 10609 "-" "Mozilla/5.0 (compatible; YandexMetrika/2.0; +http://yandex.com/bots mtmon01f.yandex.ru)"
95.108.129.196 - - [14/May/2017:03:19:35 +0300] "GET / HTTP/1.0" 200 10609 "-" "Mozilla/5.0 (compatible; YandexMetrika/2.0; +http://yandex.com/bots mtmon01e.yandex.ru)"
37.9.118.28 - - [14/May/2017:03:22:32 +0300] "GET / HTTP/1.0" 200 10609 "-" "Mozilla/5.0 (compatible; YandexMetrika/2.0; +http://yandex.com/bots mtmon01i.yandex.ru)"
178.154.224.71 - - [14/May/2017:03:26:59 +0300] "GET / HTTP/1.0" 200 10609 "-" "Mozilla/5.0 (compatible; YandexMetrika/2.0; +http://yandex.com/bots mtmon01f.yandex.ru)"
176.9.2.173 - - [14/May/2017:03:34:14 +0300] "GET / HTTP/1.0" 200 10609 "-" "Mozilla/5.0 (X11; Linux x86_64) AppleWebKit/537.36 (KHTML, like Gecko) Chrome/56.0.2924.87 Safari/537.36"
176.9.2.173 - - [14/May/2017:03:34:14 +0300] "GET / HTTP/1.0" 200 10609 "-" "Mozilla/5.0 (X11; Linux x86_64) AppleWebKit/537.36 (KHTML, like Gecko) Chrome/56.0.2924.87 Safari/537.36"
176.9.2.173 - - [14/May/2017:03:35:37 +0300] "GET / HTTP/1.0" 200 10609 "-" "Mozilla/5.0 (X11; Linux x86_64) AppleWebKit/537.36 (KHTML, like Gecko) Chrome/56.0.2924.87 Safari/537.36"
176.9.2.173 - - [14/May/2017:03:35:37 +0300] "GET / HTTP/1.0" 200 10609 "-" "Mozilla/5.0 (X11; Linux x86_64) AppleWebKit/537.36 (KHTML, like Gecko) Chrome/56.0.2924.87 Safari/537.36"
95.108.129.196 - - [14/May/2017:03:39:09 +0300] "GET / HTTP/1.0" 200 10609 "-" "Mozilla/5.0 (compatible; YandexMetrika/2.0; +http://yandex.com/bots mtmon01e.yandex.ru)"
37.9.118.28 - - [14/May/2017:03:42:40 +0300] "GET / HTTP/1.0" 200 10609 "-" "Mozilla/5.0 (compatible; YandexMetrika/2.0; +http://yandex.com/bots mtmon01i.yandex.ru)"
78.46.42.235 - - [14/May/2017:03:43:40 +0300] "HEAD / HTTP/1.0" 200 - "-" "Mozilla/5.0 (Windows NT 6.1) AppleWebKit/537.36 (KHTML, like Gecko) Chrome/41.0.2228.0 Safari/537.36Mozilla/5.0 (Macintosh; Intel Mac OS X 10.8; rv:24.0) Gecko/20100101 Firefox/24.0"
178.154.224.71 - - [14/May/2017:03:47:39 +0300] "GET / HTTP/1.0" 200 10609 "-" "Mozilla/5.0 (compatible; YandexMetrika/2.0; +http://yandex.com/bots mtmon01f.yandex.ru)"
95.108.129.196 - - [14/May/2017:03:58:52 +0300] "GET / HTTP/1.0" 200 10609 "-" "Mozilla/5.0 (compatible; YandexMetrika/2.0; +http://yandex.com/bots mtmon01e.yandex.ru)"
37.9.118.28 - - [14/May/2017:04:02:16 +0300] "GET / HTTP/1.0" 200 10609 "-" "Mozilla/5.0 (compatible; YandexMetrika/2.0; +http://yandex.com/bots mtmon01i.yandex.ru)"
178.154.224.71 - - [14/May/2017:04:07:21 +0300] "GET / HTTP/1.0" 200 10609 "-" "Mozilla/5.0 (compatible; YandexMetrika/2.0; +http://yandex.com/bots mtmon01f.yandex.ru)"
95.108.129.196 - - [14/May/2017:04:18:25 +0300] "GET / HTTP/1.0" 200 10609 "-" "Mozilla/5.0 (compatible; YandexMetrika/2.0; +http://yandex.com/bots mtmon01e.yandex.ru)"
37.9.118.28 - - [14/May/2017:04:22:15 +0300] "GET / HTTP/1.0" 200 10609 "-" "Mozilla/5.0 (compatible; YandexMetrika/2.0; +http://yandex.com/bots mtmon01i.yandex.ru)"
178.154.224.71 - - [14/May/2017:04:28:17 +0300] "GET / HTTP/1.0" 200 10609 "-" "Mozilla/5.0 (compatible; YandexMetrika/2.0; +http://yandex.com/bots mtmon01f.yandex.ru)"
176.9.2.173 - - [14/May/2017:04:34:25 +0300] "GET / HTTP/1.0" 200 10609 "-" "Mozilla/5.0 (X11; Linux x86_64) AppleWebKit/537.36 (KHTML, like Gecko) Chrome/56.0.2924.87 Safari/537.36"
176.9.2.173 - - [14/May/2017:04:34:25 +0300] "GET / HTTP/1.0" 200 10609 "-" "Mozilla/5.0 (X11; Linux x86_64) AppleWebKit/537.36 (KHTML, like Gecko) Chrome/56.0.2924.87 Safari/537.36"
176.9.2.173 - - [14/May/2017:04:35:44 +0300] "GET / HTTP/1.0" 200 10609 "-" "Mozilla/5.0 (X11; Linux x86_64) AppleWebKit/537.36 (KHTML, like Gecko) Chrome/56.0.2924.87 Safari/537.36"
95.108.129.196 - - [14/May/2017:04:37:28 +0300] "GET / HTTP/1.0" 200 10609 "-" "Mozilla/5.0 (compatible; YandexMetrika/2.0; +http://yandex.com/bots mtmon01e.yandex.ru)"
37.9.118.28 - - [14/May/2017:04:44:07 +0300] "GET / HTTP/1.0" 200 10609 "-" "Mozilla/5.0 (compatible; YandexMetrika/2.0; +http://yandex.com/bots mtmon01i.yandex.ru)"
178.154.224.71 - - [14/May/2017:04:47:35 +0300] "GET / HTTP/1.0" 200 10609 "-" "Mozilla/5.0 (compatible; YandexMetrika/2.0; +http://yandex.com/bots mtmon01f.yandex.ru)"
95.108.129.196 - - [14/May/2017:04:57:00 +0300] "GET / HTTP/1.0" 200 10609 "-" "Mozilla/5.0 (compatible; YandexMetrika/2.0; +http://yandex.com/bots mtmon01e.yandex.ru)"
37.9.118.28 - - [14/May/2017:05:04:56 +0300] "GET / HTTP/1.0" 200 10609 "-" "Mozilla/5.0 (compatible; YandexMetrika/2.0; +http://yandex.com/bots mtmon01i.yandex.ru)"
178.154.224.71 - - [14/May/2017:05:10:12 +0300] "GET / HTTP/1.0" 200 10609 "-" "Mozilla/5.0 (compatible; YandexMetrika/2.0; +http://yandex.com/bots mtmon01f.yandex.ru)"
95.108.129.196 - - [14/May/2017:05:15:56 +0300] "GET / HTTP/1.0" 200 10609 "-" "Mozilla/5.0 (compatible; YandexMetrika/2.0; +http://yandex.com/bots mtmon01e.yandex.ru)"
37.9.118.28 - - [14/May/2017:05:24:40 +0300] "GET / HTTP/1.0" 200 10609 "-" "Mozilla/5.0 (compatible; YandexMetrika/2.0; +http://yandex.com/bots mtmon01i.yandex.ru)"
178.154.224.71 - - [14/May/2017:05:30:06 +0300] "GET / HTTP/1.0" 200 10609 "-" "Mozilla/5.0 (compatible; YandexMetrika/2.0; +http://yandex.com/bots mtmon01f.yandex.ru)"
66.249.64.78 - - [14/May/2017:05:31:26 +0300] "GET /robots.txt HTTP/1.0" 404 286 "-" "Mozilla/5.0 (compatible; Googlebot/2.1; +http://www.google.com/bot.html)"
66.249.64.84 - - [14/May/2017:05:31:27 +0300] "GET / HTTP/1.0" 200 10609 "-" "Mozilla/5.0 (compatible; Googlebot/2.1; +http://www.google.com/bot.html)"
66.249.64.84 - - [14/May/2017:05:31:29 +0300] "GET /templates/style/javascript/common.js HTTP/1.1" 200 1131 "http://bitfaucet.ru/" "Mozilla/5.0 (compatible; Googlebot/2.1; +http://www.google.com/bot.html)"
66.249.64.83 - - [14/May/2017:05:31:29 +0300] "GET /templates/style/javascript/analytic.js HTTP/1.1" 200 388 "http://bitfaucet.ru/" "Mozilla/5.0 (compatible; Googlebot/2.1; +http://www.google.com/bot.html)"
66.249.64.83 - - [14/May/2017:05:31:30 +0300] "GET /templates/style/css/style.css HTTP/1.1" 200 117 "http://bitfaucet.ru/" "Mozilla/5.0 (compatible; Googlebot/2.1; +http://www.google.com/bot.html)"
176.9.2.173 - - [14/May/2017:05:34:37 +0300] "GET / HTTP/1.0" 200 10609 "-" "Mozilla/5.0 (X11; Linux x86_64) AppleWebKit/537.36 (KHTML, like Gecko) Chrome/56.0.2924.87 Safari/537.36"
176.9.2.173 - - [14/May/2017:05:34:37 +0300] "GET / HTTP/1.0" 200 10609 "-" "Mozilla/5.0 (X11; Linux x86_64) AppleWebKit/537.36 (KHTML, like Gecko) Chrome/56.0.2924.87 Safari/537.36"
95.108.129.196 - - [14/May/2017:05:34:45 +0300] "GET / HTTP/1.0" 200 10609 "-" "Mozilla/5.0 (compatible; YandexMetrika/2.0; +http://yandex.com/bots mtmon01e.yandex.ru)"
176.9.2.173 - - [14/May/2017:05:35:58 +0300] "GET / HTTP/1.0" 200 10609 "-" "Mozilla/5.0 (X11; Linux x86_64) AppleWebKit/537.36 (KHTML, like Gecko) Chrome/56.0.2924.87 Safari/537.36"
37.9.118.28 - - [14/May/2017:05:44:38 +0300] "GET / HTTP/1.0" 200 10609 "-" "Mozilla/5.0 (compatible; YandexMetrika/2.0; +http://yandex.com/bots mtmon01i.yandex.ru)"
217.69.133.169 - - [14/May/2017:05:47:26 +0300] "GET / HTTP/1.0" 200 10609 "-" "Mozilla/5.0 (X11; Linux x86_64; rv:18.0) Gecko/20100101 Firefox/18.0"
217.69.133.169 - - [14/May/2017:05:47:27 +0300] "GET /favicon.ico HTTP/1.0" 404 287 "-" "Mozilla/5.0 (X11; Linux x86_64; rv:18.0) Gecko/20100101 Firefox/18.0"
217.69.133.169 - - [14/May/2017:05:47:27 +0300] "GET /favicon.png HTTP/1.0" 404 287 "-" "Mozilla/5.0 (X11; Linux x86_64; rv:18.0) Gecko/20100101 Firefox/18.0"
178.154.224.71 - - [14/May/2017:05:50:53 +0300] "GET / HTTP/1.0" 200 10609 "-" "Mozilla/5.0 (compatible; YandexMetrika/2.0; +http://yandex.com/bots mtmon01f.yandex.ru)"
95.108.129.196 - - [14/May/2017:05:53:39 +0300] "GET / HTTP/1.0" 200 10609 "-" "Mozilla/5.0 (compatible; YandexMetrika/2.0; +http://yandex.com/bots mtmon01e.yandex.ru)"
37.9.118.28 - - [14/May/2017:06:04:40 +0300] "GET / HTTP/1.0" 200 10609 "-" "Mozilla/5.0 (compatible; YandexMetrika/2.0; +http://yandex.com/bots mtmon01i.yandex.ru)"
178.154.224.71 - - [14/May/2017:06:11:05 +0300] "GET / HTTP/1.0" 200 10609 "-" "Mozilla/5.0 (compatible; YandexMetrika/2.0; +http://yandex.com/bots mtmon01f.yandex.ru)"
95.108.129.196 - - [14/May/2017:06:13:22 +0300] "GET / HTTP/1.0" 200 10609 "-" "Mozilla/5.0 (compatible; YandexMetrika/2.0; +http://yandex.com/bots mtmon01e.yandex.ru)"
37.9.118.28 - - [14/May/2017:06:24:01 +0300] "GET / HTTP/1.0" 200 10609 "-" "Mozilla/5.0 (compatible; YandexMetrika/2.0; +http://yandex.com/bots mtmon01i.yandex.ru)"
178.154.224.71 - - [14/May/2017:06:32:11 +0300] "GET / HTTP/1.0" 200 10609 "-" "Mozilla/5.0 (compatible; YandexMetrika/2.0; +http://yandex.com/bots mtmon01f.yandex.ru)"
95.108.129.196 - - [14/May/2017:06:33:18 +0300] "GET / HTTP/1.0" 200 10609 "-" "Mozilla/5.0 (compatible; YandexMetrika/2.0; +http://yandex.com/bots mtmon01e.yandex.ru)"
176.9.2.173 - - [14/May/2017:06:34:53 +0300] "GET / HTTP/1.0" 200 10609 "-" "Mozilla/5.0 (X11; Linux x86_64) AppleWebKit/537.36 (KHTML, like Gecko) Chrome/56.0.2924.87 Safari/537.36"
176.9.2.173 - - [14/May/2017:06:34:53 +0300] "GET / HTTP/1.0" 200 10609 "-" "Mozilla/5.0 (X11; Linux x86_64) AppleWebKit/537.36 (KHTML, like Gecko) Chrome/56.0.2924.87 Safari/537.36"
79.137.85.189 - - [14/May/2017:06:36:06 +0300] "GET / HTTP/1.0" 200 10609 "http://anonymizeme.pro/go/hide.cgi?sg8j8b6vc2fd1g4u7h4b12f5q5y2c12n1l4f5s5i1g1fd5s2x2ds5f5h2j5f4s44d" "Mozilla/5.0 (Macintosh; Intel Mac OS X 10.6; rv:48.0) Gecko/20100101 Firefox/48.0"
176.9.2.173 - - [14/May/2017:06:36:10 +0300] "GET / HTTP/1.0" 200 10609 "-" "Mozilla/5.0 (X11; Linux x86_64) AppleWebKit/537.36 (KHTML, like Gecko) Chrome/56.0.2924.87 Safari/537.36"
176.9.2.173 - - [14/May/2017:06:36:10 +0300] "GET / HTTP/1.0" 200 10609 "-" "Mozilla/5.0 (X11; Linux x86_64) AppleWebKit/537.36 (KHTML, like Gecko) Chrome/56.0.2924.87 Safari/537.36"
37.9.118.28 - - [14/May/2017:06:44:07 +0300] "GET / HTTP/1.0" 200 10609 "-" "Mozilla/5.0 (compatible; YandexMetrika/2.0; +http://yandex.com/bots mtmon01i.yandex.ru)"
178.154.224.71 - - [14/May/2017:06:52:27 +0300] "GET / HTTP/1.0" 200 10609 "-" "Mozilla/5.0 (compatible; YandexMetrika/2.0; +http://yandex.com/bots mtmon01f.yandex.ru)"
95.108.129.196 - - [14/May/2017:06:53:17 +0300] "GET / HTTP/1.0" 200 10609 "-" "Mozilla/5.0 (compatible; YandexMetrika/2.0; +http://yandex.com/bots mtmon01e.yandex.ru)"
37.9.118.28 - - [14/May/2017:07:03:48 +0300] "GET / HTTP/1.0" 200 10609 "-" "Mozilla/5.0 (compatible; YandexMetrika/2.0; +http://yandex.com/bots mtmon01i.yandex.ru)"
178.154.224.71 - - [14/May/2017:07:12:21 +0300] "GET / HTTP/1.0" 200 10609 "-" "Mozilla/5.0 (compatible; YandexMetrika/2.0; +http://yandex.com/bots mtmon01f.yandex.ru)"
95.108.129.196 - - [14/May/2017:07:13:02 +0300] "GET / HTTP/1.0" 200 10609 "-" "Mozilla/5.0 (compatible; YandexMetrika/2.0; +http://yandex.com/bots mtmon01e.yandex.ru)"
37.9.118.28 - - [14/May/2017:07:24:45 +0300] "GET / HTTP/1.0" 200 10609 "-" "Mozilla/5.0 (compatible; YandexMetrika/2.0; +http://yandex.com/bots mtmon01i.yandex.ru)"
178.154.224.71 - - [14/May/2017:07:31:06 +0300] "GET / HTTP/1.0" 200 10609 "-" "Mozilla/5.0 (compatible; YandexMetrika/2.0; +http://yandex.com/bots mtmon01f.yandex.ru)"
95.108.129.196 - - [14/May/2017:07:32:35 +0300] "GET / HTTP/1.0" 200 10609 "-" "Mozilla/5.0 (compatible; YandexMetrika/2.0; +http://yandex.com/bots mtmon01e.yandex.ru)"
176.9.2.173 - - [14/May/2017:07:35:07 +0300] "GET / HTTP/1.0" 200 10609 "-" "Mozilla/5.0 (X11; Linux x86_64) AppleWebKit/537.36 (KHTML, like Gecko) Chrome/56.0.2924.87 Safari/537.36"
176.9.2.173 - - [14/May/2017:07:35:07 +0300] "GET / HTTP/1.0" 200 10609 "-" "Mozilla/5.0 (X11; Linux x86_64) AppleWebKit/537.36 (KHTML, like Gecko) Chrome/56.0.2924.87 Safari/537.36"
176.9.2.173 - - [14/May/2017:07:36:26 +0300] "GET / HTTP/1.0" 200 10609 "-" "Mozilla/5.0 (X11; Linux x86_64) AppleWebKit/537.36 (KHTML, like Gecko) Chrome/56.0.2924.87 Safari/537.36"
37.9.118.28 - - [14/May/2017:07:45:14 +0300] "GET / HTTP/1.0" 200 10609 "-" "Mozilla/5.0 (compatible; YandexMetrika/2.0; +http://yandex.com/bots mtmon01i.yandex.ru)"
178.154.224.71 - - [14/May/2017:07:51:04 +0300] "GET / HTTP/1.0" 200 10609 "-" "Mozilla/5.0 (compatible; YandexMetrika/2.0; +http://yandex.com/bots mtmon01f.yandex.ru)"
95.108.129.196 - - [14/May/2017:07:52:20 +0300] "GET / HTTP/1.0" 200 10609 "-" "Mozilla/5.0 (compatible; YandexMetrika/2.0; +http://yandex.com/bots mtmon01e.yandex.ru)"
37.9.118.28 - - [14/May/2017:08:04:39 +0300] "GET / HTTP/1.0" 200 10609 "-" "Mozilla/5.0 (compatible; YandexMetrika/2.0; +http://yandex.com/bots mtmon01i.yandex.ru)"
95.108.129.196 - - [14/May/2017:08:11:52 +0300] "GET / HTTP/1.0" 200 10609 "-" "Mozilla/5.0 (compatible; YandexMetrika/2.0; +http://yandex.com/bots mtmon01e.yandex.ru)"
178.154.224.71 - - [14/May/2017:08:12:31 +0300] "GET / HTTP/1.0" 200 10609 "-" "Mozilla/5.0 (compatible; YandexMetrika/2.0; +http://yandex.com/bots mtmon01f.yandex.ru)"
37.9.118.28 - - [14/May/2017:08:24:09 +0300] "GET / HTTP/1.0" 200 10609 "-" "Mozilla/5.0 (compatible; YandexMetrika/2.0; +http://yandex.com/bots mtmon01i.yandex.ru)"
95.108.129.196 - - [14/May/2017:08:30:44 +0300] "GET / HTTP/1.0" 200 10609 "-" "Mozilla/5.0 (compatible; YandexMetrika/2.0; +http://yandex.com/bots mtmon01e.yandex.ru)"
178.154.224.71 - - [14/May/2017:08:32:38 +0300] "GET / HTTP/1.0" 200 10609 "-" "Mozilla/5.0 (compatible; YandexMetrika/2.0; +http://yandex.com/bots mtmon01f.yandex.ru)"
176.9.2.173 - - [14/May/2017:08:35:30 +0300] "GET / HTTP/1.0" 503 401 "-" "Mozilla/5.0 (X11; Linux x86_64) AppleWebKit/537.36 (KHTML, like Gecko) Chrome/56.0.2924.87 Safari/537.36"
176.9.2.173 - - [14/May/2017:08:35:30 +0300] "GET / HTTP/1.0" 200 10609 "-" "Mozilla/5.0 (X11; Linux x86_64) AppleWebKit/537.36 (KHTML, like Gecko) Chrome/56.0.2924.87 Safari/537.36"
176.9.2.173 - - [14/May/2017:08:35:30 +0300] "GET / HTTP/1.0" 200 10609 "-" "Mozilla/5.0 (X11; Linux x86_64) AppleWebKit/537.36 (KHTML, like Gecko) Chrome/56.0.2924.87 Safari/537.36"
176.9.2.173 - - [14/May/2017:08:35:30 +0300] "GET / HTTP/1.0" 200 10609 "-" "Mozilla/5.0 (X11; Linux x86_64) AppleWebKit/537.36 (KHTML, like Gecko) Chrome/56.0.2924.87 Safari/537.36"
176.9.2.173 - - [14/May/2017:08:36:46 +0300] "GET / HTTP/1.0" 200 10609 "-" "Mozilla/5.0 (X11; Linux x86_64) AppleWebKit/537.36 (KHTML, like Gecko) Chrome/56.0.2924.87 Safari/537.36"
37.9.118.28 - - [14/May/2017:08:43:27 +0300] "GET / HTTP/1.0" 200 10609 "-" "Mozilla/5.0 (compatible; YandexMetrika/2.0; +http://yandex.com/bots mtmon01i.yandex.ru)"
95.108.129.196 - - [14/May/2017:08:50:45 +0300] "GET / HTTP/1.0" 200 10609 "-" "Mozilla/5.0 (compatible; YandexMetrika/2.0; +http://yandex.com/bots mtmon01e.yandex.ru)"
178.154.224.71 - - [14/May/2017:08:52:11 +0300] "GET / HTTP/1.0" 200 10609 "-" "Mozilla/5.0 (compatible; YandexMetrika/2.0; +http://yandex.com/bots mtmon01f.yandex.ru)"
37.9.118.28 - - [14/May/2017:09:02:59 +0300] "GET / HTTP/1.0" 200 10609 "-" "Mozilla/5.0 (compatible; YandexMetrika/2.0; +http://yandex.com/bots mtmon01i.yandex.ru)"
95.108.129.196 - - [14/May/2017:09:10:09 +0300] "GET / HTTP/1.0" 200 10609 "-" "Mozilla/5.0 (compatible; YandexMetrika/2.0; +http://yandex.com/bots mtmon01e.yandex.ru)"
178.154.224.71 - - [14/May/2017:09:12:30 +0300] "GET / HTTP/1.0" 200 10609 "-" "Mozilla/5.0 (compatible; YandexMetrika/2.0; +http://yandex.com/bots mtmon01f.yandex.ru)"
37.9.118.28 - - [14/May/2017:09:22:52 +0300] "GET / HTTP/1.0" 200 10609 "-" "Mozilla/5.0 (compatible; YandexMetrika/2.0; +http://yandex.com/bots mtmon01i.yandex.ru)"
95.108.129.196 - - [14/May/2017:09:29:40 +0300] "GET / HTTP/1.0" 200 10609 "-" "Mozilla/5.0 (compatible; YandexMetrika/2.0; +http://yandex.com/bots mtmon01e.yandex.ru)"
178.154.224.71 - - [14/May/2017:09:32:42 +0300] "GET / HTTP/1.0" 200 10609 "-" "Mozilla/5.0 (compatible; YandexMetrika/2.0; +http://yandex.com/bots mtmon01f.yandex.ru)"
176.9.2.173 - - [14/May/2017:09:35:49 +0300] "GET / HTTP/1.0" 200 10609 "-" "Mozilla/5.0 (X11; Linux x86_64) AppleWebKit/537.36 (KHTML, like Gecko) Chrome/56.0.2924.87 Safari/537.36"
176.9.2.173 - - [14/May/2017:09:35:49 +0300] "GET / HTTP/1.0" 200 10609 "-" "Mozilla/5.0 (X11; Linux x86_64) AppleWebKit/537.36 (KHTML, like Gecko) Chrome/56.0.2924.87 Safari/537.36"
176.9.2.173 - - [14/May/2017:09:35:51 +0300] "GET / HTTP/1.0" 200 10609 "-" "Mozilla/5.0 (X11; Linux x86_64) AppleWebKit/537.36 (KHTML, like Gecko) Chrome/56.0.2924.87 Safari/537.36"
176.9.2.173 - - [14/May/2017:09:35:51 +0300] "GET / HTTP/1.0" 200 10609 "-" "Mozilla/5.0 (X11; Linux x86_64) AppleWebKit/537.36 (KHTML, like Gecko) Chrome/56.0.2924.87 Safari/537.36"
176.9.2.173 - - [14/May/2017:09:37:07 +0300] "GET / HTTP/1.0" 200 10609 "-" "Mozilla/5.0 (X11; Linux x86_64) AppleWebKit/537.36 (KHTML, like Gecko) Chrome/56.0.2924.87 Safari/537.36"
37.9.118.28 - - [14/May/2017:09:42:41 +0300] "GET / HTTP/1.0" 200 10609 "-" "Mozilla/5.0 (compatible; YandexMetrika/2.0; +http://yandex.com/bots mtmon01i.yandex.ru)"
95.108.129.196 - - [14/May/2017:09:48:41 +0300] "GET / HTTP/1.0" 200 10609 "-" "Mozilla/5.0 (compatible; YandexMetrika/2.0; +http://yandex.com/bots mtmon01e.yandex.ru)"
178.154.224.71 - - [14/May/2017:09:53:21 +0300] "GET / HTTP/1.0" 200 10609 "-" "Mozilla/5.0 (compatible; YandexMetrika/2.0; +http://yandex.com/bots mtmon01f.yandex.ru)"
37.9.118.28 - - [14/May/2017:10:03:52 +0300] "GET / HTTP/1.0" 200 10609 "-" "Mozilla/5.0 (compatible; YandexMetrika/2.0; +http://yandex.com/bots mtmon01i.yandex.ru)"
95.108.129.196 - - [14/May/2017:10:07:56 +0300] "GET / HTTP/1.0" 200 10609 "-" "Mozilla/5.0 (compatible; YandexMetrika/2.0; +http://yandex.com/bots mtmon01e.yandex.ru)"
178.154.224.71 - - [14/May/2017:10:12:35 +0300] "GET / HTTP/1.0" 200 10609 "-" "Mozilla/5.0 (compatible; YandexMetrika/2.0; +http://yandex.com/bots mtmon01f.yandex.ru)"
37.9.118.28 - - [14/May/2017:10:23:34 +0300] "GET / HTTP/1.0" 200 10609 "-" "Mozilla/5.0 (compatible; YandexMetrika/2.0; +http://yandex.com/bots mtmon01i.yandex.ru)"
95.108.129.196 - - [14/May/2017:10:27:52 +0300] "GET / HTTP/1.0" 200 10609 "-" "Mozilla/5.0 (compatible; YandexMetrika/2.0; +http://yandex.com/bots mtmon01e.yandex.ru)"
178.154.224.71 - - [14/May/2017:10:32:04 +0300] "GET / HTTP/1.0" 200 10609 "-" "Mozilla/5.0 (compatible; YandexMetrika/2.0; +http://yandex.com/bots mtmon01f.yandex.ru)"
176.9.2.173 - - [14/May/2017:10:36:05 +0300] "GET / HTTP/1.0" 200 10609 "-" "Mozilla/5.0 (X11; Linux x86_64) AppleWebKit/537.36 (KHTML, like Gecko) Chrome/56.0.2924.87 Safari/537.36"
176.9.2.173 - - [14/May/2017:10:36:05 +0300] "GET / HTTP/1.0" 200 10609 "-" "Mozilla/5.0 (X11; Linux x86_64) AppleWebKit/537.36 (KHTML, like Gecko) Chrome/56.0.2924.87 Safari/537.36"
176.9.2.173 - - [14/May/2017:10:36:06 +0300] "GET / HTTP/1.0" 200 10609 "-" "Mozilla/5.0 (X11; Linux x86_64) AppleWebKit/537.36 (KHTML, like Gecko) Chrome/56.0.2924.87 Safari/537.36"
176.9.2.173 - - [14/May/2017:10:36:06 +0300] "GET / HTTP/1.0" 200 10609 "-" "Mozilla/5.0 (X11; Linux x86_64) AppleWebKit/537.36 (KHTML, like Gecko) Chrome/56.0.2924.87 Safari/537.36"
176.9.2.173 - - [14/May/2017:10:37:21 +0300] "GET / HTTP/1.0" 200 10609 "-" "Mozilla/5.0 (X11; Linux x86_64) AppleWebKit/537.36 (KHTML, like Gecko) Chrome/56.0.2924.87 Safari/537.36"
37.9.118.28 - - [14/May/2017:10:43:16 +0300] "GET / HTTP/1.0" 200 10609 "-" "Mozilla/5.0 (compatible; YandexMetrika/2.0; +http://yandex.com/bots mtmon01i.yandex.ru)"
95.108.129.196 - - [14/May/2017:10:48:06 +0300] "GET / HTTP/1.0" 200 10609 "-" "Mozilla/5.0 (compatible; YandexMetrika/2.0; +http://yandex.com/bots mtmon01e.yandex.ru)"
178.154.224.71 - - [14/May/2017:10:52:44 +0300] "GET / HTTP/1.0" 200 10609 "-" "Mozilla/5.0 (compatible; YandexMetrika/2.0; +http://yandex.com/bots mtmon01f.yandex.ru)"
37.9.118.28 - - [14/May/2017:11:03:29 +0300] "GET / HTTP/1.0" 200 10609 "-" "Mozilla/5.0 (compatible; YandexMetrika/2.0; +http://yandex.com/bots mtmon01i.yandex.ru)"
95.108.129.196 - - [14/May/2017:11:08:39 +0300] "GET / HTTP/1.0" 200 10609 "-" "Mozilla/5.0 (compatible; YandexMetrika/2.0; +http://yandex.com/bots mtmon01e.yandex.ru)"
178.154.224.71 - - [14/May/2017:11:12:17 +0300] "GET / HTTP/1.0" 200 10609 "-" "Mozilla/5.0 (compatible; YandexMetrika/2.0; +http://yandex.com/bots mtmon01f.yandex.ru)"
37.9.118.28 - - [14/May/2017:11:23:16 +0300] "GET / HTTP/1.0" 200 10609 "-" "Mozilla/5.0 (compatible; YandexMetrika/2.0; +http://yandex.com/bots mtmon01i.yandex.ru)"
95.108.129.196 - - [14/May/2017:11:29:40 +0300] "GET / HTTP/1.0" 200 10609 "-" "Mozilla/5.0 (compatible; YandexMetrika/2.0; +http://yandex.com/bots mtmon01e.yandex.ru)"
178.154.224.71 - - [14/May/2017:11:31:58 +0300] "GET / HTTP/1.0" 200 10609 "-" "Mozilla/5.0 (compatible; YandexMetrika/2.0; +http://yandex.com/bots mtmon01f.yandex.ru)"
176.9.2.173 - - [14/May/2017:11:36:23 +0300] "GET / HTTP/1.0" 200 10609 "-" "Mozilla/5.0 (X11; Linux x86_64) AppleWebKit/537.36 (KHTML, like Gecko) Chrome/56.0.2924.87 Safari/537.36"
176.9.2.173 - - [14/May/2017:11:36:23 +0300] "GET / HTTP/1.0" 200 10609 "-" "Mozilla/5.0 (X11; Linux x86_64) AppleWebKit/537.36 (KHTML, like Gecko) Chrome/56.0.2924.87 Safari/537.36"
176.9.2.173 - - [14/May/2017:11:36:23 +0300] "GET / HTTP/1.0" 200 10609 "-" "Mozilla/5.0 (X11; Linux x86_64) AppleWebKit/537.36 (KHTML, like Gecko) Chrome/56.0.2924.87 Safari/537.36"
176.9.2.173 - - [14/May/2017:11:36:23 +0300] "GET / HTTP/1.0" 200 10609 "-" "Mozilla/5.0 (X11; Linux x86_64) AppleWebKit/537.36 (KHTML, like Gecko) Chrome/56.0.2924.87 Safari/537.36"
176.9.2.173 - - [14/May/2017:11:37:26 +0300] "GET / HTTP/1.0" 200 10609 "-" "Mozilla/5.0 (X11; Linux x86_64) AppleWebKit/537.36 (KHTML, like Gecko) Chrome/56.0.2924.87 Safari/537.36"
176.9.2.173 - - [14/May/2017:11:37:27 +0300] "GET / HTTP/1.0" 200 10609 "-" "Mozilla/5.0 (X11; Linux x86_64) AppleWebKit/537.36 (KHTML, like Gecko) Chrome/56.0.2924.87 Safari/537.36"
37.9.118.28 - - [14/May/2017:11:42:46 +0300] "GET / HTTP/1.0" 200 10609 "-" "Mozilla/5.0 (compatible; YandexMetrika/2.0; +http://yandex.com/bots mtmon01i.yandex.ru)"
95.108.129.196 - - [14/May/2017:11:49:09 +0300] "GET / HTTP/1.0" 200 10609 "-" "Mozilla/5.0 (compatible; YandexMetrika/2.0; +http://yandex.com/bots mtmon01e.yandex.ru)"
178.154.224.71 - - [14/May/2017:11:51:48 +0300] "GET / HTTP/1.0" 200 10609 "-" "Mozilla/5.0 (compatible; YandexMetrika/2.0; +http://yandex.com/bots mtmon01f.yandex.ru)"
37.9.118.28 - - [14/May/2017:12:02:21 +0300] "GET / HTTP/1.0" 200 10609 "-" "Mozilla/5.0 (compatible; YandexMetrika/2.0; +http://yandex.com/bots mtmon01i.yandex.ru)"
66.102.9.39 - - [14/May/2017:12:03:18 +0300] "GET / HTTP/1.0" 200 10609 "-" "Mozilla/5.0 (X11; Linux x86_64) AppleWebKit/537.36 (KHTML, like Gecko) Chrome/49.0.2623.75 Safari/537.36 Google Favicon"
66.102.9.43 - - [14/May/2017:12:03:18 +0300] "GET /favicon.ico HTTP/1.0" 404 287 "-" "Mozilla/5.0 (X11; Linux x86_64) AppleWebKit/537.36 (KHTML, like Gecko) Chrome/49.0.2623.75 Safari/537.36 Google Favicon"
95.108.129.196 - - [14/May/2017:12:08:46 +0300] "GET / HTTP/1.0" 200 10609 "-" "Mozilla/5.0 (compatible; YandexMetrika/2.0; +http://yandex.com/bots mtmon01e.yandex.ru)"
178.154.224.71 - - [14/May/2017:12:10:44 +0300] "GET / HTTP/1.0" 200 10609 "-" "Mozilla/5.0 (compatible; YandexMetrika/2.0; +http://yandex.com/bots mtmon01f.yandex.ru)"
37.9.118.28 - - [14/May/2017:12:22:13 +0300] "GET / HTTP/1.0" 200 10609 "-" "Mozilla/5.0 (compatible; YandexMetrika/2.0; +http://yandex.com/bots mtmon01i.yandex.ru)"
95.108.129.196 - - [14/May/2017:12:28:09 +0300] "GET / HTTP/1.0" 200 10609 "-" "Mozilla/5.0 (compatible; YandexMetrika/2.0; +http://yandex.com/bots mtmon01e.yandex.ru)"
178.154.224.71 - - [14/May/2017:12:31:13 +0300] "GET / HTTP/1.0" 200 10609 "-" "Mozilla/5.0 (compatible; YandexMetrika/2.0; +http://yandex.com/bots mtmon01f.yandex.ru)"
176.9.2.173 - - [14/May/2017:12:36:42 +0300] "GET / HTTP/1.0" 200 10609 "-" "Mozilla/5.0 (X11; Linux x86_64) AppleWebKit/537.36 (KHTML, like Gecko) Chrome/56.0.2924.87 Safari/537.36"
176.9.2.173 - - [14/May/2017:12:36:42 +0300] "GET / HTTP/1.0" 200 10609 "-" "Mozilla/5.0 (X11; Linux x86_64) AppleWebKit/537.36 (KHTML, like Gecko) Chrome/56.0.2924.87 Safari/537.36"
176.9.2.173 - - [14/May/2017:12:37:45 +0300] "GET / HTTP/1.0" 200 10609 "-" "Mozilla/5.0 (X11; Linux x86_64) AppleWebKit/537.36 (KHTML, like Gecko) Chrome/56.0.2924.87 Safari/537.36"
37.9.118.28 - - [14/May/2017:12:41:32 +0300] "GET / HTTP/1.0" 200 10609 "-" "Mozilla/5.0 (compatible; YandexMetrika/2.0; +http://yandex.com/bots mtmon01i.yandex.ru)"
95.108.129.196 - - [14/May/2017:12:47:13 +0300] "GET / HTTP/1.0" 200 10609 "-" "Mozilla/5.0 (compatible; YandexMetrika/2.0; +http://yandex.com/bots mtmon01e.yandex.ru)"
118.89.113.57 - - [14/May/2017:12:50:03 +0300] "GET / HTTP/1.0" 200 10609 "-" "Mozilla/5.0 (Windows NT 6.1; WOW64; rv:33.0) Gecko/20100101 Firefox/33.0"
178.154.224.71 - - [14/May/2017:12:51:08 +0300] "GET / HTTP/1.0" 200 10609 "-" "Mozilla/5.0 (compatible; YandexMetrika/2.0; +http://yandex.com/bots mtmon01f.yandex.ru)"
37.9.118.28 - - [14/May/2017:13:00:12 +0300] "GET / HTTP/1.0" 200 10609 "-" "Mozilla/5.0 (compatible; YandexMetrika/2.0; +http://yandex.com/bots mtmon01i.yandex.ru)"
95.108.129.196 - - [14/May/2017:13:07:31 +0300] "GET / HTTP/1.0" 200 10609 "-" "Mozilla/5.0 (compatible; YandexMetrika/2.0; +http://yandex.com/bots mtmon01e.yandex.ru)"
178.154.224.71 - - [14/May/2017:13:10:45 +0300] "GET / HTTP/1.0" 200 10609 "-" "Mozilla/5.0 (compatible; YandexMetrika/2.0; +http://yandex.com/bots mtmon01f.yandex.ru)"
37.9.118.28 - - [14/May/2017:13:19:43 +0300] "GET / HTTP/1.0" 200 10609 "-" "Mozilla/5.0 (compatible; YandexMetrika/2.0; +http://yandex.com/bots mtmon01i.yandex.ru)"
95.108.129.196 - - [14/May/2017:13:27:15 +0300] "GET / HTTP/1.0" 200 10609 "-" "Mozilla/5.0 (compatible; YandexMetrika/2.0; +http://yandex.com/bots mtmon01e.yandex.ru)"
178.154.224.71 - - [14/May/2017:13:30:59 +0300] "GET / HTTP/1.0" 200 10609 "-" "Mozilla/5.0 (compatible; YandexMetrika/2.0; +http://yandex.com/bots mtmon01f.yandex.ru)"
176.9.2.173 - - [14/May/2017:13:37:28 +0300] "GET / HTTP/1.0" 200 10609 "-" "Mozilla/5.0 (X11; Linux x86_64) AppleWebKit/537.36 (KHTML, like Gecko) Chrome/56.0.2924.87 Safari/537.36"
176.9.2.173 - - [14/May/2017:13:37:28 +0300] "GET / HTTP/1.0" 200 10609 "-" "Mozilla/5.0 (X11; Linux x86_64) AppleWebKit/537.36 (KHTML, like Gecko) Chrome/56.0.2924.87 Safari/537.36"
176.9.2.173 - - [14/May/2017:13:37:31 +0300] "GET / HTTP/1.0" 200 10609 "-" "Mozilla/5.0 (X11; Linux x86_64) AppleWebKit/537.36 (KHTML, like Gecko) Chrome/56.0.2924.87 Safari/537.36"
176.9.2.173 - - [14/May/2017:13:37:31 +0300] "GET / HTTP/1.0" 200 10609 "-" "Mozilla/5.0 (X11; Linux x86_64) AppleWebKit/537.36 (KHTML, like Gecko) Chrome/56.0.2924.87 Safari/537.36"
176.9.2.173 - - [14/May/2017:13:37:56 +0300] "GET / HTTP/1.0" 200 10609 "-" "Mozilla/5.0 (X11; Linux x86_64) AppleWebKit/537.36 (KHTML, like Gecko) Chrome/56.0.2924.87 Safari/537.36"
37.9.118.28 - - [14/May/2017:13:38:09 +0300] "GET / HTTP/1.0" 200 10609 "-" "Mozilla/5.0 (compatible; YandexMetrika/2.0; +http://yandex.com/bots mtmon01i.yandex.ru)"
95.108.129.196 - - [14/May/2017:13:46:35 +0300] "GET / HTTP/1.0" 200 10609 "-" "Mozilla/5.0 (compatible; YandexMetrika/2.0; +http://yandex.com/bots mtmon01e.yandex.ru)"
178.154.224.71 - - [14/May/2017:13:50:51 +0300] "GET / HTTP/1.0" 200 10609 "-" "Mozilla/5.0 (compatible; YandexMetrika/2.0; +http://yandex.com/bots mtmon01f.yandex.ru)"
37.9.118.28 - - [14/May/2017:13:57:56 +0300] "GET / HTTP/1.0" 200 10609 "-" "Mozilla/5.0 (compatible; YandexMetrika/2.0; +http://yandex.com/bots mtmon01i.yandex.ru)"
95.108.129.196 - - [14/May/2017:14:05:52 +0300] "GET / HTTP/1.0" 200 10609 "-" "Mozilla/5.0 (compatible; YandexMetrika/2.0; +http://yandex.com/bots mtmon01e.yandex.ru)"
178.154.224.71 - - [14/May/2017:14:09:56 +0300] "GET / HTTP/1.0" 200 10609 "-" "Mozilla/5.0 (compatible; YandexMetrika/2.0; +http://yandex.com/bots mtmon01f.yandex.ru)"
37.9.118.28 - - [14/May/2017:14:18:53 +0300] "GET / HTTP/1.0" 200 10609 "-" "Mozilla/5.0 (compatible; YandexMetrika/2.0; +http://yandex.com/bots mtmon01i.yandex.ru)"
95.108.129.196 - - [14/May/2017:14:24:57 +0300] "GET / HTTP/1.0" 200 10609 "-" "Mozilla/5.0 (compatible; YandexMetrika/2.0; +http://yandex.com/bots mtmon01e.yandex.ru)"
178.154.224.71 - - [14/May/2017:14:29:50 +0300] "GET / HTTP/1.0" 200 10609 "-" "Mozilla/5.0 (compatible; YandexMetrika/2.0; +http://yandex.com/bots mtmon01f.yandex.ru)"
75.182.212.83 - - [14/May/2017:14:34:08 +0300] "GET / HTTP/1.0" 200 10609 "-" "Mozilla/5.0 (Windows NT 6.1; WOW64) AppleWebKit/537.36 (KHTML, like Gecko) Chrome/34.0.1847.131 Safari/537.36"
176.9.2.173 - - [14/May/2017:14:37:34 +0300] "GET / HTTP/1.0" 200 10609 "-" "Mozilla/5.0 (X11; Linux x86_64) AppleWebKit/537.36 (KHTML, like Gecko) Chrome/56.0.2924.87 Safari/537.36"
176.9.2.173 - - [14/May/2017:14:37:34 +0300] "GET / HTTP/1.0" 200 10609 "-" "Mozilla/5.0 (X11; Linux x86_64) AppleWebKit/537.36 (KHTML, like Gecko) Chrome/56.0.2924.87 Safari/537.36"
176.9.2.173 - - [14/May/2017:14:37:35 +0300] "GET / HTTP/1.0" 200 10609 "-" "Mozilla/5.0 (X11; Linux x86_64) AppleWebKit/537.36 (KHTML, like Gecko) Chrome/56.0.2924.87 Safari/537.36"
176.9.2.173 - - [14/May/2017:14:37:35 +0300] "GET / HTTP/1.0" 200 10609 "-" "Mozilla/5.0 (X11; Linux x86_64) AppleWebKit/537.36 (KHTML, like Gecko) Chrome/56.0.2924.87 Safari/537.36"
176.9.2.173 - - [14/May/2017:14:38:04 +0300] "GET / HTTP/1.0" 200 10609 "-" "Mozilla/5.0 (X11; Linux x86_64) AppleWebKit/537.36 (KHTML, like Gecko) Chrome/56.0.2924.87 Safari/537.36"
176.9.2.173 - - [14/May/2017:14:38:06 +0300] "GET / HTTP/1.0" 200 10609 "-" "Mozilla/5.0 (X11; Linux x86_64) AppleWebKit/537.36 (KHTML, like Gecko) Chrome/56.0.2924.87 Safari/537.36"
37.9.118.28 - - [14/May/2017:14:38:40 +0300] "GET / HTTP/1.0" 200 10609 "-" "Mozilla/5.0 (compatible; YandexMetrika/2.0; +http://yandex.com/bots mtmon01i.yandex.ru)"
95.108.129.196 - - [14/May/2017:14:44:33 +0300] "GET / HTTP/1.0" 200 10609 "-" "Mozilla/5.0 (compatible; YandexMetrika/2.0; +http://yandex.com/bots mtmon01e.yandex.ru)"
178.154.224.71 - - [14/May/2017:14:50:41 +0300] "GET / HTTP/1.0" 200 10609 "-" "Mozilla/5.0 (compatible; YandexMetrika/2.0; +http://yandex.com/bots mtmon01f.yandex.ru)"
75.182.212.83 - - [14/May/2017:14:50:53 +0300] "GET / HTTP/1.0" 200 10609 "-" "Mozilla/5.0 (Windows NT 6.1; WOW64) AppleWebKit/537.36 (KHTML, like Gecko) Chrome/34.0.1847.131 Safari/537.36"
37.9.118.28 - - [14/May/2017:14:58:05 +0300] "GET / HTTP/1.0" 200 10609 "-" "Mozilla/5.0 (compatible; YandexMetrika/2.0; +http://yandex.com/bots mtmon01i.yandex.ru)"
95.108.129.196 - - [14/May/2017:15:03:29 +0300] "GET / HTTP/1.0" 200 10609 "-" "Mozilla/5.0 (compatible; YandexMetrika/2.0; +http://yandex.com/bots mtmon01e.yandex.ru)"
178.154.224.71 - - [14/May/2017:15:10:41 +0300] "GET / HTTP/1.0" 200 10609 "-" "Mozilla/5.0 (compatible; YandexMetrika/2.0; +http://yandex.com/bots mtmon01f.yandex.ru)"
37.9.118.28 - - [14/May/2017:15:18:18 +0300] "GET / HTTP/1.0" 200 10609 "-" "Mozilla/5.0 (compatible; YandexMetrika/2.0; +http://yandex.com/bots mtmon01i.yandex.ru)"
95.108.129.196 - - [14/May/2017:15:23:19 +0300] "GET / HTTP/1.0" 200 10609 "-" "Mozilla/5.0 (compatible; YandexMetrika/2.0; +http://yandex.com/bots mtmon01e.yandex.ru)"
178.154.224.71 - - [14/May/2017:15:30:57 +0300] "GET / HTTP/1.0" 200 10609 "-" "Mozilla/5.0 (compatible; YandexMetrika/2.0; +http://yandex.com/bots mtmon01f.yandex.ru)"
176.9.2.173 - - [14/May/2017:15:37:54 +0300] "GET / HTTP/1.0" 200 10609 "-" "Mozilla/5.0 (X11; Linux x86_64) AppleWebKit/537.36 (KHTML, like Gecko) Chrome/56.0.2924.87 Safari/537.36"
176.9.2.173 - - [14/May/2017:15:37:54 +0300] "GET / HTTP/1.0" 200 10609 "-" "Mozilla/5.0 (X11; Linux x86_64) AppleWebKit/537.36 (KHTML, like Gecko) Chrome/56.0.2924.87 Safari/537.36"
37.9.118.28 - - [14/May/2017:15:37:56 +0300] "GET / HTTP/1.0" 200 10609 "-" "Mozilla/5.0 (compatible; YandexMetrika/2.0; +http://yandex.com/bots mtmon01i.yandex.ru)"
176.9.2.173 - - [14/May/2017:15:38:16 +0300] "GET / HTTP/1.0" 200 10609 "-" "Mozilla/5.0 (X11; Linux x86_64) AppleWebKit/537.36 (KHTML, like Gecko) Chrome/56.0.2924.87 Safari/537.36"
50.19.135.126 - - [14/May/2017:15:40:22 +0300] "GET / HTTP/1.0" 200 10609 "-" "Mozilla/5.0 (iPhone; CPU iPhone OS 6_0 like Mac OS X) AppleWebKit/536.26 (KHTML, like Gecko) Version/6.0 Mobile/10A5376e Safari/8536.25 (compatible; Googlebot/2.1; +http://www.google.com/bot.html)"
95.108.129.196 - - [14/May/2017:15:42:11 +0300] "GET / HTTP/1.0" 200 10609 "-" "Mozilla/5.0 (compatible; YandexMetrika/2.0; +http://yandex.com/bots mtmon01e.yandex.ru)"
178.154.224.71 - - [14/May/2017:15:50:22 +0300] "GET / HTTP/1.0" 200 10609 "-" "Mozilla/5.0 (compatible; YandexMetrika/2.0; +http://yandex.com/bots mtmon01f.yandex.ru)"
37.9.118.28 - - [14/May/2017:15:56:59 +0300] "GET / HTTP/1.0" 200 10609 "-" "Mozilla/5.0 (compatible; YandexMetrika/2.0; +http://yandex.com/bots mtmon01i.yandex.ru)"
95.108.129.196 - - [14/May/2017:16:02:24 +0300] "GET / HTTP/1.0" 200 10609 "-" "Mozilla/5.0 (compatible; YandexMetrika/2.0; +http://yandex.com/bots mtmon01e.yandex.ru)"
178.154.224.71 - - [14/May/2017:16:09:07 +0300] "GET / HTTP/1.0" 200 10609 "-" "Mozilla/5.0 (compatible; YandexMetrika/2.0; +http://yandex.com/bots mtmon01f.yandex.ru)"
37.9.118.28 - - [14/May/2017:16:17:13 +0300] "GET / HTTP/1.0" 200 10609 "-" "Mozilla/5.0 (compatible; YandexMetrika/2.0; +http://yandex.com/bots mtmon01i.yandex.ru)"
95.108.129.196 - - [14/May/2017:16:22:43 +0300] "GET / HTTP/1.0" 200 10609 "-" "Mozilla/5.0 (compatible; YandexMetrika/2.0; +http://yandex.com/bots mtmon01e.yandex.ru)"
178.154.224.71 - - [14/May/2017:16:29:32 +0300] "GET / HTTP/1.0" 200 10609 "-" "Mozilla/5.0 (compatible; YandexMetrika/2.0; +http://yandex.com/bots mtmon01f.yandex.ru)"
37.9.118.28 - - [14/May/2017:16:36:56 +0300] "GET / HTTP/1.0" 200 10609 "-" "Mozilla/5.0 (compatible; YandexMetrika/2.0; +http://yandex.com/bots mtmon01i.yandex.ru)"
176.9.2.173 - - [14/May/2017:16:38:07 +0300] "GET / HTTP/1.0" 200 10609 "-" "Mozilla/5.0 (X11; Linux x86_64) AppleWebKit/537.36 (KHTML, like Gecko) Chrome/56.0.2924.87 Safari/537.36"
176.9.2.173 - - [14/May/2017:16:38:07 +0300] "GET / HTTP/1.0" 200 10609 "-" "Mozilla/5.0 (X11; Linux x86_64) AppleWebKit/537.36 (KHTML, like Gecko) Chrome/56.0.2924.87 Safari/537.36"
176.9.2.173 - - [14/May/2017:16:38:29 +0300] "GET / HTTP/1.0" 200 10609 "-" "Mozilla/5.0 (X11; Linux x86_64) AppleWebKit/537.36 (KHTML, like Gecko) Chrome/56.0.2924.87 Safari/537.36"
95.108.129.196 - - [14/May/2017:16:44:09 +0300] "GET / HTTP/1.0" 200 10609 "-" "Mozilla/5.0 (compatible; YandexMetrika/2.0; +http://yandex.com/bots mtmon01e.yandex.ru)"
178.154.224.71 - - [14/May/2017:16:50:05 +0300] "GET / HTTP/1.0" 200 10609 "-" "Mozilla/5.0 (compatible; YandexMetrika/2.0; +http://yandex.com/bots mtmon01f.yandex.ru)"
37.9.118.28 - - [14/May/2017:16:56:34 +0300] "GET / HTTP/1.0" 200 10609 "-" "Mozilla/5.0 (compatible; YandexMetrika/2.0; +http://yandex.com/bots mtmon01i.yandex.ru)"
95.108.129.196 - - [14/May/2017:17:03:30 +0300] "GET / HTTP/1.0" 200 10609 "-" "Mozilla/5.0 (compatible; YandexMetrika/2.0; +http://yandex.com/bots mtmon01e.yandex.ru)"
178.154.224.71 - - [14/May/2017:17:09:50 +0300] "GET / HTTP/1.0" 200 10609 "-" "Mozilla/5.0 (compatible; YandexMetrika/2.0; +http://yandex.com/bots mtmon01f.yandex.ru)"
37.9.118.28 - - [14/May/2017:17:16:22 +0300] "GET / HTTP/1.0" 200 10609 "-" "Mozilla/5.0 (compatible; YandexMetrika/2.0; +http://yandex.com/bots mtmon01i.yandex.ru)"
95.108.129.196 - - [14/May/2017:17:23:29 +0300] "GET / HTTP/1.0" 200 10609 "-" "Mozilla/5.0 (compatible; YandexMetrika/2.0; +http://yandex.com/bots mtmon01e.yandex.ru)"
178.154.224.71 - - [14/May/2017:17:30:53 +0300] "GET / HTTP/1.0" 200 10609 "-" "Mozilla/5.0 (compatible; YandexMetrika/2.0; +http://yandex.com/bots mtmon01f.yandex.ru)"
37.9.118.28 - - [14/May/2017:17:36:56 +0300] "GET / HTTP/1.0" 200 10609 "-" "Mozilla/5.0 (compatible; YandexMetrika/2.0; +http://yandex.com/bots mtmon01i.yandex.ru)"
176.9.2.173 - - [14/May/2017:17:38:27 +0300] "GET / HTTP/1.0" 200 10609 "-" "Mozilla/5.0 (X11; Linux x86_64) AppleWebKit/537.36 (KHTML, like Gecko) Chrome/56.0.2924.87 Safari/537.36"
176.9.2.173 - - [14/May/2017:17:38:27 +0300] "GET / HTTP/1.0" 200 10609 "-" "Mozilla/5.0 (X11; Linux x86_64) AppleWebKit/537.36 (KHTML, like Gecko) Chrome/56.0.2924.87 Safari/537.36"
176.9.2.173 - - [14/May/2017:17:38:48 +0300] "GET / HTTP/1.0" 200 10609 "-" "Mozilla/5.0 (X11; Linux x86_64) AppleWebKit/537.36 (KHTML, like Gecko) Chrome/56.0.2924.87 Safari/537.36"
95.108.129.196 - - [14/May/2017:17:42:34 +0300] "GET / HTTP/1.0" 200 10609 "-" "Mozilla/5.0 (compatible; YandexMetrika/2.0; +http://yandex.com/bots mtmon01e.yandex.ru)"
178.154.224.71 - - [14/May/2017:17:50:43 +0300] "GET / HTTP/1.0" 200 10609 "-" "Mozilla/5.0 (compatible; YandexMetrika/2.0; +http://yandex.com/bots mtmon01f.yandex.ru)"
80.82.77.167 - - [14/May/2017:17:53:50 +0300] "GET /wp-login.php HTTP/1.0" 404 288 "-" "Python-urllib/2.7"
37.9.118.28 - - [14/May/2017:17:56:23 +0300] "GET / HTTP/1.0" 200 10609 "-" "Mozilla/5.0 (compatible; YandexMetrika/2.0; +http://yandex.com/bots mtmon01i.yandex.ru)"
95.108.129.196 - - [14/May/2017:18:01:53 +0300] "GET / HTTP/1.0" 200 10609 "-" "Mozilla/5.0 (compatible; YandexMetrika/2.0; +http://yandex.com/bots mtmon01e.yandex.ru)"
178.154.224.71 - - [14/May/2017:18:10:31 +0300] "GET / HTTP/1.0" 200 10609 "-" "Mozilla/5.0 (compatible; YandexMetrika/2.0; +http://yandex.com/bots mtmon01f.yandex.ru)"
37.9.118.28 - - [14/May/2017:18:15:37 +0300] "GET / HTTP/1.0" 200 10609 "-" "Mozilla/5.0 (compatible; YandexMetrika/2.0; +http://yandex.com/bots mtmon01i.yandex.ru)"
95.108.129.196 - - [14/May/2017:18:21:30 +0300] "GET / HTTP/1.0" 200 10609 "-" "Mozilla/5.0 (compatible; YandexMetrika/2.0; +http://yandex.com/bots mtmon01e.yandex.ru)"
178.154.224.71 - - [14/May/2017:18:30:13 +0300] "GET / HTTP/1.0" 200 10609 "-" "Mozilla/5.0 (compatible; YandexMetrika/2.0; +http://yandex.com/bots mtmon01f.yandex.ru)"
37.9.118.28 - - [14/May/2017:18:34:22 +0300] "GET / HTTP/1.0" 200 10609 "-" "Mozilla/5.0 (compatible; YandexMetrika/2.0; +http://yandex.com/bots mtmon01i.yandex.ru)"
176.9.2.173 - - [14/May/2017:18:38:34 +0300] "GET / HTTP/1.0" 200 10609 "-" "Mozilla/5.0 (X11; Linux x86_64) AppleWebKit/537.36 (KHTML, like Gecko) Chrome/56.0.2924.87 Safari/537.36"
176.9.2.173 - - [14/May/2017:18:38:38 +0300] "GET / HTTP/1.0" 200 10609 "-" "Mozilla/5.0 (X11; Linux x86_64) AppleWebKit/537.36 (KHTML, like Gecko) Chrome/56.0.2924.87 Safari/537.36"
176.9.2.173 - - [14/May/2017:18:38:38 +0300] "GET / HTTP/1.0" 200 10609 "-" "Mozilla/5.0 (X11; Linux x86_64) AppleWebKit/537.36 (KHTML, like Gecko) Chrome/56.0.2924.87 Safari/537.36"
176.9.2.173 - - [14/May/2017:18:38:36 +0300] "GET / HTTP/1.0" 200 10609 "-" "Mozilla/5.0 (X11; Linux x86_64) AppleWebKit/537.36 (KHTML, like Gecko) Chrome/56.0.2924.87 Safari/537.36"
176.9.2.173 - - [14/May/2017:18:39:02 +0300] "GET / HTTP/1.0" 200 10609 "-" "Mozilla/5.0 (X11; Linux x86_64) AppleWebKit/537.36 (KHTML, like Gecko) Chrome/56.0.2924.87 Safari/537.36"
176.9.2.173 - - [14/May/2017:18:39:02 +0300] "GET / HTTP/1.0" 200 10609 "-" "Mozilla/5.0 (X11; Linux x86_64) AppleWebKit/537.36 (KHTML, like Gecko) Chrome/56.0.2924.87 Safari/537.36"
62.149.23.40 - - [14/May/2017:18:39:37 +0300] "GET /wp-login.php HTTP/1.0" 404 288 "-" "Mozilla/5.0 (Windows NT 6.1; WOW64) AppleWebKit/537.36 (KHTML, like Gecko) Chrome/36.0.1985.125 Safari/537.36"
62.149.23.40 - - [14/May/2017:18:39:37 +0300] "GET /administrator/index.php HTTP/1.0" 404 299 "-" "Mozilla/5.0 (Windows NT 6.1; WOW64) AppleWebKit/537.36 (KHTML, like Gecko) Chrome/36.0.1985.125 Safari/537.36"
62.149.23.40 - - [14/May/2017:18:39:37 +0300] "GET /admin.php HTTP/1.0" 404 285 "-" "Mozilla/5.0 (Windows NT 6.1; WOW64) AppleWebKit/537.36 (KHTML, like Gecko) Chrome/36.0.1985.125 Safari/537.36"
95.108.129.196 - - [14/May/2017:18:40:59 +0300] "GET / HTTP/1.0" 200 10609 "-" "Mozilla/5.0 (compatible; YandexMetrika/2.0; +http://yandex.com/bots mtmon01e.yandex.ru)"
178.154.224.71 - - [14/May/2017:18:50:37 +0300] "GET / HTTP/1.0" 200 10609 "-" "Mozilla/5.0 (compatible; YandexMetrika/2.0; +http://yandex.com/bots mtmon01f.yandex.ru)"
37.9.118.28 - - [14/May/2017:18:53:47 +0300] "GET / HTTP/1.0" 200 10609 "-" "Mozilla/5.0 (compatible; YandexMetrika/2.0; +http://yandex.com/bots mtmon01i.yandex.ru)"
95.108.129.196 - - [14/May/2017:18:59:57 +0300] "GET / HTTP/1.0" 200 10609 "-" "Mozilla/5.0 (compatible; YandexMetrika/2.0; +http://yandex.com/bots mtmon01e.yandex.ru)"
178.154.224.71 - - [14/May/2017:19:11:34 +0300] "GET / HTTP/1.0" 200 10609 "-" "Mozilla/5.0 (compatible; YandexMetrika/2.0; +http://yandex.com/bots mtmon01f.yandex.ru)"
37.9.118.28 - - [14/May/2017:19:12:30 +0300] "GET / HTTP/1.0" 200 10609 "-" "Mozilla/5.0 (compatible; YandexMetrika/2.0; +http://yandex.com/bots mtmon01i.yandex.ru)"
95.108.129.196 - - [14/May/2017:19:19:51 +0300] "GET / HTTP/1.0" 200 10609 "-" "Mozilla/5.0 (compatible; YandexMetrika/2.0; +http://yandex.com/bots mtmon01e.yandex.ru)"
37.9.118.28 - - [14/May/2017:19:31:59 +0300] "GET / HTTP/1.0" 200 10609 "-" "Mozilla/5.0 (compatible; YandexMetrika/2.0; +http://yandex.com/bots mtmon01i.yandex.ru)"
178.154.224.71 - - [14/May/2017:19:31:56 +0300] "GET / HTTP/1.0" 200 10609 "-" "Mozilla/5.0 (compatible; YandexMetrika/2.0; +http://yandex.com/bots mtmon01f.yandex.ru)"
176.9.2.173 - - [14/May/2017:19:38:46 +0300] "GET / HTTP/1.0" 200 10609 "-" "Mozilla/5.0 (X11; Linux x86_64) AppleWebKit/537.36 (KHTML, like Gecko) Chrome/56.0.2924.87 Safari/537.36"
176.9.2.173 - - [14/May/2017:19:38:48 +0300] "GET / HTTP/1.0" 200 10609 "-" "Mozilla/5.0 (X11; Linux x86_64) AppleWebKit/537.36 (KHTML, like Gecko) Chrome/56.0.2924.87 Safari/537.36"
176.9.2.173 - - [14/May/2017:19:38:43 +0300] "GET / HTTP/1.0" 200 10609 "-" "Mozilla/5.0 (X11; Linux x86_64) AppleWebKit/537.36 (KHTML, like Gecko) Chrome/56.0.2924.87 Safari/537.36"
95.108.129.196 - - [14/May/2017:19:38:56 +0300] "GET / HTTP/1.0" 200 10609 "-" "Mozilla/5.0 (compatible; YandexMetrika/2.0; +http://yandex.com/bots mtmon01e.yandex.ru)"
176.9.2.173 - - [14/May/2017:19:39:07 +0300] "GET / HTTP/1.0" 200 10609 "-" "Mozilla/5.0 (X11; Linux x86_64) AppleWebKit/537.36 (KHTML, like Gecko) Chrome/56.0.2924.87 Safari/537.36"
