176.9.2.173 - - [23/May/2017:10:23:21 +0300] "GET / HTTP/1.0" 200 10609 "-" "Mozilla/5.0 (X11; Linux x86_64) AppleWebKit/537.36 (KHTML, like Gecko) Chrome/56.0.2924.87 Safari/537.36"
176.9.2.173 - - [23/May/2017:10:39:15 +0300] "GET / HTTP/1.0" 200 10609 "-" "Mozilla/5.0 (X11; Linux x86_64) AppleWebKit/537.36 (KHTML, like Gecko) Chrome/56.0.2924.87 Safari/537.36"
176.9.2.173 - - [23/May/2017:10:39:16 +0300] "GET / HTTP/1.0" 200 10609 "-" "Mozilla/5.0 (X11; Linux x86_64) AppleWebKit/537.36 (KHTML, like Gecko) Chrome/56.0.2924.87 Safari/537.36"
37.9.118.28 - - [23/May/2017:11:02:28 +0300] "GET / HTTP/1.0" 200 10609 "-" "Mozilla/5.0 (compatible; YandexMetrika/2.0; +http://yandex.com/bots mtmon01i.yandex.ru)"
176.9.2.173 - - [23/May/2017:11:23:23 +0300] "GET / HTTP/1.0" 200 10609 "-" "Mozilla/5.0 (X11; Linux x86_64) AppleWebKit/537.36 (KHTML, like Gecko) Chrome/56.0.2924.87 Safari/537.36"
176.9.2.173 - - [23/May/2017:11:23:23 +0300] "GET / HTTP/1.0" 200 10609 "-" "Mozilla/5.0 (X11; Linux x86_64) AppleWebKit/537.36 (KHTML, like Gecko) Chrome/56.0.2924.87 Safari/537.36"
95.108.129.196 - - [23/May/2017:11:27:13 +0300] "GET / HTTP/1.0" 200 10609 "-" "Mozilla/5.0 (compatible; YandexMetrika/2.0; +http://yandex.com/bots mtmon01e.yandex.ru)"
176.9.2.173 - - [23/May/2017:11:39:34 +0300] "GET / HTTP/1.0" 200 10609 "-" "Mozilla/5.0 (X11; Linux x86_64) AppleWebKit/537.36 (KHTML, like Gecko) Chrome/56.0.2924.87 Safari/537.36"
176.9.2.173 - - [23/May/2017:12:23:47 +0300] "GET / HTTP/1.0" 503 401 "-" "Mozilla/5.0 (X11; Linux x86_64) AppleWebKit/537.36 (KHTML, like Gecko) Chrome/56.0.2924.87 Safari/537.36"
176.9.2.173 - - [23/May/2017:12:23:47 +0300] "GET / HTTP/1.0" 503 401 "-" "Mozilla/5.0 (X11; Linux x86_64) AppleWebKit/537.36 (KHTML, like Gecko) Chrome/56.0.2924.87 Safari/537.36"
176.9.2.173 - - [23/May/2017:12:23:47 +0300] "GET / HTTP/1.0" 503 401 "-" "Mozilla/5.0 (X11; Linux x86_64) AppleWebKit/537.36 (KHTML, like Gecko) Chrome/56.0.2924.87 Safari/537.36"
176.9.2.173 - - [23/May/2017:12:23:47 +0300] "GET / HTTP/1.0" 503 401 "-" "Mozilla/5.0 (X11; Linux x86_64) AppleWebKit/537.36 (KHTML, like Gecko) Chrome/56.0.2924.87 Safari/537.36"
176.9.2.173 - - [23/May/2017:12:39:50 +0300] "GET / HTTP/1.0" 200 10609 "-" "Mozilla/5.0 (X11; Linux x86_64) AppleWebKit/537.36 (KHTML, like Gecko) Chrome/56.0.2924.87 Safari/537.36"
176.9.2.173 - - [23/May/2017:12:39:51 +0300] "GET / HTTP/1.0" 200 10609 "-" "Mozilla/5.0 (X11; Linux x86_64) AppleWebKit/537.36 (KHTML, like Gecko) Chrome/56.0.2924.87 Safari/537.36"
176.9.2.173 - - [23/May/2017:13:24:08 +0300] "GET / HTTP/1.0" 503 401 "-" "Mozilla/5.0 (X11; Linux x86_64) AppleWebKit/537.36 (KHTML, like Gecko) Chrome/56.0.2924.87 Safari/537.36"
176.9.2.173 - - [23/May/2017:13:24:08 +0300] "GET / HTTP/1.0" 503 401 "-" "Mozilla/5.0 (X11; Linux x86_64) AppleWebKit/537.36 (KHTML, like Gecko) Chrome/56.0.2924.87 Safari/537.36"
176.9.2.173 - - [23/May/2017:13:24:07 +0300] "GET / HTTP/1.0" 200 10609 "-" "Mozilla/5.0 (X11; Linux x86_64) AppleWebKit/537.36 (KHTML, like Gecko) Chrome/56.0.2924.87 Safari/537.36"
176.9.2.173 - - [23/May/2017:13:24:07 +0300] "GET / HTTP/1.0" 200 10609 "-" "Mozilla/5.0 (X11; Linux x86_64) AppleWebKit/537.36 (KHTML, like Gecko) Chrome/56.0.2924.87 Safari/537.36"
178.154.224.71 - - [23/May/2017:13:31:23 +0300] "GET / HTTP/1.0" 200 10609 "-" "Mozilla/5.0 (compatible; YandexMetrika/2.0; +http://yandex.com/bots mtmon01f.yandex.ru)"
176.9.2.173 - - [23/May/2017:13:40:17 +0300] "GET / HTTP/1.0" 200 10609 "-" "Mozilla/5.0 (X11; Linux x86_64) AppleWebKit/537.36 (KHTML, like Gecko) Chrome/56.0.2924.87 Safari/537.36"
176.9.2.173 - - [23/May/2017:13:40:17 +0300] "GET / HTTP/1.0" 200 10609 "-" "Mozilla/5.0 (X11; Linux x86_64) AppleWebKit/537.36 (KHTML, like Gecko) Chrome/56.0.2924.87 Safari/537.36"
176.9.2.173 - - [23/May/2017:13:40:40 +0300] "GET / HTTP/1.0" 200 10609 "-" "Mozilla/5.0 (X11; Linux x86_64) AppleWebKit/537.36 (KHTML, like Gecko) Chrome/56.0.2924.87 Safari/537.36"
5.255.230.146 - - [23/May/2017:13:43:22 +0300] "GET / HTTP/1.0" 200 10609 "-" "Mozilla/5.0 (compatible; YandexMetrika/2.0; +http://yandex.com/bots mtmon01it.mtrs.yandex.ru)"
37.9.118.28 - - [23/May/2017:14:12:19 +0300] "GET / HTTP/1.0" 200 10609 "-" "Mozilla/5.0 (compatible; YandexMetrika/2.0; +http://yandex.com/bots mtmon01i.yandex.ru)"
176.9.2.173 - - [23/May/2017:14:24:20 +0300] "GET / HTTP/1.0" 200 10609 "-" "Mozilla/5.0 (X11; Linux x86_64) AppleWebKit/537.36 (KHTML, like Gecko) Chrome/56.0.2924.87 Safari/537.36"
176.9.2.173 - - [23/May/2017:14:24:20 +0300] "GET / HTTP/1.0" 200 10609 "-" "Mozilla/5.0 (X11; Linux x86_64) AppleWebKit/537.36 (KHTML, like Gecko) Chrome/56.0.2924.87 Safari/537.36"
176.9.2.173 - - [23/May/2017:14:24:20 +0300] "GET / HTTP/1.0" 200 10609 "-" "Mozilla/5.0 (X11; Linux x86_64) AppleWebKit/537.36 (KHTML, like Gecko) Chrome/56.0.2924.87 Safari/537.36"
176.9.2.173 - - [23/May/2017:14:24:20 +0300] "GET / HTTP/1.0" 200 10609 "-" "Mozilla/5.0 (X11; Linux x86_64) AppleWebKit/537.36 (KHTML, like Gecko) Chrome/56.0.2924.87 Safari/537.36"
95.108.129.196 - - [23/May/2017:14:36:02 +0300] "GET / HTTP/1.0" 200 10609 "-" "Mozilla/5.0 (compatible; YandexMetrika/2.0; +http://yandex.com/bots mtmon01e.yandex.ru)"
176.9.2.173 - - [23/May/2017:14:41:19 +0300] "GET / HTTP/1.0" 200 10609 "-" "Mozilla/5.0 (X11; Linux x86_64) AppleWebKit/537.36 (KHTML, like Gecko) Chrome/56.0.2924.87 Safari/537.36"
176.9.2.173 - - [23/May/2017:14:41:23 +0300] "GET / HTTP/1.0" 200 10609 "-" "Mozilla/5.0 (X11; Linux x86_64) AppleWebKit/537.36 (KHTML, like Gecko) Chrome/56.0.2924.87 Safari/537.36"
176.9.2.173 - - [23/May/2017:15:24:43 +0300] "GET / HTTP/1.0" 503 401 "-" "Mozilla/5.0 (X11; Linux x86_64) AppleWebKit/537.36 (KHTML, like Gecko) Chrome/56.0.2924.87 Safari/537.36"
176.9.2.173 - - [23/May/2017:15:24:44 +0300] "GET / HTTP/1.0" 503 401 "-" "Mozilla/5.0 (X11; Linux x86_64) AppleWebKit/537.36 (KHTML, like Gecko) Chrome/56.0.2924.87 Safari/537.36"
176.9.2.173 - - [23/May/2017:15:24:40 +0300] "GET / HTTP/1.0" 200 10609 "-" "Mozilla/5.0 (X11; Linux x86_64) AppleWebKit/537.36 (KHTML, like Gecko) Chrome/56.0.2924.87 Safari/537.36"
176.9.2.173 - - [23/May/2017:15:24:43 +0300] "GET / HTTP/1.0" 200 10609 "-" "Mozilla/5.0 (X11; Linux x86_64) AppleWebKit/537.36 (KHTML, like Gecko) Chrome/56.0.2924.87 Safari/537.36"
176.9.2.173 - - [23/May/2017:15:24:40 +0300] "GET / HTTP/1.0" 200 10609 "-" "Mozilla/5.0 (X11; Linux x86_64) AppleWebKit/537.36 (KHTML, like Gecko) Chrome/56.0.2924.87 Safari/537.36"
176.9.2.173 - - [23/May/2017:15:41:30 +0300] "GET / HTTP/1.0" 200 10609 "-" "Mozilla/5.0 (X11; Linux x86_64) AppleWebKit/537.36 (KHTML, like Gecko) Chrome/56.0.2924.87 Safari/537.36"
176.9.2.173 - - [23/May/2017:15:41:31 +0300] "GET / HTTP/1.0" 200 10609 "-" "Mozilla/5.0 (X11; Linux x86_64) AppleWebKit/537.36 (KHTML, like Gecko) Chrome/56.0.2924.87 Safari/537.36"
204.79.180.72 - - [23/May/2017:16:20:32 +0300] "GET / HTTP/1.0" 200 10609 "-" "Mozilla/5.0 (compatible; MSIE 9.0; Windows NT 6.1; Trident/5.0;  Trident/5.0)"
204.79.180.39 - - [23/May/2017:16:20:36 +0300] "GET /templates/style/css/style.css HTTP/1.1" 200 117 "http://bitfaucet.ru/" "Mozilla/5.0 (compatible; MSIE 9.0; Windows NT 6.1; Trident/5.0;  Trident/5.0)"
204.79.180.251 - - [23/May/2017:16:20:36 +0300] "GET /templates/style/javascript/analytic.js HTTP/1.1" 200 388 "http://bitfaucet.ru/" "Mozilla/5.0 (compatible; MSIE 9.0; Windows NT 6.1; Trident/5.0;  Trident/5.0)"
204.79.180.44 - - [23/May/2017:16:20:37 +0300] "GET /templates/style/javascript/common.js HTTP/1.1" 200 1131 "http://bitfaucet.ru/" "Mozilla/5.0 (compatible; MSIE 9.0; Windows NT 6.1; Trident/5.0;  Trident/5.0)"
176.9.2.173 - - [23/May/2017:16:24:49 +0300] "GET / HTTP/1.0" 200 10609 "-" "Mozilla/5.0 (X11; Linux x86_64) AppleWebKit/537.36 (KHTML, like Gecko) Chrome/56.0.2924.87 Safari/537.36"
176.9.2.173 - - [23/May/2017:16:24:49 +0300] "GET / HTTP/1.0" 200 10609 "-" "Mozilla/5.0 (X11; Linux x86_64) AppleWebKit/537.36 (KHTML, like Gecko) Chrome/56.0.2924.87 Safari/537.36"
176.9.2.173 - - [23/May/2017:16:24:52 +0300] "GET / HTTP/1.0" 200 10609 "-" "Mozilla/5.0 (X11; Linux x86_64) AppleWebKit/537.36 (KHTML, like Gecko) Chrome/56.0.2924.87 Safari/537.36"
176.9.2.173 - - [23/May/2017:16:24:52 +0300] "GET / HTTP/1.0" 200 10609 "-" "Mozilla/5.0 (X11; Linux x86_64) AppleWebKit/537.36 (KHTML, like Gecko) Chrome/56.0.2924.87 Safari/537.36"
176.9.2.173 - - [23/May/2017:16:41:45 +0300] "GET / HTTP/1.0" 200 10609 "-" "Mozilla/5.0 (X11; Linux x86_64) AppleWebKit/537.36 (KHTML, like Gecko) Chrome/56.0.2924.87 Safari/537.36"
176.9.2.173 - - [23/May/2017:16:41:45 +0300] "GET / HTTP/1.0" 200 10609 "-" "Mozilla/5.0 (X11; Linux x86_64) AppleWebKit/537.36 (KHTML, like Gecko) Chrome/56.0.2924.87 Safari/537.36"
178.154.224.71 - - [23/May/2017:16:41:58 +0300] "GET / HTTP/1.0" 200 10609 "-" "Mozilla/5.0 (compatible; YandexMetrika/2.0; +http://yandex.com/bots mtmon01f.yandex.ru)"
176.9.2.173 - - [23/May/2017:16:42:05 +0300] "GET / HTTP/1.0" 200 10609 "-" "Mozilla/5.0 (X11; Linux x86_64) AppleWebKit/537.36 (KHTML, like Gecko) Chrome/56.0.2924.87 Safari/537.36"
185.129.62.63 - - [23/May/2017:17:03:10 +0300] "GET /.git/config HTTP/1.0" 404 287 "-" "Mozilla/5.0 (Windows NT 6.1; WOW64) AppleWebKit/535.1 (KHTML, like Gecko) Chrome/13.0.782.112 Safari/535.1"
171.25.193.77 - - [23/May/2017:17:03:43 +0300] "GET /.hg/hgrc HTTP/1.0" 404 284 "-" "Mozilla/5.0 (Windows NT 6.1; WOW64) AppleWebKit/535.1 (KHTML, like Gecko) Chrome/13.0.782.112 Safari/535.1"
79.172.193.32 - - [23/May/2017:17:03:44 +0300] "GET /.svn/wc.db HTTP/1.0" 404 286 "-" "Mozilla/5.0 (Windows NT 6.1; WOW64) AppleWebKit/535.1 (KHTML, like Gecko) Chrome/13.0.782.112 Safari/535.1"
37.9.118.28 - - [23/May/2017:17:16:42 +0300] "GET / HTTP/1.0" 200 10609 "-" "Mozilla/5.0 (compatible; YandexMetrika/2.0; +http://yandex.com/bots mtmon01i.yandex.ru)"
176.9.2.173 - - [23/May/2017:17:25:04 +0300] "GET / HTTP/1.0" 200 10609 "-" "Mozilla/5.0 (X11; Linux x86_64) AppleWebKit/537.36 (KHTML, like Gecko) Chrome/56.0.2924.87 Safari/537.36"
176.9.2.173 - - [23/May/2017:17:25:04 +0300] "GET / HTTP/1.0" 200 10609 "-" "Mozilla/5.0 (X11; Linux x86_64) AppleWebKit/537.36 (KHTML, like Gecko) Chrome/56.0.2924.87 Safari/537.36"
176.9.2.173 - - [23/May/2017:17:42:42 +0300] "GET / HTTP/1.0" 200 10609 "-" "Mozilla/5.0 (X11; Linux x86_64) AppleWebKit/537.36 (KHTML, like Gecko) Chrome/56.0.2924.87 Safari/537.36"
95.108.129.196 - - [23/May/2017:17:42:50 +0300] "GET / HTTP/1.0" 200 10609 "-" "Mozilla/5.0 (compatible; YandexMetrika/2.0; +http://yandex.com/bots mtmon01e.yandex.ru)"
91.217.178.50 - - [23/May/2017:18:19:04 +0300] "GET / HTTP/1.0" 200 10609 "-" "Mozilla/5.0"
176.9.2.173 - - [23/May/2017:18:25:20 +0300] "GET / HTTP/1.0" 200 10609 "-" "Mozilla/5.0 (X11; Linux x86_64) AppleWebKit/537.36 (KHTML, like Gecko) Chrome/56.0.2924.87 Safari/537.36"
176.9.2.173 - - [23/May/2017:18:25:20 +0300] "GET / HTTP/1.0" 200 10609 "-" "Mozilla/5.0 (X11; Linux x86_64) AppleWebKit/537.36 (KHTML, like Gecko) Chrome/56.0.2924.87 Safari/537.36"
176.9.2.173 - - [23/May/2017:18:42:52 +0300] "GET / HTTP/1.0" 200 10609 "-" "Mozilla/5.0 (X11; Linux x86_64) AppleWebKit/537.36 (KHTML, like Gecko) Chrome/56.0.2924.87 Safari/537.36"
176.9.2.173 - - [23/May/2017:19:25:42 +0300] "GET / HTTP/1.0" 503 401 "-" "Mozilla/5.0 (X11; Linux x86_64) AppleWebKit/537.36 (KHTML, like Gecko) Chrome/56.0.2924.87 Safari/537.36"
176.9.2.173 - - [23/May/2017:19:25:42 +0300] "GET / HTTP/1.0" 503 401 "-" "Mozilla/5.0 (X11; Linux x86_64) AppleWebKit/537.36 (KHTML, like Gecko) Chrome/56.0.2924.87 Safari/537.36"
176.9.2.173 - - [23/May/2017:19:25:41 +0300] "GET / HTTP/1.0" 200 10609 "-" "Mozilla/5.0 (X11; Linux x86_64) AppleWebKit/537.36 (KHTML, like Gecko) Chrome/56.0.2924.87 Safari/537.36"
176.9.2.173 - - [23/May/2017:19:25:41 +0300] "GET / HTTP/1.0" 200 10609 "-" "Mozilla/5.0 (X11; Linux x86_64) AppleWebKit/537.36 (KHTML, like Gecko) Chrome/56.0.2924.87 Safari/537.36"
176.9.2.173 - - [23/May/2017:19:43:06 +0300] "GET / HTTP/1.0" 200 10609 "-" "Mozilla/5.0 (X11; Linux x86_64) AppleWebKit/537.36 (KHTML, like Gecko) Chrome/56.0.2924.87 Safari/537.36"
176.9.2.173 - - [23/May/2017:19:43:06 +0300] "GET / HTTP/1.0" 200 10609 "-" "Mozilla/5.0 (X11; Linux x86_64) AppleWebKit/537.36 (KHTML, like Gecko) Chrome/56.0.2924.87 Safari/537.36"
178.154.224.71 - - [23/May/2017:19:51:18 +0300] "GET / HTTP/1.0" 200 10609 "-" "Mozilla/5.0 (compatible; YandexMetrika/2.0; +http://yandex.com/bots mtmon01f.yandex.ru)"
176.9.2.173 - - [23/May/2017:20:25:48 +0300] "GET / HTTP/1.0" 503 401 "-" "Mozilla/5.0 (X11; Linux x86_64) AppleWebKit/537.36 (KHTML, like Gecko) Chrome/56.0.2924.87 Safari/537.36"
176.9.2.173 - - [23/May/2017:20:25:48 +0300] "GET / HTTP/1.0" 503 401 "-" "Mozilla/5.0 (X11; Linux x86_64) AppleWebKit/537.36 (KHTML, like Gecko) Chrome/56.0.2924.87 Safari/537.36"
176.9.2.173 - - [23/May/2017:20:25:45 +0300] "GET / HTTP/1.0" 200 10609 "-" "Mozilla/5.0 (X11; Linux x86_64) AppleWebKit/537.36 (KHTML, like Gecko) Chrome/56.0.2924.87 Safari/537.36"
176.9.2.173 - - [23/May/2017:20:25:45 +0300] "GET / HTTP/1.0" 200 10609 "-" "Mozilla/5.0 (X11; Linux x86_64) AppleWebKit/537.36 (KHTML, like Gecko) Chrome/56.0.2924.87 Safari/537.36"
176.9.2.173 - - [23/May/2017:20:26:07 +0300] "GET / HTTP/1.0" 200 10609 "-" "Mozilla/5.0 (X11; Linux x86_64) AppleWebKit/537.36 (KHTML, like Gecko) Chrome/56.0.2924.87 Safari/537.36"
176.9.2.173 - - [23/May/2017:20:26:07 +0300] "GET / HTTP/1.0" 200 10609 "-" "Mozilla/5.0 (X11; Linux x86_64) AppleWebKit/537.36 (KHTML, like Gecko) Chrome/56.0.2924.87 Safari/537.36"
37.9.118.28 - - [23/May/2017:20:28:37 +0300] "GET / HTTP/1.0" 200 10609 "-" "Mozilla/5.0 (compatible; YandexMetrika/2.0; +http://yandex.com/bots mtmon01i.yandex.ru)"
176.9.2.173 - - [23/May/2017:20:43:18 +0300] "GET / HTTP/1.0" 200 10609 "-" "Mozilla/5.0 (X11; Linux x86_64) AppleWebKit/537.36 (KHTML, like Gecko) Chrome/56.0.2924.87 Safari/537.36"
95.108.129.196 - - [23/May/2017:20:48:18 +0300] "GET / HTTP/1.0" 200 10609 "-" "Mozilla/5.0 (compatible; YandexMetrika/2.0; +http://yandex.com/bots mtmon01e.yandex.ru)"
176.9.2.173 - - [23/May/2017:21:26:14 +0300] "GET / HTTP/1.0" 503 401 "-" "Mozilla/5.0 (X11; Linux x86_64) AppleWebKit/537.36 (KHTML, like Gecko) Chrome/56.0.2924.87 Safari/537.36"
176.9.2.173 - - [23/May/2017:21:26:14 +0300] "GET / HTTP/1.0" 503 401 "-" "Mozilla/5.0 (X11; Linux x86_64) AppleWebKit/537.36 (KHTML, like Gecko) Chrome/56.0.2924.87 Safari/537.36"
176.9.2.173 - - [23/May/2017:21:26:13 +0300] "GET / HTTP/1.0" 200 10609 "-" "Mozilla/5.0 (X11; Linux x86_64) AppleWebKit/537.36 (KHTML, like Gecko) Chrome/56.0.2924.87 Safari/537.36"
176.9.2.173 - - [23/May/2017:21:26:13 +0300] "GET / HTTP/1.0" 200 10609 "-" "Mozilla/5.0 (X11; Linux x86_64) AppleWebKit/537.36 (KHTML, like Gecko) Chrome/56.0.2924.87 Safari/537.36"
176.9.2.173 - - [23/May/2017:21:43:43 +0300] "GET / HTTP/1.0" 200 10609 "-" "Mozilla/5.0 (X11; Linux x86_64) AppleWebKit/537.36 (KHTML, like Gecko) Chrome/56.0.2924.87 Safari/537.36"
176.9.2.173 - - [23/May/2017:22:26:24 +0300] "GET / HTTP/1.0" 200 10609 "-" "Mozilla/5.0 (X11; Linux x86_64) AppleWebKit/537.36 (KHTML, like Gecko) Chrome/56.0.2924.87 Safari/537.36"
176.9.2.173 - - [23/May/2017:22:26:24 +0300] "GET / HTTP/1.0" 200 10609 "-" "Mozilla/5.0 (X11; Linux x86_64) AppleWebKit/537.36 (KHTML, like Gecko) Chrome/56.0.2924.87 Safari/537.36"
37.9.118.24 - - [23/May/2017:22:37:37 +0300] "GET / HTTP/1.0" 200 10609 "-" "Mozilla/5.0 (compatible; YandexMetrika/2.0; +http://yandex.com/bots)"
37.9.118.24 - - [23/May/2017:22:37:37 +0300] "GET /templates/style/javascript/analytic.js HTTP/1.1" 200 388 "http://bitfaucet.ru/" "Mozilla/5.0 (compatible; YandexMetrika/2.0; +http://yandex.com/bots)"
37.9.118.24 - - [23/May/2017:22:37:37 +0300] "GET /templates/style/javascript/common.js HTTP/1.1" 200 1131 "http://bitfaucet.ru/" "Mozilla/5.0 (compatible; YandexMetrika/2.0; +http://yandex.com/bots)"
183.232.2.51 - - [23/May/2017:22:38:41 +0300] "GET / HTTP/1.0" 200 10609 "-" "Mozilla/5.0 (Windows NT 6.1) AppleWebKit/537.36 (KHTML, like Gecko) Chrome/35.0.1916.153 Safari/537.36"
183.232.2.52 - - [23/May/2017:22:38:41 +0300] "GET / HTTP/1.0" 200 10609 "-" "Mozilla/5.0 (Windows NT 6.1) AppleWebKit/537.36 (KHTML, like Gecko) Chrome/35.0.1916.153 Safari/537.36"
176.9.2.173 - - [23/May/2017:22:43:59 +0300] "GET / HTTP/1.0" 200 10609 "-" "Mozilla/5.0 (X11; Linux x86_64) AppleWebKit/537.36 (KHTML, like Gecko) Chrome/56.0.2924.87 Safari/537.36"
178.154.224.71 - - [23/May/2017:23:04:56 +0300] "GET / HTTP/1.0" 200 10609 "-" "Mozilla/5.0 (compatible; YandexMetrika/2.0; +http://yandex.com/bots mtmon01f.yandex.ru)"
176.9.2.173 - - [23/May/2017:23:26:31 +0300] "GET / HTTP/1.0" 200 10609 "-" "Mozilla/5.0 (X11; Linux x86_64) AppleWebKit/537.36 (KHTML, like Gecko) Chrome/56.0.2924.87 Safari/537.36"
176.9.2.173 - - [23/May/2017:23:26:31 +0300] "GET / HTTP/1.0" 200 10609 "-" "Mozilla/5.0 (X11; Linux x86_64) AppleWebKit/537.36 (KHTML, like Gecko) Chrome/56.0.2924.87 Safari/537.36"
176.9.2.173 - - [23/May/2017:23:26:32 +0300] "GET / HTTP/1.0" 200 10609 "-" "Mozilla/5.0 (X11; Linux x86_64) AppleWebKit/537.36 (KHTML, like Gecko) Chrome/56.0.2924.87 Safari/537.36"
176.9.2.173 - - [23/May/2017:23:26:32 +0300] "GET / HTTP/1.0" 200 10609 "-" "Mozilla/5.0 (X11; Linux x86_64) AppleWebKit/537.36 (KHTML, like Gecko) Chrome/56.0.2924.87 Safari/537.36"
37.9.118.28 - - [23/May/2017:23:38:25 +0300] "GET / HTTP/1.0" 200 10609 "-" "Mozilla/5.0 (compatible; YandexMetrika/2.0; +http://yandex.com/bots mtmon01i.yandex.ru)"
176.9.2.173 - - [23/May/2017:23:44:09 +0300] "GET / HTTP/1.0" 200 10609 "-" "Mozilla/5.0 (X11; Linux x86_64) AppleWebKit/537.36 (KHTML, like Gecko) Chrome/56.0.2924.87 Safari/537.36"
176.9.2.173 - - [23/May/2017:23:44:12 +0300] "GET / HTTP/1.0" 200 10609 "-" "Mozilla/5.0 (X11; Linux x86_64) AppleWebKit/537.36 (KHTML, like Gecko) Chrome/56.0.2924.87 Safari/537.36"
95.108.129.196 - - [24/May/2017:00:00:44 +0300] "GET / HTTP/1.0" 200 10609 "-" "Mozilla/5.0 (compatible; YandexMetrika/2.0; +http://yandex.com/bots mtmon01e.yandex.ru)"
95.108.129.196 - - [24/May/2017:00:01:00 +0300] "GET / HTTP/1.0" 200 10609 "-" "Mozilla/5.0 (compatible; YandexMetrika/2.0; +http://yandex.com/bots mtmon01e.yandex.ru)"
176.9.2.173 - - [24/May/2017:00:26:54 +0300] "GET / HTTP/1.0" 200 10609 "-" "Mozilla/5.0 (X11; Linux x86_64) AppleWebKit/537.36 (KHTML, like Gecko) Chrome/56.0.2924.87 Safari/537.36"
176.9.2.173 - - [24/May/2017:00:26:54 +0300] "GET / HTTP/1.0" 200 10609 "-" "Mozilla/5.0 (X11; Linux x86_64) AppleWebKit/537.36 (KHTML, like Gecko) Chrome/56.0.2924.87 Safari/537.36"
176.9.2.173 - - [24/May/2017:00:44:20 +0300] "GET / HTTP/1.0" 200 10609 "-" "Mozilla/5.0 (X11; Linux x86_64) AppleWebKit/537.36 (KHTML, like Gecko) Chrome/56.0.2924.87 Safari/537.36"
176.9.2.173 - - [24/May/2017:00:44:21 +0300] "GET / HTTP/1.0" 200 10609 "-" "Mozilla/5.0 (X11; Linux x86_64) AppleWebKit/537.36 (KHTML, like Gecko) Chrome/56.0.2924.87 Safari/537.36"
180.76.15.153 - - [24/May/2017:01:17:57 +0300] "GET /robots.txt HTTP/1.0" 404 286 "-" "Mozilla/5.0 (Windows NT 5.1; rv:6.0.2) Gecko/20100101 Firefox/6.0.2"
176.9.2.173 - - [24/May/2017:01:27:09 +0300] "GET / HTTP/1.0" 200 10609 "-" "Mozilla/5.0 (X11; Linux x86_64) AppleWebKit/537.36 (KHTML, like Gecko) Chrome/56.0.2924.87 Safari/537.36"
176.9.2.173 - - [24/May/2017:01:27:09 +0300] "GET / HTTP/1.0" 200 10609 "-" "Mozilla/5.0 (X11; Linux x86_64) AppleWebKit/537.36 (KHTML, like Gecko) Chrome/56.0.2924.87 Safari/537.36"
176.9.2.173 - - [24/May/2017:01:44:29 +0300] "GET / HTTP/1.0" 200 10609 "-" "Mozilla/5.0 (X11; Linux x86_64) AppleWebKit/537.36 (KHTML, like Gecko) Chrome/56.0.2924.87 Safari/537.36"
176.9.2.173 - - [24/May/2017:01:44:30 +0300] "GET / HTTP/1.0" 200 10609 "-" "Mozilla/5.0 (X11; Linux x86_64) AppleWebKit/537.36 (KHTML, like Gecko) Chrome/56.0.2924.87 Safari/537.36"
178.154.224.71 - - [24/May/2017:02:15:01 +0300] "GET / HTTP/1.0" 200 10609 "-" "Mozilla/5.0 (compatible; YandexMetrika/2.0; +http://yandex.com/bots mtmon01f.yandex.ru)"
176.9.2.173 - - [24/May/2017:02:27:19 +0300] "GET / HTTP/1.0" 200 10609 "-" "Mozilla/5.0 (X11; Linux x86_64) AppleWebKit/537.36 (KHTML, like Gecko) Chrome/56.0.2924.87 Safari/537.36"
176.9.2.173 - - [24/May/2017:02:27:19 +0300] "GET / HTTP/1.0" 200 10609 "-" "Mozilla/5.0 (X11; Linux x86_64) AppleWebKit/537.36 (KHTML, like Gecko) Chrome/56.0.2924.87 Safari/537.36"
37.9.118.28 - - [24/May/2017:02:44:27 +0300] "GET / HTTP/1.0" 200 10609 "-" "Mozilla/5.0 (compatible; YandexMetrika/2.0; +http://yandex.com/bots mtmon01i.yandex.ru)"
176.9.2.173 - - [24/May/2017:02:44:37 +0300] "GET / HTTP/1.0" 200 10609 "-" "Mozilla/5.0 (X11; Linux x86_64) AppleWebKit/537.36 (KHTML, like Gecko) Chrome/56.0.2924.87 Safari/537.36"
176.9.2.173 - - [24/May/2017:02:44:40 +0300] "GET / HTTP/1.0" 200 10609 "-" "Mozilla/5.0 (X11; Linux x86_64) AppleWebKit/537.36 (KHTML, like Gecko) Chrome/56.0.2924.87 Safari/537.36"
95.108.129.196 - - [24/May/2017:03:09:38 +0300] "GET / HTTP/1.0" 200 10609 "-" "Mozilla/5.0 (compatible; YandexMetrika/2.0; +http://yandex.com/bots mtmon01e.yandex.ru)"
176.9.2.173 - - [24/May/2017:03:27:28 +0300] "GET / HTTP/1.0" 200 10609 "-" "Mozilla/5.0 (X11; Linux x86_64) AppleWebKit/537.36 (KHTML, like Gecko) Chrome/56.0.2924.87 Safari/537.36"
176.9.2.173 - - [24/May/2017:03:27:28 +0300] "GET / HTTP/1.0" 200 10609 "-" "Mozilla/5.0 (X11; Linux x86_64) AppleWebKit/537.36 (KHTML, like Gecko) Chrome/56.0.2924.87 Safari/537.36"
46.229.164.99 - - [24/May/2017:03:37:27 +0300] "GET /robots.txt HTTP/1.0" 404 290 "-" "Mozilla/5.0 (compatible; SemrushBot/1.2~bl; +http://www.semrush.com/bot.html)"
176.9.2.173 - - [24/May/2017:03:44:55 +0300] "GET / HTTP/1.0" 200 10609 "-" "Mozilla/5.0 (X11; Linux x86_64) AppleWebKit/537.36 (KHTML, like Gecko) Chrome/56.0.2924.87 Safari/537.36"
176.9.2.173 - - [24/May/2017:03:44:59 +0300] "GET / HTTP/1.0" 200 10609 "-" "Mozilla/5.0 (X11; Linux x86_64) AppleWebKit/537.36 (KHTML, like Gecko) Chrome/56.0.2924.87 Safari/537.36"
176.9.2.173 - - [24/May/2017:04:27:39 +0300] "GET / HTTP/1.0" 200 10609 "-" "Mozilla/5.0 (X11; Linux x86_64) AppleWebKit/537.36 (KHTML, like Gecko) Chrome/56.0.2924.87 Safari/537.36"
176.9.2.173 - - [24/May/2017:04:27:39 +0300] "GET / HTTP/1.0" 200 10609 "-" "Mozilla/5.0 (X11; Linux x86_64) AppleWebKit/537.36 (KHTML, like Gecko) Chrome/56.0.2924.87 Safari/537.36"
176.9.2.173 - - [24/May/2017:04:45:04 +0300] "GET / HTTP/1.0" 200 10609 "-" "Mozilla/5.0 (X11; Linux x86_64) AppleWebKit/537.36 (KHTML, like Gecko) Chrome/56.0.2924.87 Safari/537.36"
176.9.2.173 - - [24/May/2017:04:45:05 +0300] "GET / HTTP/1.0" 200 10609 "-" "Mozilla/5.0 (X11; Linux x86_64) AppleWebKit/537.36 (KHTML, like Gecko) Chrome/56.0.2924.87 Safari/537.36"
178.154.224.71 - - [24/May/2017:05:20:34 +0300] "GET / HTTP/1.0" 200 10609 "-" "Mozilla/5.0 (compatible; YandexMetrika/2.0; +http://yandex.com/bots mtmon01f.yandex.ru)"
176.9.2.173 - - [24/May/2017:05:27:57 +0300] "GET / HTTP/1.0" 200 10609 "-" "Mozilla/5.0 (X11; Linux x86_64) AppleWebKit/537.36 (KHTML, like Gecko) Chrome/56.0.2924.87 Safari/537.36"
176.9.2.173 - - [24/May/2017:05:27:57 +0300] "GET / HTTP/1.0" 200 10609 "-" "Mozilla/5.0 (X11; Linux x86_64) AppleWebKit/537.36 (KHTML, like Gecko) Chrome/56.0.2924.87 Safari/537.36"
176.9.2.173 - - [24/May/2017:05:45:12 +0300] "GET / HTTP/1.0" 200 10609 "-" "Mozilla/5.0 (X11; Linux x86_64) AppleWebKit/537.36 (KHTML, like Gecko) Chrome/56.0.2924.87 Safari/537.36"
176.9.2.173 - - [24/May/2017:05:45:32 +0300] "GET / HTTP/1.0" 200 10609 "-" "Mozilla/5.0 (X11; Linux x86_64) AppleWebKit/537.36 (KHTML, like Gecko) Chrome/56.0.2924.87 Safari/537.36"
37.9.118.28 - - [24/May/2017:05:51:30 +0300] "GET / HTTP/1.0" 200 10609 "-" "Mozilla/5.0 (compatible; YandexMetrika/2.0; +http://yandex.com/bots mtmon01i.yandex.ru)"
95.108.129.196 - - [24/May/2017:06:20:09 +0300] "GET / HTTP/1.0" 200 10609 "-" "Mozilla/5.0 (compatible; YandexMetrika/2.0; +http://yandex.com/bots mtmon01e.yandex.ru)"
176.9.2.173 - - [24/May/2017:06:28:02 +0300] "GET / HTTP/1.0" 200 10609 "-" "Mozilla/5.0 (X11; Linux x86_64) AppleWebKit/537.36 (KHTML, like Gecko) Chrome/56.0.2924.87 Safari/537.36"
176.9.2.173 - - [24/May/2017:06:28:02 +0300] "GET / HTTP/1.0" 200 10609 "-" "Mozilla/5.0 (X11; Linux x86_64) AppleWebKit/537.36 (KHTML, like Gecko) Chrome/56.0.2924.87 Safari/537.36"
176.9.2.173 - - [24/May/2017:06:46:03 +0300] "GET / HTTP/1.0" 200 10609 "-" "Mozilla/5.0 (X11; Linux x86_64) AppleWebKit/537.36 (KHTML, like Gecko) Chrome/56.0.2924.87 Safari/537.36"
176.9.2.173 - - [24/May/2017:06:46:04 +0300] "GET / HTTP/1.0" 200 10609 "-" "Mozilla/5.0 (X11; Linux x86_64) AppleWebKit/537.36 (KHTML, like Gecko) Chrome/56.0.2924.87 Safari/537.36"
128.52.128.105 - - [24/May/2017:07:10:15 +0300] "GET /.git/config HTTP/1.0" 404 287 "-" "Mozilla/5.0 (Windows NT 6.1; WOW64) AppleWebKit/535.1 (KHTML, like Gecko) Chrome/13.0.782.112 Safari/535.1"
197.231.221.211 - - [24/May/2017:07:10:30 +0300] "GET /.git/config HTTP/1.0" 404 287 "-" "Mozilla/5.0 (Windows NT 6.1; WOW64) AppleWebKit/535.1 (KHTML, like Gecko) Chrome/13.0.782.112 Safari/535.1"
51.15.50.10 - - [24/May/2017:07:10:35 +0300] "GET /.hg/hgrc HTTP/1.0" 404 284 "-" "Mozilla/5.0 (Windows NT 6.1; WOW64) AppleWebKit/535.1 (KHTML, like Gecko) Chrome/13.0.782.112 Safari/535.1"
197.231.221.211 - - [24/May/2017:07:10:40 +0300] "GET /.hg/hgrc HTTP/1.0" 404 284 "-" "Mozilla/5.0 (Windows NT 6.1; WOW64) AppleWebKit/535.1 (KHTML, like Gecko) Chrome/13.0.782.112 Safari/535.1"
197.231.221.211 - - [24/May/2017:07:10:41 +0300] "GET /.svn/wc.db HTTP/1.0" 404 286 "-" "Mozilla/5.0 (Windows NT 6.1; WOW64) AppleWebKit/535.1 (KHTML, like Gecko) Chrome/13.0.782.112 Safari/535.1"
128.52.128.105 - - [24/May/2017:07:10:42 +0300] "GET /.svn/wc.db HTTP/1.0" 404 286 "-" "Mozilla/5.0 (Windows NT 6.1; WOW64) AppleWebKit/535.1 (KHTML, like Gecko) Chrome/13.0.782.112 Safari/535.1"
185.129.62.63 - - [24/May/2017:07:10:43 +0300] "GET /.svn/format HTTP/1.0" 404 287 "-" "Mozilla/5.0 (Windows NT 6.1; WOW64) AppleWebKit/535.1 (KHTML, like Gecko) Chrome/13.0.782.112 Safari/535.1"
171.25.193.132 - - [24/May/2017:07:10:45 +0300] "GET /.svn/format HTTP/1.0" 404 287 "-" "Mozilla/5.0 (Windows NT 6.1; WOW64) AppleWebKit/535.1 (KHTML, like Gecko) Chrome/13.0.782.112 Safari/535.1"
51.15.50.10 - - [24/May/2017:07:10:46 +0300] "GET /.bzr/branch-format HTTP/1.0" 404 294 "-" "Mozilla/5.0 (Windows NT 6.1; WOW64) AppleWebKit/535.1 (KHTML, like Gecko) Chrome/13.0.782.112 Safari/535.1"
185.129.62.63 - - [24/May/2017:07:10:47 +0300] "GET /.bzr/branch-format HTTP/1.0" 404 294 "-" "Mozilla/5.0 (Windows NT 6.1; WOW64) AppleWebKit/535.1 (KHTML, like Gecko) Chrome/13.0.782.112 Safari/535.1"
171.25.193.132 - - [24/May/2017:07:10:48 +0300] "GET /.bash_history HTTP/1.0" 404 289 "-" "Mozilla/5.0 (Windows NT 6.1; WOW64) AppleWebKit/535.1 (KHTML, like Gecko) Chrome/13.0.782.112 Safari/535.1"
128.52.128.105 - - [24/May/2017:07:10:49 +0300] "GET /.bash_history HTTP/1.0" 404 289 "-" "Mozilla/5.0 (Windows NT 6.1; WOW64) AppleWebKit/535.1 (KHTML, like Gecko) Chrome/13.0.782.112 Safari/535.1"
185.129.62.63 - - [24/May/2017:07:10:50 +0300] "GET /sxd/info.php HTTP/1.0" 404 288 "-" "Mozilla/5.0 (Windows NT 6.1; WOW64) AppleWebKit/535.1 (KHTML, like Gecko) Chrome/13.0.782.112 Safari/535.1"
171.25.193.78 - - [24/May/2017:07:10:50 +0300] "GET /sxd/info.php HTTP/1.0" 404 288 "-" "Mozilla/5.0 (Windows NT 6.1; WOW64) AppleWebKit/535.1 (KHTML, like Gecko) Chrome/13.0.782.112 Safari/535.1"
128.52.128.105 - - [24/May/2017:07:10:51 +0300] "GET /backup/info.php HTTP/1.0" 404 291 "-" "Mozilla/5.0 (Windows NT 6.1; WOW64) AppleWebKit/535.1 (KHTML, like Gecko) Chrome/13.0.782.112 Safari/535.1"
185.129.62.63 - - [24/May/2017:07:10:52 +0300] "GET /backup/info.php HTTP/1.0" 404 291 "-" "Mozilla/5.0 (Windows NT 6.1; WOW64) AppleWebKit/535.1 (KHTML, like Gecko) Chrome/13.0.782.112 Safari/535.1"
185.170.42.4 - - [24/May/2017:07:10:52 +0300] "GET /.git/config HTTP/1.0" 404 291 "-" "Mozilla/5.0 (Windows NT 6.1; WOW64) AppleWebKit/535.1 (KHTML, like Gecko) Chrome/13.0.782.112 Safari/535.1"
185.129.62.63 - - [24/May/2017:07:10:53 +0300] "GET /.git/config HTTP/1.0" 404 291 "-" "Mozilla/5.0 (Windows NT 6.1; WOW64) AppleWebKit/535.1 (KHTML, like Gecko) Chrome/13.0.782.112 Safari/535.1"
51.15.50.10 - - [24/May/2017:07:10:54 +0300] "GET /.hg/hgrc HTTP/1.0" 404 288 "-" "Mozilla/5.0 (Windows NT 6.1; WOW64) AppleWebKit/535.1 (KHTML, like Gecko) Chrome/13.0.782.112 Safari/535.1"
185.129.62.63 - - [24/May/2017:07:10:55 +0300] "GET /.hg/hgrc HTTP/1.0" 404 288 "-" "Mozilla/5.0 (Windows NT 6.1; WOW64) AppleWebKit/535.1 (KHTML, like Gecko) Chrome/13.0.782.112 Safari/535.1"
185.129.62.63 - - [24/May/2017:07:10:55 +0300] "GET /.svn/wc.db HTTP/1.0" 404 290 "-" "Mozilla/5.0 (Windows NT 6.1; WOW64) AppleWebKit/535.1 (KHTML, like Gecko) Chrome/13.0.782.112 Safari/535.1"
185.129.62.63 - - [24/May/2017:07:10:56 +0300] "GET /.svn/wc.db HTTP/1.0" 404 290 "-" "Mozilla/5.0 (Windows NT 6.1; WOW64) AppleWebKit/535.1 (KHTML, like Gecko) Chrome/13.0.782.112 Safari/535.1"
197.231.221.211 - - [24/May/2017:07:10:57 +0300] "GET /.svn/format HTTP/1.0" 404 291 "-" "Mozilla/5.0 (Windows NT 6.1; WOW64) AppleWebKit/535.1 (KHTML, like Gecko) Chrome/13.0.782.112 Safari/535.1"
171.25.193.132 - - [24/May/2017:07:11:00 +0300] "GET /.svn/format HTTP/1.0" 404 291 "-" "Mozilla/5.0 (Windows NT 6.1; WOW64) AppleWebKit/535.1 (KHTML, like Gecko) Chrome/13.0.782.112 Safari/535.1"
185.129.62.63 - - [24/May/2017:07:11:01 +0300] "GET /.bzr/branch-format HTTP/1.0" 404 298 "-" "Mozilla/5.0 (Windows NT 6.1; WOW64) AppleWebKit/535.1 (KHTML, like Gecko) Chrome/13.0.782.112 Safari/535.1"
197.231.221.211 - - [24/May/2017:07:11:02 +0300] "GET /.bzr/branch-format HTTP/1.0" 404 298 "-" "Mozilla/5.0 (Windows NT 6.1; WOW64) AppleWebKit/535.1 (KHTML, like Gecko) Chrome/13.0.782.112 Safari/535.1"
185.129.62.63 - - [24/May/2017:07:11:02 +0300] "GET /.bash_history HTTP/1.0" 404 293 "-" "Mozilla/5.0 (Windows NT 6.1; WOW64) AppleWebKit/535.1 (KHTML, like Gecko) Chrome/13.0.782.112 Safari/535.1"
171.25.193.132 - - [24/May/2017:07:11:05 +0300] "GET /.bash_history HTTP/1.0" 404 293 "-" "Mozilla/5.0 (Windows NT 6.1; WOW64) AppleWebKit/535.1 (KHTML, like Gecko) Chrome/13.0.782.112 Safari/535.1"
185.129.62.63 - - [24/May/2017:07:11:11 +0300] "GET /sxd/info.php HTTP/1.0" 404 292 "-" "Mozilla/5.0 (Windows NT 6.1; WOW64) AppleWebKit/535.1 (KHTML, like Gecko) Chrome/13.0.782.112 Safari/535.1"
171.25.193.132 - - [24/May/2017:07:11:14 +0300] "GET /backup/info.php HTTP/1.0" 404 295 "-" "Mozilla/5.0 (Windows NT 6.1; WOW64) AppleWebKit/535.1 (KHTML, like Gecko) Chrome/13.0.782.112 Safari/535.1"
176.9.2.173 - - [24/May/2017:07:28:21 +0300] "GET / HTTP/1.0" 200 10609 "-" "Mozilla/5.0 (X11; Linux x86_64) AppleWebKit/537.36 (KHTML, like Gecko) Chrome/56.0.2924.87 Safari/537.36"
176.9.2.173 - - [24/May/2017:07:28:21 +0300] "GET / HTTP/1.0" 200 10609 "-" "Mozilla/5.0 (X11; Linux x86_64) AppleWebKit/537.36 (KHTML, like Gecko) Chrome/56.0.2924.87 Safari/537.36"
107.21.1.8 - - [24/May/2017:07:32:53 +0300] "GET / HTTP/1.0" 200 10609 "http://bitfaucet.ru/" "Mozilla/5.0 (compatible; DuckDuckGo-Favicons-Bot/1.0; +http://duckduckgo.com)"
107.21.1.8 - - [24/May/2017:07:32:53 +0300] "GET /favicon.ico HTTP/1.0" 404 287 "http://bitfaucet.ru/favicon.ico" "Mozilla/5.0 (compatible; DuckDuckGo-Favicons-Bot/1.0; +http://duckduckgo.com)"
176.9.2.173 - - [24/May/2017:07:46:17 +0300] "GET / HTTP/1.0" 200 10609 "-" "Mozilla/5.0 (X11; Linux x86_64) AppleWebKit/537.36 (KHTML, like Gecko) Chrome/56.0.2924.87 Safari/537.36"
176.9.2.173 - - [24/May/2017:08:28:36 +0300] "GET / HTTP/1.0" 200 10609 "-" "Mozilla/5.0 (X11; Linux x86_64) AppleWebKit/537.36 (KHTML, like Gecko) Chrome/56.0.2924.87 Safari/537.36"
176.9.2.173 - - [24/May/2017:08:28:36 +0300] "GET / HTTP/1.0" 200 10609 "-" "Mozilla/5.0 (X11; Linux x86_64) AppleWebKit/537.36 (KHTML, like Gecko) Chrome/56.0.2924.87 Safari/537.36"
178.154.224.71 - - [24/May/2017:08:32:58 +0300] "GET / HTTP/1.0" 200 10609 "-" "Mozilla/5.0 (compatible; YandexMetrika/2.0; +http://yandex.com/bots mtmon01f.yandex.ru)"
176.9.2.173 - - [24/May/2017:08:46:29 +0300] "GET / HTTP/1.0" 200 10609 "-" "Mozilla/5.0 (X11; Linux x86_64) AppleWebKit/537.36 (KHTML, like Gecko) Chrome/56.0.2924.87 Safari/537.36"
37.9.118.28 - - [24/May/2017:09:01:58 +0300] "GET / HTTP/1.0" 200 10609 "-" "Mozilla/5.0 (compatible; YandexMetrika/2.0; +http://yandex.com/bots mtmon01i.yandex.ru)"
95.108.129.196 - - [24/May/2017:09:23:47 +0300] "GET / HTTP/1.0" 200 10609 "-" "Mozilla/5.0 (compatible; YandexMetrika/2.0; +http://yandex.com/bots mtmon01e.yandex.ru)"
176.9.2.173 - - [24/May/2017:09:28:49 +0300] "GET / HTTP/1.0" 200 10609 "-" "Mozilla/5.0 (X11; Linux x86_64) AppleWebKit/537.36 (KHTML, like Gecko) Chrome/56.0.2924.87 Safari/537.36"
176.9.2.173 - - [24/May/2017:09:28:49 +0300] "GET / HTTP/1.0" 200 10609 "-" "Mozilla/5.0 (X11; Linux x86_64) AppleWebKit/537.36 (KHTML, like Gecko) Chrome/56.0.2924.87 Safari/537.36"
176.9.2.173 - - [24/May/2017:09:46:39 +0300] "GET / HTTP/1.0" 200 10609 "-" "Mozilla/5.0 (X11; Linux x86_64) AppleWebKit/537.36 (KHTML, like Gecko) Chrome/56.0.2924.87 Safari/537.36"
212.109.217.105 - - [24/May/2017:09:57:29 +0300] "GET / HTTP/1.0" 200 10609 "-" "-"
202.46.52.18 - - [24/May/2017:10:02:11 +0300] "GET / HTTP/1.0" 200 10609 "-" "Mozilla/5.0 (Windows NT 10.0; WOW64) AppleWebKit/537.36 (KHTML, like Gecko) Chrome/45.0.2454.93 Safari/537.36"
176.9.2.173 - - [24/May/2017:10:29:01 +0300] "GET / HTTP/1.0" 200 10609 "-" "Mozilla/5.0 (X11; Linux x86_64) AppleWebKit/537.36 (KHTML, like Gecko) Chrome/56.0.2924.87 Safari/537.36"
176.9.2.173 - - [24/May/2017:10:29:01 +0300] "GET / HTTP/1.0" 200 10609 "-" "Mozilla/5.0 (X11; Linux x86_64) AppleWebKit/537.36 (KHTML, like Gecko) Chrome/56.0.2924.87 Safari/537.36"
176.9.2.173 - - [24/May/2017:10:47:01 +0300] "GET / HTTP/1.0" 200 10609 "-" "Mozilla/5.0 (X11; Linux x86_64) AppleWebKit/537.36 (KHTML, like Gecko) Chrome/56.0.2924.87 Safari/537.36"
176.9.2.173 - - [24/May/2017:10:47:01 +0300] "GET / HTTP/1.0" 200 10609 "-" "Mozilla/5.0 (X11; Linux x86_64) AppleWebKit/537.36 (KHTML, like Gecko) Chrome/56.0.2924.87 Safari/537.36"
176.9.2.173 - - [24/May/2017:10:47:01 +0300] "GET / HTTP/1.0" 200 10609 "-" "Mozilla/5.0 (X11; Linux x86_64) AppleWebKit/537.36 (KHTML, like Gecko) Chrome/56.0.2924.87 Safari/537.36"
176.9.2.173 - - [24/May/2017:10:47:02 +0300] "GET / HTTP/1.0" 200 10609 "-" "Mozilla/5.0 (X11; Linux x86_64) AppleWebKit/537.36 (KHTML, like Gecko) Chrome/56.0.2924.87 Safari/537.36"
176.9.2.173 - - [24/May/2017:11:29:13 +0300] "GET / HTTP/1.0" 503 401 "-" "Mozilla/5.0 (X11; Linux x86_64) AppleWebKit/537.36 (KHTML, like Gecko) Chrome/56.0.2924.87 Safari/537.36"
176.9.2.173 - - [24/May/2017:11:29:13 +0300] "GET / HTTP/1.0" 503 401 "-" "Mozilla/5.0 (X11; Linux x86_64) AppleWebKit/537.36 (KHTML, like Gecko) Chrome/56.0.2924.87 Safari/537.36"
176.9.2.173 - - [24/May/2017:11:29:13 +0300] "GET / HTTP/1.0" 503 401 "-" "Mozilla/5.0 (X11; Linux x86_64) AppleWebKit/537.36 (KHTML, like Gecko) Chrome/56.0.2924.87 Safari/537.36"
176.9.2.173 - - [24/May/2017:11:29:13 +0300] "GET / HTTP/1.0" 503 401 "-" "Mozilla/5.0 (X11; Linux x86_64) AppleWebKit/537.36 (KHTML, like Gecko) Chrome/56.0.2924.87 Safari/537.36"
54.88.17.196 - - [24/May/2017:11:37:41 +0300] "GET / HTTP/1.0" 200 10609 "-" "Mozilla/5.0 (X11; Ubuntu; Linux x86_64; rv:30.0) Gecko/20100101 Firefox/30.0"
178.154.224.71 - - [24/May/2017:11:45:51 +0300] "GET / HTTP/1.0" 200 10609 "-" "Mozilla/5.0 (compatible; YandexMetrika/2.0; +http://yandex.com/bots mtmon01f.yandex.ru)"
176.9.2.173 - - [24/May/2017:11:47:07 +0300] "GET / HTTP/1.0" 200 10609 "-" "Mozilla/5.0 (X11; Linux x86_64) AppleWebKit/537.36 (KHTML, like Gecko) Chrome/56.0.2924.87 Safari/537.36"
176.9.2.173 - - [24/May/2017:11:47:09 +0300] "GET / HTTP/1.0" 200 10609 "-" "Mozilla/5.0 (X11; Linux x86_64) AppleWebKit/537.36 (KHTML, like Gecko) Chrome/56.0.2924.87 Safari/537.36"
37.9.118.28 - - [24/May/2017:12:11:07 +0300] "GET / HTTP/1.0" 200 10609 "-" "Mozilla/5.0 (compatible; YandexMetrika/2.0; +http://yandex.com/bots mtmon01i.yandex.ru)"
176.9.2.173 - - [24/May/2017:12:29:31 +0300] "GET / HTTP/1.0" 503 401 "-" "Mozilla/5.0 (X11; Linux x86_64) AppleWebKit/537.36 (KHTML, like Gecko) Chrome/56.0.2924.87 Safari/537.36"
176.9.2.173 - - [24/May/2017:12:29:25 +0300] "GET / HTTP/1.0" 200 10609 "-" "Mozilla/5.0 (X11; Linux x86_64) AppleWebKit/537.36 (KHTML, like Gecko) Chrome/56.0.2924.87 Safari/537.36"
176.9.2.173 - - [24/May/2017:12:29:31 +0300] "GET / HTTP/1.0" 200 10609 "-" "Mozilla/5.0 (X11; Linux x86_64) AppleWebKit/537.36 (KHTML, like Gecko) Chrome/56.0.2924.87 Safari/537.36"
176.9.2.173 - - [24/May/2017:12:29:25 +0300] "GET / HTTP/1.0" 200 10609 "-" "Mozilla/5.0 (X11; Linux x86_64) AppleWebKit/537.36 (KHTML, like Gecko) Chrome/56.0.2924.87 Safari/537.36"
176.9.2.173 - - [24/May/2017:12:29:51 +0300] "GET / HTTP/1.0" 200 10609 "-" "Mozilla/5.0 (X11; Linux x86_64) AppleWebKit/537.36 (KHTML, like Gecko) Chrome/56.0.2924.87 Safari/537.36"
176.9.2.173 - - [24/May/2017:12:29:51 +0300] "GET / HTTP/1.0" 200 10609 "-" "Mozilla/5.0 (X11; Linux x86_64) AppleWebKit/537.36 (KHTML, like Gecko) Chrome/56.0.2924.87 Safari/537.36"
95.108.129.196 - - [24/May/2017:12:31:48 +0300] "GET / HTTP/1.0" 200 10609 "-" "Mozilla/5.0 (compatible; YandexMetrika/2.0; +http://yandex.com/bots mtmon01e.yandex.ru)"
176.9.2.173 - - [24/May/2017:12:47:17 +0300] "GET / HTTP/1.0" 200 10609 "-" "Mozilla/5.0 (X11; Linux x86_64) AppleWebKit/537.36 (KHTML, like Gecko) Chrome/56.0.2924.87 Safari/537.36"
176.9.2.173 - - [24/May/2017:12:47:18 +0300] "GET / HTTP/1.0" 200 10609 "-" "Mozilla/5.0 (X11; Linux x86_64) AppleWebKit/537.36 (KHTML, like Gecko) Chrome/56.0.2924.87 Safari/537.36"
176.9.2.173 - - [24/May/2017:13:30:24 +0300] "GET / HTTP/1.0" 503 401 "-" "Mozilla/5.0 (X11; Linux x86_64) AppleWebKit/537.36 (KHTML, like Gecko) Chrome/56.0.2924.87 Safari/537.36"
176.9.2.173 - - [24/May/2017:13:30:24 +0300] "GET / HTTP/1.0" 503 401 "-" "Mozilla/5.0 (X11; Linux x86_64) AppleWebKit/537.36 (KHTML, like Gecko) Chrome/56.0.2924.87 Safari/537.36"
176.9.2.173 - - [24/May/2017:13:30:23 +0300] "GET / HTTP/1.0" 200 10609 "-" "Mozilla/5.0 (X11; Linux x86_64) AppleWebKit/537.36 (KHTML, like Gecko) Chrome/56.0.2924.87 Safari/537.36"
176.9.2.173 - - [24/May/2017:13:30:23 +0300] "GET / HTTP/1.0" 200 10609 "-" "Mozilla/5.0 (X11; Linux x86_64) AppleWebKit/537.36 (KHTML, like Gecko) Chrome/56.0.2924.87 Safari/537.36"
176.9.2.173 - - [24/May/2017:13:47:26 +0300] "GET / HTTP/1.0" 200 10609 "-" "Mozilla/5.0 (X11; Linux x86_64) AppleWebKit/537.36 (KHTML, like Gecko) Chrome/56.0.2924.87 Safari/537.36"
176.9.2.173 - - [24/May/2017:13:47:26 +0300] "GET / HTTP/1.0" 200 10609 "-" "Mozilla/5.0 (X11; Linux x86_64) AppleWebKit/537.36 (KHTML, like Gecko) Chrome/56.0.2924.87 Safari/537.36"
176.9.2.173 - - [24/May/2017:14:30:45 +0300] "GET / HTTP/1.0" 503 401 "-" "Mozilla/5.0 (X11; Linux x86_64) AppleWebKit/537.36 (KHTML, like Gecko) Chrome/56.0.2924.87 Safari/537.36"
176.9.2.173 - - [24/May/2017:14:30:45 +0300] "GET / HTTP/1.0" 503 401 "-" "Mozilla/5.0 (X11; Linux x86_64) AppleWebKit/537.36 (KHTML, like Gecko) Chrome/56.0.2924.87 Safari/537.36"
176.9.2.173 - - [24/May/2017:14:30:45 +0300] "GET / HTTP/1.0" 503 401 "-" "Mozilla/5.0 (X11; Linux x86_64) AppleWebKit/537.36 (KHTML, like Gecko) Chrome/56.0.2924.87 Safari/537.36"
176.9.2.173 - - [24/May/2017:14:30:45 +0300] "GET / HTTP/1.0" 503 401 "-" "Mozilla/5.0 (X11; Linux x86_64) AppleWebKit/537.36 (KHTML, like Gecko) Chrome/56.0.2924.87 Safari/537.36"
176.9.2.173 - - [24/May/2017:14:31:05 +0300] "GET / HTTP/1.0" 200 10609 "-" "Mozilla/5.0 (X11; Linux x86_64) AppleWebKit/537.36 (KHTML, like Gecko) Chrome/56.0.2924.87 Safari/537.36"
176.9.2.173 - - [24/May/2017:14:31:05 +0300] "GET / HTTP/1.0" 200 10609 "-" "Mozilla/5.0 (X11; Linux x86_64) AppleWebKit/537.36 (KHTML, like Gecko) Chrome/56.0.2924.87 Safari/537.36"
176.9.2.173 - - [24/May/2017:14:47:31 +0300] "GET / HTTP/1.0" 200 10609 "-" "Mozilla/5.0 (X11; Linux x86_64) AppleWebKit/537.36 (KHTML, like Gecko) Chrome/56.0.2924.87 Safari/537.36"
176.9.2.173 - - [24/May/2017:14:47:32 +0300] "GET / HTTP/1.0" 200 10609 "-" "Mozilla/5.0 (X11; Linux x86_64) AppleWebKit/537.36 (KHTML, like Gecko) Chrome/56.0.2924.87 Safari/537.36"
178.154.224.71 - - [24/May/2017:14:54:33 +0300] "GET / HTTP/1.0" 200 10609 "-" "Mozilla/5.0 (compatible; YandexMetrika/2.0; +http://yandex.com/bots mtmon01f.yandex.ru)"
37.9.118.28 - - [24/May/2017:15:18:21 +0300] "GET / HTTP/1.0" 200 10609 "-" "Mozilla/5.0 (compatible; YandexMetrika/2.0; +http://yandex.com/bots mtmon01i.yandex.ru)"
176.9.2.173 - - [24/May/2017:15:31:16 +0300] "GET / HTTP/1.0" 200 10609 "-" "Mozilla/5.0 (X11; Linux x86_64) AppleWebKit/537.36 (KHTML, like Gecko) Chrome/56.0.2924.87 Safari/537.36"
176.9.2.173 - - [24/May/2017:15:31:16 +0300] "GET / HTTP/1.0" 200 10609 "-" "Mozilla/5.0 (X11; Linux x86_64) AppleWebKit/537.36 (KHTML, like Gecko) Chrome/56.0.2924.87 Safari/537.36"
176.9.2.173 - - [24/May/2017:15:31:17 +0300] "GET / HTTP/1.0" 200 10609 "-" "Mozilla/5.0 (X11; Linux x86_64) AppleWebKit/537.36 (KHTML, like Gecko) Chrome/56.0.2924.87 Safari/537.36"
176.9.2.173 - - [24/May/2017:15:31:17 +0300] "GET / HTTP/1.0" 200 10609 "-" "Mozilla/5.0 (X11; Linux x86_64) AppleWebKit/537.36 (KHTML, like Gecko) Chrome/56.0.2924.87 Safari/537.36"
95.108.129.196 - - [24/May/2017:15:41:11 +0300] "GET / HTTP/1.0" 200 10609 "-" "Mozilla/5.0 (compatible; YandexMetrika/2.0; +http://yandex.com/bots mtmon01e.yandex.ru)"
176.9.2.173 - - [24/May/2017:15:47:43 +0300] "GET / HTTP/1.0" 200 10609 "-" "Mozilla/5.0 (X11; Linux x86_64) AppleWebKit/537.36 (KHTML, like Gecko) Chrome/56.0.2924.87 Safari/537.36"
176.9.2.173 - - [24/May/2017:15:47:43 +0300] "GET / HTTP/1.0" 200 10609 "-" "Mozilla/5.0 (X11; Linux x86_64) AppleWebKit/537.36 (KHTML, like Gecko) Chrome/56.0.2924.87 Safari/537.36"
176.9.2.173 - - [24/May/2017:15:48:04 +0300] "GET / HTTP/1.0" 200 10609 "-" "Mozilla/5.0 (X11; Linux x86_64) AppleWebKit/537.36 (KHTML, like Gecko) Chrome/56.0.2924.87 Safari/537.36"
176.9.2.173 - - [24/May/2017:16:31:47 +0300] "GET / HTTP/1.0" 200 10609 "-" "Mozilla/5.0 (X11; Linux x86_64) AppleWebKit/537.36 (KHTML, like Gecko) Chrome/56.0.2924.87 Safari/537.36"
176.9.2.173 - - [24/May/2017:16:31:47 +0300] "GET / HTTP/1.0" 200 10609 "-" "Mozilla/5.0 (X11; Linux x86_64) AppleWebKit/537.36 (KHTML, like Gecko) Chrome/56.0.2924.87 Safari/537.36"
176.9.2.173 - - [24/May/2017:16:31:48 +0300] "GET / HTTP/1.0" 200 10609 "-" "Mozilla/5.0 (X11; Linux x86_64) AppleWebKit/537.36 (KHTML, like Gecko) Chrome/56.0.2924.87 Safari/537.36"
176.9.2.173 - - [24/May/2017:16:31:48 +0300] "GET / HTTP/1.0" 200 10609 "-" "Mozilla/5.0 (X11; Linux x86_64) AppleWebKit/537.36 (KHTML, like Gecko) Chrome/56.0.2924.87 Safari/537.36"
176.9.2.173 - - [24/May/2017:16:32:08 +0300] "GET / HTTP/1.0" 200 10609 "-" "Mozilla/5.0 (X11; Linux x86_64) AppleWebKit/537.36 (KHTML, like Gecko) Chrome/56.0.2924.87 Safari/537.36"
176.9.2.173 - - [24/May/2017:16:48:14 +0300] "GET / HTTP/1.0" 200 10609 "-" "Mozilla/5.0 (X11; Linux x86_64) AppleWebKit/537.36 (KHTML, like Gecko) Chrome/56.0.2924.87 Safari/537.36"
176.9.2.173 - - [24/May/2017:16:48:14 +0300] "GET / HTTP/1.0" 200 10609 "-" "Mozilla/5.0 (X11; Linux x86_64) AppleWebKit/537.36 (KHTML, like Gecko) Chrome/56.0.2924.87 Safari/537.36"
176.9.2.173 - - [24/May/2017:17:32:12 +0300] "GET / HTTP/1.0" 200 10609 "-" "Mozilla/5.0 (X11; Linux x86_64) AppleWebKit/537.36 (KHTML, like Gecko) Chrome/56.0.2924.87 Safari/537.36"
176.9.2.173 - - [24/May/2017:17:32:13 +0300] "GET / HTTP/1.0" 200 10609 "-" "Mozilla/5.0 (X11; Linux x86_64) AppleWebKit/537.36 (KHTML, like Gecko) Chrome/56.0.2924.87 Safari/537.36"
176.9.2.173 - - [24/May/2017:17:32:13 +0300] "GET / HTTP/1.0" 200 10609 "-" "Mozilla/5.0 (X11; Linux x86_64) AppleWebKit/537.36 (KHTML, like Gecko) Chrome/56.0.2924.87 Safari/537.36"
176.9.2.173 - - [24/May/2017:17:32:14 +0300] "GET / HTTP/1.0" 200 10609 "-" "Mozilla/5.0 (X11; Linux x86_64) AppleWebKit/537.36 (KHTML, like Gecko) Chrome/56.0.2924.87 Safari/537.36"
176.9.2.173 - - [24/May/2017:17:48:28 +0300] "GET / HTTP/1.0" 200 10609 "-" "Mozilla/5.0 (X11; Linux x86_64) AppleWebKit/537.36 (KHTML, like Gecko) Chrome/56.0.2924.87 Safari/537.36"
176.9.2.173 - - [24/May/2017:17:48:28 +0300] "GET / HTTP/1.0" 200 10609 "-" "Mozilla/5.0 (X11; Linux x86_64) AppleWebKit/537.36 (KHTML, like Gecko) Chrome/56.0.2924.87 Safari/537.36"
176.9.2.173 - - [24/May/2017:17:48:49 +0300] "GET / HTTP/1.0" 200 10609 "-" "Mozilla/5.0 (X11; Linux x86_64) AppleWebKit/537.36 (KHTML, like Gecko) Chrome/56.0.2924.87 Safari/537.36"
178.154.224.71 - - [24/May/2017:18:17:22 +0300] "GET / HTTP/1.0" 200 10609 "-" "Mozilla/5.0 (compatible; YandexMetrika/2.0; +http://yandex.com/bots mtmon01f.yandex.ru)"
37.9.118.28 - - [24/May/2017:18:29:45 +0300] "GET / HTTP/1.0" 200 10609 "-" "Mozilla/5.0 (compatible; YandexMetrika/2.0; +http://yandex.com/bots mtmon01i.yandex.ru)"
176.9.2.173 - - [24/May/2017:18:32:17 +0300] "GET / HTTP/1.0" 200 10609 "-" "Mozilla/5.0 (X11; Linux x86_64) AppleWebKit/537.36 (KHTML, like Gecko) Chrome/56.0.2924.87 Safari/537.36"
176.9.2.173 - - [24/May/2017:18:32:17 +0300] "GET / HTTP/1.0" 200 10609 "-" "Mozilla/5.0 (X11; Linux x86_64) AppleWebKit/537.36 (KHTML, like Gecko) Chrome/56.0.2924.87 Safari/537.36"
176.9.2.173 - - [24/May/2017:18:32:18 +0300] "GET / HTTP/1.0" 200 10609 "-" "Mozilla/5.0 (X11; Linux x86_64) AppleWebKit/537.36 (KHTML, like Gecko) Chrome/56.0.2924.87 Safari/537.36"
176.9.2.173 - - [24/May/2017:18:32:18 +0300] "GET / HTTP/1.0" 200 10609 "-" "Mozilla/5.0 (X11; Linux x86_64) AppleWebKit/537.36 (KHTML, like Gecko) Chrome/56.0.2924.87 Safari/537.36"
95.108.129.196 - - [24/May/2017:18:45:08 +0300] "GET / HTTP/1.0" 200 10609 "-" "Mozilla/5.0 (compatible; YandexMetrika/2.0; +http://yandex.com/bots mtmon01e.yandex.ru)"
176.9.2.173 - - [24/May/2017:18:49:02 +0300] "GET / HTTP/1.0" 200 10609 "-" "Mozilla/5.0 (X11; Linux x86_64) AppleWebKit/537.36 (KHTML, like Gecko) Chrome/56.0.2924.87 Safari/537.36"
212.193.117.227 - - [24/May/2017:19:16:10 +0300] "GET / HTTP/1.0" 200 10609 "" "Mozilla/5.0 (compatible; statdom.ru/Bot; +http://statdom.ru/bot.html)"
212.193.117.227 - - [24/May/2017:19:16:21 +0300] "GET /favicon.ico HTTP/1.0" 404 287 "" "Mozilla/5.0 (compatible; statdom.ru/Bot; +http://statdom.ru/bot.html)"
37.9.118.29 - - [24/May/2017:19:30:51 +0300] "GET / HTTP/1.0" 200 10609 "-" "Mozilla/5.0 (compatible; YandexMetrika/2.0; +http://yandex.com/bots)"
37.9.118.29 - - [24/May/2017:19:30:51 +0300] "GET /templates/style/javascript/analytic.js HTTP/1.1" 200 388 "http://bitfaucet.ru/" "Mozilla/5.0 (compatible; YandexMetrika/2.0; +http://yandex.com/bots)"
37.9.118.29 - - [24/May/2017:19:30:52 +0300] "GET /templates/style/javascript/common.js HTTP/1.1" 200 1131 "http://bitfaucet.ru/" "Mozilla/5.0 (compatible; YandexMetrika/2.0; +http://yandex.com/bots)"
176.9.2.173 - - [24/May/2017:19:32:26 +0300] "GET / HTTP/1.0" 200 10609 "-" "Mozilla/5.0 (X11; Linux x86_64) AppleWebKit/537.36 (KHTML, like Gecko) Chrome/56.0.2924.87 Safari/537.36"
176.9.2.173 - - [24/May/2017:19:32:26 +0300] "GET / HTTP/1.0" 200 10609 "-" "Mozilla/5.0 (X11; Linux x86_64) AppleWebKit/537.36 (KHTML, like Gecko) Chrome/56.0.2924.87 Safari/537.36"
176.9.2.173 - - [24/May/2017:19:49:14 +0300] "GET / HTTP/1.0" 200 10609 "-" "Mozilla/5.0 (X11; Linux x86_64) AppleWebKit/537.36 (KHTML, like Gecko) Chrome/56.0.2924.87 Safari/537.36"
176.9.2.173 - - [24/May/2017:19:49:15 +0300] "GET / HTTP/1.0" 200 10609 "-" "Mozilla/5.0 (X11; Linux x86_64) AppleWebKit/537.36 (KHTML, like Gecko) Chrome/56.0.2924.87 Safari/537.36"
176.9.2.173 - - [24/May/2017:20:32:44 +0300] "GET / HTTP/1.0" 200 10609 "-" "Mozilla/5.0 (X11; Linux x86_64) AppleWebKit/537.36 (KHTML, like Gecko) Chrome/56.0.2924.87 Safari/537.36"
176.9.2.173 - - [24/May/2017:20:32:44 +0300] "GET / HTTP/1.0" 200 10609 "-" "Mozilla/5.0 (X11; Linux x86_64) AppleWebKit/537.36 (KHTML, like Gecko) Chrome/56.0.2924.87 Safari/537.36"
176.9.2.173 - - [24/May/2017:20:49:36 +0300] "GET / HTTP/1.0" 200 10609 "-" "Mozilla/5.0 (X11; Linux x86_64) AppleWebKit/537.36 (KHTML, like Gecko) Chrome/56.0.2924.87 Safari/537.36"
176.9.2.173 - - [24/May/2017:20:49:36 +0300] "GET / HTTP/1.0" 200 10609 "-" "Mozilla/5.0 (X11; Linux x86_64) AppleWebKit/537.36 (KHTML, like Gecko) Chrome/56.0.2924.87 Safari/537.36"
176.9.2.173 - - [24/May/2017:20:49:54 +0300] "GET / HTTP/1.0" 200 10609 "-" "Mozilla/5.0 (X11; Linux x86_64) AppleWebKit/537.36 (KHTML, like Gecko) Chrome/56.0.2924.87 Safari/537.36"
176.9.2.173 - - [24/May/2017:21:32:51 +0300] "GET / HTTP/1.0" 200 10609 "-" "Mozilla/5.0 (X11; Linux x86_64) AppleWebKit/537.36 (KHTML, like Gecko) Chrome/56.0.2924.87 Safari/537.36"
176.9.2.173 - - [24/May/2017:21:32:51 +0300] "GET / HTTP/1.0" 200 10609 "-" "Mozilla/5.0 (X11; Linux x86_64) AppleWebKit/537.36 (KHTML, like Gecko) Chrome/56.0.2924.87 Safari/537.36"
176.9.2.173 - - [24/May/2017:21:32:51 +0300] "GET / HTTP/1.0" 200 10609 "-" "Mozilla/5.0 (X11; Linux x86_64) AppleWebKit/537.36 (KHTML, like Gecko) Chrome/56.0.2924.87 Safari/537.36"
176.9.2.173 - - [24/May/2017:21:32:51 +0300] "GET / HTTP/1.0" 200 10609 "-" "Mozilla/5.0 (X11; Linux x86_64) AppleWebKit/537.36 (KHTML, like Gecko) Chrome/56.0.2924.87 Safari/537.36"
178.154.224.71 - - [24/May/2017:21:32:50 +0300] "GET / HTTP/1.0" 200 10609 "-" "Mozilla/5.0 (compatible; YandexMetrika/2.0; +http://yandex.com/bots mtmon01f.yandex.ru)"
37.9.118.28 - - [24/May/2017:21:38:21 +0300] "GET / HTTP/1.0" 200 10609 "-" "Mozilla/5.0 (compatible; YandexMetrika/2.0; +http://yandex.com/bots mtmon01i.yandex.ru)"
176.9.2.173 - - [24/May/2017:21:50:27 +0300] "GET / HTTP/1.0" 200 10609 "-" "Mozilla/5.0 (X11; Linux x86_64) AppleWebKit/537.36 (KHTML, like Gecko) Chrome/56.0.2924.87 Safari/537.36"
176.9.2.173 - - [24/May/2017:21:50:48 +0300] "GET / HTTP/1.0" 200 10609 "-" "Mozilla/5.0 (X11; Linux x86_64) AppleWebKit/537.36 (KHTML, like Gecko) Chrome/56.0.2924.87 Safari/537.36"
