46.48.13.161 - - [21/May/2017:19:43:11 +0300] "GET / HTTP/1.0" 200 10609 "http://bitfaucet.ssve.ru/SEO" "Mozilla/5.0 (Windows NT 10.0; Win64; x64) AppleWebKit/537.36 (KHTML, like Gecko) Chrome/56.0.2924.87 Safari/537.36"
178.154.224.71 - - [21/May/2017:20:07:35 +0300] "GET / HTTP/1.0" 200 10609 "-" "Mozilla/5.0 (compatible; YandexMetrika/2.0; +http://yandex.com/bots mtmon01f.yandex.ru)"
176.9.2.173 - - [21/May/2017:20:14:14 +0300] "GET / HTTP/1.0" 200 10609 "-" "Mozilla/5.0 (X11; Linux x86_64) AppleWebKit/537.36 (KHTML, like Gecko) Chrome/56.0.2924.87 Safari/537.36"
176.9.2.173 - - [21/May/2017:20:14:14 +0300] "GET / HTTP/1.0" 200 10609 "-" "Mozilla/5.0 (X11; Linux x86_64) AppleWebKit/537.36 (KHTML, like Gecko) Chrome/56.0.2924.87 Safari/537.36"
204.79.180.164 - - [21/May/2017:20:20:02 +0300] "GET / HTTP/1.0" 200 10609 "-" "Mozilla/5.0 (compatible; MSIE 9.0; Windows NT 6.1; Trident/5.0;  Trident/5.0)"
204.79.180.4 - - [21/May/2017:20:20:03 +0300] "GET /templates/style/javascript/analytic.js HTTP/1.1" 200 388 "http://bitfaucet.ru/" "Mozilla/5.0 (compatible; MSIE 9.0; Windows NT 6.1; Trident/5.0;  Trident/5.0)"
204.79.180.25 - - [21/May/2017:20:20:04 +0300] "GET /templates/style/javascript/common.js HTTP/1.1" 200 1131 "http://bitfaucet.ru/" "Mozilla/5.0 (compatible; MSIE 9.0; Windows NT 6.1; Trident/5.0;  Trident/5.0)"
204.79.180.129 - - [21/May/2017:20:20:06 +0300] "GET /templates/style/css/style.css HTTP/1.1" 200 117 "http://bitfaucet.ru/" "Mozilla/5.0 (compatible; MSIE 9.0; Windows NT 6.1; Trident/5.0;  Trident/5.0)"
176.9.2.173 - - [21/May/2017:20:29:40 +0300] "GET / HTTP/1.0" 200 10609 "-" "Mozilla/5.0 (X11; Linux x86_64) AppleWebKit/537.36 (KHTML, like Gecko) Chrome/56.0.2924.87 Safari/537.36"
176.9.2.173 - - [21/May/2017:20:29:41 +0300] "GET / HTTP/1.0" 200 10609 "-" "Mozilla/5.0 (X11; Linux x86_64) AppleWebKit/537.36 (KHTML, like Gecko) Chrome/56.0.2924.87 Safari/537.36"
158.69.228.184 - - [21/May/2017:21:11:11 +0300] "GET / HTTP/1.0" 200 10609 "-" "Mozilla/5.0 (Windows NT 10.0; WOW64) AppleWebKit/537.36 (KHTML, like Gecko) Chrome/52.0.2743.116 Safari/537.36"
158.69.228.184 - - [21/May/2017:21:11:21 +0300] "GET /templates/style/javascript/common.js HTTP/1.1" 200 1131 "http://bitfaucet.ru/" "Mozilla/5.0 (Windows NT 10.0; WOW64) AppleWebKit/537.36 (KHTML, like Gecko) Chrome/52.0.2743.116 Safari/537.36"
158.69.228.184 - - [21/May/2017:21:11:21 +0300] "GET /templates/style/javascript/analytic.js HTTP/1.1" 200 388 "http://bitfaucet.ru/" "Mozilla/5.0 (Windows NT 10.0; WOW64) AppleWebKit/537.36 (KHTML, like Gecko) Chrome/52.0.2743.116 Safari/537.36"
158.69.228.184 - - [21/May/2017:21:11:23 +0300] "GET /index.php HTTP/1.0" 200 10609 "-" "Mozilla/5.0 (Windows NT 10.0; WOW64) AppleWebKit/537.36 (KHTML, like Gecko) Chrome/52.0.2743.116 Safari/537.36"
158.69.228.184 - - [21/May/2017:21:11:28 +0300] "GET /templates/style/javascript/analytic.js HTTP/1.1" 200 388 "http://bitfaucet.ru/index.php" "Mozilla/5.0 (Windows NT 10.0; WOW64) AppleWebKit/537.36 (KHTML, like Gecko) Chrome/52.0.2743.116 Safari/537.36"
158.69.228.184 - - [21/May/2017:21:11:28 +0300] "GET /templates/style/javascript/common.js HTTP/1.1" 200 1131 "http://bitfaucet.ru/index.php" "Mozilla/5.0 (Windows NT 10.0; WOW64) AppleWebKit/537.36 (KHTML, like Gecko) Chrome/52.0.2743.116 Safari/537.36"
158.69.228.184 - - [21/May/2017:21:11:38 +0300] "GET /test HTTP/1.0" 404 280 "-" "Mozilla/5.0 (Windows NT 10.0; WOW64) AppleWebKit/537.36 (KHTML, like Gecko) Chrome/52.0.2743.116 Safari/537.36"
158.69.228.184 - - [21/May/2017:21:11:38 +0300] "GET /robots.txt HTTP/1.0" 404 286 "-" "Mozilla/5.0 (compatible; MSIE 10.0; Windows NT 6.2; WOW64; Trident/6.0)"
176.9.2.173 - - [21/May/2017:21:14:24 +0300] "GET / HTTP/1.0" 200 10609 "-" "Mozilla/5.0 (X11; Linux x86_64) AppleWebKit/537.36 (KHTML, like Gecko) Chrome/56.0.2924.87 Safari/537.36"
176.9.2.173 - - [21/May/2017:21:14:24 +0300] "GET / HTTP/1.0" 200 10609 "-" "Mozilla/5.0 (X11; Linux x86_64) AppleWebKit/537.36 (KHTML, like Gecko) Chrome/56.0.2924.87 Safari/537.36"
37.9.118.28 - - [21/May/2017:21:27:33 +0300] "GET / HTTP/1.0" 200 10609 "-" "Mozilla/5.0 (compatible; YandexMetrika/2.0; +http://yandex.com/bots mtmon01i.yandex.ru)"
176.9.2.173 - - [21/May/2017:21:29:48 +0300] "GET / HTTP/1.0" 200 10609 "-" "Mozilla/5.0 (X11; Linux x86_64) AppleWebKit/537.36 (KHTML, like Gecko) Chrome/56.0.2924.87 Safari/537.36"
176.9.2.173 - - [21/May/2017:21:29:49 +0300] "GET / HTTP/1.0" 200 10609 "-" "Mozilla/5.0 (X11; Linux x86_64) AppleWebKit/537.36 (KHTML, like Gecko) Chrome/56.0.2924.87 Safari/537.36"
95.108.129.196 - - [21/May/2017:21:45:22 +0300] "GET / HTTP/1.0" 200 10609 "-" "Mozilla/5.0 (compatible; YandexMetrika/2.0; +http://yandex.com/bots mtmon01e.yandex.ru)"
176.9.2.173 - - [21/May/2017:22:14:35 +0300] "GET / HTTP/1.0" 200 10609 "-" "Mozilla/5.0 (X11; Linux x86_64) AppleWebKit/537.36 (KHTML, like Gecko) Chrome/56.0.2924.87 Safari/537.36"
176.9.2.173 - - [21/May/2017:22:14:35 +0300] "GET / HTTP/1.0" 200 10609 "-" "Mozilla/5.0 (X11; Linux x86_64) AppleWebKit/537.36 (KHTML, like Gecko) Chrome/56.0.2924.87 Safari/537.36"
176.9.2.173 - - [21/May/2017:22:29:55 +0300] "GET / HTTP/1.0" 200 10609 "-" "Mozilla/5.0 (X11; Linux x86_64) AppleWebKit/537.36 (KHTML, like Gecko) Chrome/56.0.2924.87 Safari/537.36"
176.9.2.173 - - [21/May/2017:22:29:58 +0300] "GET / HTTP/1.0" 200 10609 "-" "Mozilla/5.0 (X11; Linux x86_64) AppleWebKit/537.36 (KHTML, like Gecko) Chrome/56.0.2924.87 Safari/537.36"
183.232.2.51 - - [21/May/2017:22:40:32 +0300] "GET / HTTP/1.0" 200 10609 "-" "Mozilla/5.0 (Windows NT 6.1) AppleWebKit/537.36 (KHTML, like Gecko) Chrome/35.0.1916.153 Safari/537.36"
183.232.2.52 - - [21/May/2017:22:40:32 +0300] "GET / HTTP/1.0" 200 10609 "-" "Mozilla/5.0 (Windows NT 6.1) AppleWebKit/537.36 (KHTML, like Gecko) Chrome/35.0.1916.153 Safari/537.36"
176.9.2.173 - - [21/May/2017:23:14:49 +0300] "GET / HTTP/1.0" 200 10609 "-" "Mozilla/5.0 (X11; Linux x86_64) AppleWebKit/537.36 (KHTML, like Gecko) Chrome/56.0.2924.87 Safari/537.36"
176.9.2.173 - - [21/May/2017:23:14:49 +0300] "GET / HTTP/1.0" 200 10609 "-" "Mozilla/5.0 (X11; Linux x86_64) AppleWebKit/537.36 (KHTML, like Gecko) Chrome/56.0.2924.87 Safari/537.36"
178.154.224.71 - - [21/May/2017:23:28:00 +0300] "GET / HTTP/1.0" 200 10609 "-" "Mozilla/5.0 (compatible; YandexMetrika/2.0; +http://yandex.com/bots mtmon01f.yandex.ru)"
176.9.2.173 - - [21/May/2017:23:30:06 +0300] "GET / HTTP/1.0" 200 10609 "-" "Mozilla/5.0 (X11; Linux x86_64) AppleWebKit/537.36 (KHTML, like Gecko) Chrome/56.0.2924.87 Safari/537.36"
176.9.2.173 - - [21/May/2017:23:30:09 +0300] "GET / HTTP/1.0" 200 10609 "-" "Mozilla/5.0 (X11; Linux x86_64) AppleWebKit/537.36 (KHTML, like Gecko) Chrome/56.0.2924.87 Safari/537.36"
66.249.64.248 - - [21/May/2017:23:38:41 +0300] "GET /robots.txt HTTP/1.0" 404 290 "-" "Mozilla/5.0 (compatible; Googlebot/2.1; +http://www.google.com/bot.html)"
66.249.64.248 - - [21/May/2017:23:38:41 +0300] "GET / HTTP/1.0" 200 10609 "-" "Mozilla/5.0 (Linux; Android 6.0.1; Nexus 5X Build/MMB29P) AppleWebKit/537.36 (KHTML, like Gecko) Chrome/41.0.2272.96 Mobile Safari/537.36 (compatible; Googlebot/2.1; +http://www.google.com/bot.html)"
176.9.2.173 - - [22/May/2017:00:14:55 +0300] "GET / HTTP/1.0" 200 10609 "-" "Mozilla/5.0 (X11; Linux x86_64) AppleWebKit/537.36 (KHTML, like Gecko) Chrome/56.0.2924.87 Safari/537.36"
176.9.2.173 - - [22/May/2017:00:14:55 +0300] "GET / HTTP/1.0" 200 10609 "-" "Mozilla/5.0 (X11; Linux x86_64) AppleWebKit/537.36 (KHTML, like Gecko) Chrome/56.0.2924.87 Safari/537.36"
37.9.118.24 - - [22/May/2017:00:23:49 +0300] "GET / HTTP/1.0" 200 10609 "-" "Mozilla/5.0 (compatible; YandexMetrika/2.0; +http://yandex.com/bots)"
37.9.118.24 - - [22/May/2017:00:23:49 +0300] "GET /templates/style/javascript/analytic.js HTTP/1.1" 200 388 "http://bitfaucet.ru/" "Mozilla/5.0 (compatible; YandexMetrika/2.0; +http://yandex.com/bots)"
37.9.118.24 - - [22/May/2017:00:23:49 +0300] "GET /templates/style/javascript/common.js HTTP/1.1" 200 1131 "http://bitfaucet.ru/" "Mozilla/5.0 (compatible; YandexMetrika/2.0; +http://yandex.com/bots)"
176.9.2.173 - - [22/May/2017:00:30:21 +0300] "GET / HTTP/1.0" 503 401 "-" "Mozilla/5.0 (X11; Linux x86_64) AppleWebKit/537.36 (KHTML, like Gecko) Chrome/56.0.2924.87 Safari/537.36"
176.9.2.173 - - [22/May/2017:00:30:21 +0300] "GET / HTTP/1.0" 200 10609 "-" "Mozilla/5.0 (X11; Linux x86_64) AppleWebKit/537.36 (KHTML, like Gecko) Chrome/56.0.2924.87 Safari/537.36"
176.9.2.173 - - [22/May/2017:00:30:21 +0300] "GET / HTTP/1.0" 200 10609 "-" "Mozilla/5.0 (X11; Linux x86_64) AppleWebKit/537.36 (KHTML, like Gecko) Chrome/56.0.2924.87 Safari/537.36"
176.9.2.173 - - [22/May/2017:00:30:21 +0300] "GET / HTTP/1.0" 200 10609 "-" "Mozilla/5.0 (X11; Linux x86_64) AppleWebKit/537.36 (KHTML, like Gecko) Chrome/56.0.2924.87 Safari/537.36"
176.9.2.173 - - [22/May/2017:00:30:40 +0300] "GET / HTTP/1.0" 200 10609 "-" "Mozilla/5.0 (X11; Linux x86_64) AppleWebKit/537.36 (KHTML, like Gecko) Chrome/56.0.2924.87 Safari/537.36"
37.9.118.28 - - [22/May/2017:00:39:15 +0300] "GET / HTTP/1.0" 200 10609 "-" "Mozilla/5.0 (compatible; YandexMetrika/2.0; +http://yandex.com/bots mtmon01i.yandex.ru)"
95.108.129.196 - - [22/May/2017:00:53:11 +0300] "GET / HTTP/1.0" 200 10609 "-" "Mozilla/5.0 (compatible; YandexMetrika/2.0; +http://yandex.com/bots mtmon01e.yandex.ru)"
79.111.92.188 - - [22/May/2017:01:09:03 +0300] "GET / HTTP/1.0" 200 10609 "http://bitfaucet.ru/" "Mozilla/5.0 (Windows NT 10.0; WOW64) AppleWebKit/537.36 (KHTML, like Gecko) Chrome/48.0.2564.97 Safari/537.36"
176.9.2.173 - - [22/May/2017:01:15:08 +0300] "GET / HTTP/1.0" 200 10609 "-" "Mozilla/5.0 (X11; Linux x86_64) AppleWebKit/537.36 (KHTML, like Gecko) Chrome/56.0.2924.87 Safari/537.36"
176.9.2.173 - - [22/May/2017:01:15:08 +0300] "GET / HTTP/1.0" 200 10609 "-" "Mozilla/5.0 (X11; Linux x86_64) AppleWebKit/537.36 (KHTML, like Gecko) Chrome/56.0.2924.87 Safari/537.36"
176.9.2.173 - - [22/May/2017:01:30:46 +0300] "GET / HTTP/1.0" 200 10609 "-" "Mozilla/5.0 (X11; Linux x86_64) AppleWebKit/537.36 (KHTML, like Gecko) Chrome/56.0.2924.87 Safari/537.36"
176.9.2.173 - - [22/May/2017:02:15:20 +0300] "GET / HTTP/1.0" 200 10609 "-" "Mozilla/5.0 (X11; Linux x86_64) AppleWebKit/537.36 (KHTML, like Gecko) Chrome/56.0.2924.87 Safari/537.36"
176.9.2.173 - - [22/May/2017:02:15:20 +0300] "GET / HTTP/1.0" 200 10609 "-" "Mozilla/5.0 (X11; Linux x86_64) AppleWebKit/537.36 (KHTML, like Gecko) Chrome/56.0.2924.87 Safari/537.36"
176.9.2.173 - - [22/May/2017:02:30:56 +0300] "GET / HTTP/1.0" 200 10609 "-" "Mozilla/5.0 (X11; Linux x86_64) AppleWebKit/537.36 (KHTML, like Gecko) Chrome/56.0.2924.87 Safari/537.36"
178.154.224.71 - - [22/May/2017:02:41:48 +0300] "GET / HTTP/1.0" 200 10609 "-" "Mozilla/5.0 (compatible; YandexMetrika/2.0; +http://yandex.com/bots mtmon01f.yandex.ru)"
176.9.2.173 - - [22/May/2017:03:15:26 +0300] "GET / HTTP/1.0" 200 10609 "-" "Mozilla/5.0 (X11; Linux x86_64) AppleWebKit/537.36 (KHTML, like Gecko) Chrome/56.0.2924.87 Safari/537.36"
176.9.2.173 - - [22/May/2017:03:15:26 +0300] "GET / HTTP/1.0" 200 10609 "-" "Mozilla/5.0 (X11; Linux x86_64) AppleWebKit/537.36 (KHTML, like Gecko) Chrome/56.0.2924.87 Safari/537.36"
176.9.2.173 - - [22/May/2017:03:31:11 +0300] "GET / HTTP/1.0" 200 10609 "-" "Mozilla/5.0 (X11; Linux x86_64) AppleWebKit/537.36 (KHTML, like Gecko) Chrome/56.0.2924.87 Safari/537.36"
37.9.118.28 - - [22/May/2017:03:45:02 +0300] "GET / HTTP/1.0" 200 10609 "-" "Mozilla/5.0 (compatible; YandexMetrika/2.0; +http://yandex.com/bots mtmon01i.yandex.ru)"
95.108.129.196 - - [22/May/2017:03:59:46 +0300] "GET / HTTP/1.0" 200 10609 "-" "Mozilla/5.0 (compatible; YandexMetrika/2.0; +http://yandex.com/bots mtmon01e.yandex.ru)"
176.9.2.173 - - [22/May/2017:04:15:44 +0300] "GET / HTTP/1.0" 200 10609 "-" "Mozilla/5.0 (X11; Linux x86_64) AppleWebKit/537.36 (KHTML, like Gecko) Chrome/56.0.2924.87 Safari/537.36"
176.9.2.173 - - [22/May/2017:04:15:44 +0300] "GET / HTTP/1.0" 200 10609 "-" "Mozilla/5.0 (X11; Linux x86_64) AppleWebKit/537.36 (KHTML, like Gecko) Chrome/56.0.2924.87 Safari/537.36"
176.9.2.173 - - [22/May/2017:04:31:32 +0300] "GET / HTTP/1.0" 200 10609 "-" "Mozilla/5.0 (X11; Linux x86_64) AppleWebKit/537.36 (KHTML, like Gecko) Chrome/56.0.2924.87 Safari/537.36"
176.9.2.173 - - [22/May/2017:05:15:51 +0300] "GET / HTTP/1.0" 200 10609 "-" "Mozilla/5.0 (X11; Linux x86_64) AppleWebKit/537.36 (KHTML, like Gecko) Chrome/56.0.2924.87 Safari/537.36"
176.9.2.173 - - [22/May/2017:05:15:51 +0300] "GET / HTTP/1.0" 200 10609 "-" "Mozilla/5.0 (X11; Linux x86_64) AppleWebKit/537.36 (KHTML, like Gecko) Chrome/56.0.2924.87 Safari/537.36"
176.9.2.173 - - [22/May/2017:05:31:50 +0300] "GET / HTTP/1.0" 200 10609 "-" "Mozilla/5.0 (X11; Linux x86_64) AppleWebKit/537.36 (KHTML, like Gecko) Chrome/56.0.2924.87 Safari/537.36"
176.9.2.173 - - [22/May/2017:05:31:50 +0300] "GET / HTTP/1.0" 200 10609 "-" "Mozilla/5.0 (X11; Linux x86_64) AppleWebKit/537.36 (KHTML, like Gecko) Chrome/56.0.2924.87 Safari/537.36"
178.154.224.71 - - [22/May/2017:05:53:35 +0300] "GET / HTTP/1.0" 200 10609 "-" "Mozilla/5.0 (compatible; YandexMetrika/2.0; +http://yandex.com/bots mtmon01f.yandex.ru)"
176.9.2.173 - - [22/May/2017:06:16:03 +0300] "GET / HTTP/1.0" 200 10609 "-" "Mozilla/5.0 (X11; Linux x86_64) AppleWebKit/537.36 (KHTML, like Gecko) Chrome/56.0.2924.87 Safari/537.36"
176.9.2.173 - - [22/May/2017:06:16:03 +0300] "GET / HTTP/1.0" 200 10609 "-" "Mozilla/5.0 (X11; Linux x86_64) AppleWebKit/537.36 (KHTML, like Gecko) Chrome/56.0.2924.87 Safari/537.36"
176.9.2.173 - - [22/May/2017:06:31:54 +0300] "GET / HTTP/1.0" 200 10609 "-" "Mozilla/5.0 (X11; Linux x86_64) AppleWebKit/537.36 (KHTML, like Gecko) Chrome/56.0.2924.87 Safari/537.36"
176.9.2.173 - - [22/May/2017:06:31:54 +0300] "GET / HTTP/1.0" 200 10609 "-" "Mozilla/5.0 (X11; Linux x86_64) AppleWebKit/537.36 (KHTML, like Gecko) Chrome/56.0.2924.87 Safari/537.36"
95.71.37.193 - - [22/May/2017:06:33:23 +0300] "GET / HTTP/1.0" 200 10609 "http://bitfaucet.ru/" "Mozilla/5.0 (Windows NT 6.0; WOW64) AppleWebKit/537.11 (KHTML, like Gecko) Chrome/23.0.1271.64 Safari/537.11"
37.9.118.28 - - [22/May/2017:06:49:25 +0300] "GET / HTTP/1.0" 200 10609 "-" "Mozilla/5.0 (compatible; YandexMetrika/2.0; +http://yandex.com/bots mtmon01i.yandex.ru)"
95.108.129.196 - - [22/May/2017:07:14:42 +0300] "GET / HTTP/1.0" 200 10609 "-" "Mozilla/5.0 (compatible; YandexMetrika/2.0; +http://yandex.com/bots mtmon01e.yandex.ru)"
176.9.2.173 - - [22/May/2017:07:16:18 +0300] "GET / HTTP/1.0" 200 10609 "-" "Mozilla/5.0 (X11; Linux x86_64) AppleWebKit/537.36 (KHTML, like Gecko) Chrome/56.0.2924.87 Safari/537.36"
176.9.2.173 - - [22/May/2017:07:16:18 +0300] "GET / HTTP/1.0" 200 10609 "-" "Mozilla/5.0 (X11; Linux x86_64) AppleWebKit/537.36 (KHTML, like Gecko) Chrome/56.0.2924.87 Safari/537.36"
176.9.2.173 - - [22/May/2017:07:32:03 +0300] "GET / HTTP/1.0" 200 10609 "-" "Mozilla/5.0 (X11; Linux x86_64) AppleWebKit/537.36 (KHTML, like Gecko) Chrome/56.0.2924.87 Safari/537.36"
176.9.2.173 - - [22/May/2017:07:32:03 +0300] "GET / HTTP/1.0" 200 10609 "-" "Mozilla/5.0 (X11; Linux x86_64) AppleWebKit/537.36 (KHTML, like Gecko) Chrome/56.0.2924.87 Safari/537.36"
176.9.2.173 - - [22/May/2017:07:32:08 +0300] "GET / HTTP/1.0" 200 10609 "-" "Mozilla/5.0 (X11; Linux x86_64) AppleWebKit/537.36 (KHTML, like Gecko) Chrome/56.0.2924.87 Safari/537.36"
176.9.2.173 - - [22/May/2017:08:16:43 +0300] "GET / HTTP/1.0" 200 10609 "-" "Mozilla/5.0 (X11; Linux x86_64) AppleWebKit/537.36 (KHTML, like Gecko) Chrome/56.0.2924.87 Safari/537.36"
176.9.2.173 - - [22/May/2017:08:16:43 +0300] "GET / HTTP/1.0" 200 10609 "-" "Mozilla/5.0 (X11; Linux x86_64) AppleWebKit/537.36 (KHTML, like Gecko) Chrome/56.0.2924.87 Safari/537.36"
176.9.2.173 - - [22/May/2017:08:32:12 +0300] "GET / HTTP/1.0" 200 10609 "-" "Mozilla/5.0 (X11; Linux x86_64) AppleWebKit/537.36 (KHTML, like Gecko) Chrome/56.0.2924.87 Safari/537.36"
176.9.2.173 - - [22/May/2017:08:32:13 +0300] "GET / HTTP/1.0" 200 10609 "-" "Mozilla/5.0 (X11; Linux x86_64) AppleWebKit/537.36 (KHTML, like Gecko) Chrome/56.0.2924.87 Safari/537.36"
176.9.2.173 - - [22/May/2017:08:32:13 +0300] "GET / HTTP/1.0" 200 10609 "-" "Mozilla/5.0 (X11; Linux x86_64) AppleWebKit/537.36 (KHTML, like Gecko) Chrome/56.0.2924.87 Safari/537.36"
176.9.2.173 - - [22/May/2017:08:32:34 +0300] "GET / HTTP/1.0" 200 10609 "-" "Mozilla/5.0 (X11; Linux x86_64) AppleWebKit/537.36 (KHTML, like Gecko) Chrome/56.0.2924.87 Safari/537.36"
178.154.224.71 - - [22/May/2017:09:13:55 +0300] "GET / HTTP/1.0" 200 10609 "-" "Mozilla/5.0 (compatible; YandexMetrika/2.0; +http://yandex.com/bots mtmon01f.yandex.ru)"
176.9.2.173 - - [22/May/2017:09:16:51 +0300] "GET / HTTP/1.0" 200 10609 "-" "Mozilla/5.0 (X11; Linux x86_64) AppleWebKit/537.36 (KHTML, like Gecko) Chrome/56.0.2924.87 Safari/537.36"
176.9.2.173 - - [22/May/2017:09:16:51 +0300] "GET / HTTP/1.0" 200 10609 "-" "Mozilla/5.0 (X11; Linux x86_64) AppleWebKit/537.36 (KHTML, like Gecko) Chrome/56.0.2924.87 Safari/537.36"
176.9.2.173 - - [22/May/2017:09:32:47 +0300] "GET / HTTP/1.0" 200 10609 "-" "Mozilla/5.0 (X11; Linux x86_64) AppleWebKit/537.36 (KHTML, like Gecko) Chrome/56.0.2924.87 Safari/537.36"
176.9.2.173 - - [22/May/2017:09:32:48 +0300] "GET / HTTP/1.0" 200 10609 "-" "Mozilla/5.0 (X11; Linux x86_64) AppleWebKit/537.36 (KHTML, like Gecko) Chrome/56.0.2924.87 Safari/537.36"
37.9.118.28 - - [22/May/2017:10:01:35 +0300] "GET / HTTP/1.0" 200 10609 "-" "Mozilla/5.0 (compatible; YandexMetrika/2.0; +http://yandex.com/bots mtmon01i.yandex.ru)"
176.9.2.173 - - [22/May/2017:10:16:59 +0300] "GET / HTTP/1.0" 200 10609 "-" "Mozilla/5.0 (X11; Linux x86_64) AppleWebKit/537.36 (KHTML, like Gecko) Chrome/56.0.2924.87 Safari/537.36"
176.9.2.173 - - [22/May/2017:10:16:59 +0300] "GET / HTTP/1.0" 200 10609 "-" "Mozilla/5.0 (X11; Linux x86_64) AppleWebKit/537.36 (KHTML, like Gecko) Chrome/56.0.2924.87 Safari/537.36"
95.108.129.196 - - [22/May/2017:10:26:32 +0300] "GET / HTTP/1.0" 200 10609 "-" "Mozilla/5.0 (compatible; YandexMetrika/2.0; +http://yandex.com/bots mtmon01e.yandex.ru)"
176.9.2.173 - - [22/May/2017:10:32:57 +0300] "GET / HTTP/1.0" 200 10609 "-" "Mozilla/5.0 (X11; Linux x86_64) AppleWebKit/537.36 (KHTML, like Gecko) Chrome/56.0.2924.87 Safari/537.36"
176.9.2.173 - - [22/May/2017:10:32:57 +0300] "GET / HTTP/1.0" 200 10609 "-" "Mozilla/5.0 (X11; Linux x86_64) AppleWebKit/537.36 (KHTML, like Gecko) Chrome/56.0.2924.87 Safari/537.36"
176.9.2.173 - - [22/May/2017:11:17:12 +0300] "GET / HTTP/1.0" 503 401 "-" "Mozilla/5.0 (X11; Linux x86_64) AppleWebKit/537.36 (KHTML, like Gecko) Chrome/56.0.2924.87 Safari/537.36"
176.9.2.173 - - [22/May/2017:11:17:12 +0300] "GET / HTTP/1.0" 503 401 "-" "Mozilla/5.0 (X11; Linux x86_64) AppleWebKit/537.36 (KHTML, like Gecko) Chrome/56.0.2924.87 Safari/537.36"
176.9.2.173 - - [22/May/2017:11:17:09 +0300] "GET / HTTP/1.0" 200 10609 "-" "Mozilla/5.0 (X11; Linux x86_64) AppleWebKit/537.36 (KHTML, like Gecko) Chrome/56.0.2924.87 Safari/537.36"
176.9.2.173 - - [22/May/2017:11:17:09 +0300] "GET / HTTP/1.0" 200 10609 "-" "Mozilla/5.0 (X11; Linux x86_64) AppleWebKit/537.36 (KHTML, like Gecko) Chrome/56.0.2924.87 Safari/537.36"
176.9.2.173 - - [22/May/2017:11:33:15 +0300] "GET / HTTP/1.0" 200 10609 "-" "Mozilla/5.0 (X11; Linux x86_64) AppleWebKit/537.36 (KHTML, like Gecko) Chrome/56.0.2924.87 Safari/537.36"
176.9.2.173 - - [22/May/2017:11:33:15 +0300] "GET / HTTP/1.0" 200 10609 "-" "Mozilla/5.0 (X11; Linux x86_64) AppleWebKit/537.36 (KHTML, like Gecko) Chrome/56.0.2924.87 Safari/537.36"
176.9.2.173 - - [22/May/2017:11:33:36 +0300] "GET / HTTP/1.0" 200 10609 "-" "Mozilla/5.0 (X11; Linux x86_64) AppleWebKit/537.36 (KHTML, like Gecko) Chrome/56.0.2924.87 Safari/537.36"
198.100.147.75 - - [22/May/2017:11:35:30 +0300] "GET / HTTP/1.0" 200 10609 "-" "-"
198.100.147.75 - - [22/May/2017:11:35:31 +0300] "GET /wp-login.php HTTP/1.0" 404 288 "-" "-"
198.100.147.75 - - [22/May/2017:11:35:31 +0300] "GET /administrator/index.php HTTP/1.0" 404 299 "-" "-"
176.9.2.173 - - [22/May/2017:12:17:20 +0300] "GET / HTTP/1.0" 200 10609 "-" "Mozilla/5.0 (X11; Linux x86_64) AppleWebKit/537.36 (KHTML, like Gecko) Chrome/56.0.2924.87 Safari/537.36"
176.9.2.173 - - [22/May/2017:12:17:20 +0300] "GET / HTTP/1.0" 200 10609 "-" "Mozilla/5.0 (X11; Linux x86_64) AppleWebKit/537.36 (KHTML, like Gecko) Chrome/56.0.2924.87 Safari/537.36"
178.154.224.71 - - [22/May/2017:12:21:35 +0300] "GET / HTTP/1.0" 200 10609 "-" "Mozilla/5.0 (compatible; YandexMetrika/2.0; +http://yandex.com/bots mtmon01f.yandex.ru)"
176.9.2.173 - - [22/May/2017:12:33:54 +0300] "GET / HTTP/1.0" 200 10609 "-" "Mozilla/5.0 (X11; Linux x86_64) AppleWebKit/537.36 (KHTML, like Gecko) Chrome/56.0.2924.87 Safari/537.36"
37.9.118.28 - - [22/May/2017:13:05:13 +0300] "GET / HTTP/1.0" 200 10609 "-" "Mozilla/5.0 (compatible; YandexMetrika/2.0; +http://yandex.com/bots mtmon01i.yandex.ru)"
176.9.2.173 - - [22/May/2017:13:17:37 +0300] "GET / HTTP/1.0" 503 401 "-" "Mozilla/5.0 (X11; Linux x86_64) AppleWebKit/537.36 (KHTML, like Gecko) Chrome/56.0.2924.87 Safari/537.36"
176.9.2.173 - - [22/May/2017:13:17:37 +0300] "GET / HTTP/1.0" 503 401 "-" "Mozilla/5.0 (X11; Linux x86_64) AppleWebKit/537.36 (KHTML, like Gecko) Chrome/56.0.2924.87 Safari/537.36"
176.9.2.173 - - [22/May/2017:13:17:35 +0300] "GET / HTTP/1.0" 200 10609 "-" "Mozilla/5.0 (X11; Linux x86_64) AppleWebKit/537.36 (KHTML, like Gecko) Chrome/56.0.2924.87 Safari/537.36"
176.9.2.173 - - [22/May/2017:13:17:35 +0300] "GET / HTTP/1.0" 200 10609 "-" "Mozilla/5.0 (X11; Linux x86_64) AppleWebKit/537.36 (KHTML, like Gecko) Chrome/56.0.2924.87 Safari/537.36"
176.9.2.173 - - [22/May/2017:13:17:58 +0300] "GET / HTTP/1.0" 200 10609 "-" "Mozilla/5.0 (X11; Linux x86_64) AppleWebKit/537.36 (KHTML, like Gecko) Chrome/56.0.2924.87 Safari/537.36"
176.9.2.173 - - [22/May/2017:13:17:58 +0300] "GET / HTTP/1.0" 200 10609 "-" "Mozilla/5.0 (X11; Linux x86_64) AppleWebKit/537.36 (KHTML, like Gecko) Chrome/56.0.2924.87 Safari/537.36"
95.108.129.196 - - [22/May/2017:13:33:37 +0300] "GET / HTTP/1.0" 200 10609 "-" "Mozilla/5.0 (compatible; YandexMetrika/2.0; +http://yandex.com/bots mtmon01e.yandex.ru)"
176.9.2.173 - - [22/May/2017:13:34:10 +0300] "GET / HTTP/1.0" 200 10609 "-" "Mozilla/5.0 (X11; Linux x86_64) AppleWebKit/537.36 (KHTML, like Gecko) Chrome/56.0.2924.87 Safari/537.36"
46.48.13.161 - - [22/May/2017:14:02:47 +0300] "GET / HTTP/1.0" 200 10609 "http://bitfaucet.ssve.ru/SEO" "Mozilla/5.0 (Windows NT 10.0; Win64; x64) AppleWebKit/537.36 (KHTML, like Gecko) Chrome/56.0.2924.87 Safari/537.36"
176.9.2.173 - - [22/May/2017:14:18:28 +0300] "GET / HTTP/1.0" 200 10609 "-" "Mozilla/5.0 (X11; Linux x86_64) AppleWebKit/537.36 (KHTML, like Gecko) Chrome/56.0.2924.87 Safari/537.36"
176.9.2.173 - - [22/May/2017:14:18:28 +0300] "GET / HTTP/1.0" 200 10609 "-" "Mozilla/5.0 (X11; Linux x86_64) AppleWebKit/537.36 (KHTML, like Gecko) Chrome/56.0.2924.87 Safari/537.36"
176.9.2.173 - - [22/May/2017:14:18:49 +0300] "GET / HTTP/1.0" 200 10609 "-" "Mozilla/5.0 (X11; Linux x86_64) AppleWebKit/537.36 (KHTML, like Gecko) Chrome/56.0.2924.87 Safari/537.36"
176.9.2.173 - - [22/May/2017:14:18:49 +0300] "GET / HTTP/1.0" 200 10609 "-" "Mozilla/5.0 (X11; Linux x86_64) AppleWebKit/537.36 (KHTML, like Gecko) Chrome/56.0.2924.87 Safari/537.36"
176.9.2.173 - - [22/May/2017:14:34:22 +0300] "GET / HTTP/1.0" 200 10609 "-" "Mozilla/5.0 (X11; Linux x86_64) AppleWebKit/537.36 (KHTML, like Gecko) Chrome/56.0.2924.87 Safari/537.36"
176.9.2.173 - - [22/May/2017:15:18:58 +0300] "GET / HTTP/1.0" 200 10609 "-" "Mozilla/5.0 (X11; Linux x86_64) AppleWebKit/537.36 (KHTML, like Gecko) Chrome/56.0.2924.87 Safari/537.36"
176.9.2.173 - - [22/May/2017:15:18:58 +0300] "GET / HTTP/1.0" 200 10609 "-" "Mozilla/5.0 (X11; Linux x86_64) AppleWebKit/537.36 (KHTML, like Gecko) Chrome/56.0.2924.87 Safari/537.36"
178.154.224.71 - - [22/May/2017:15:27:51 +0300] "GET / HTTP/1.0" 200 10609 "-" "Mozilla/5.0 (compatible; YandexMetrika/2.0; +http://yandex.com/bots mtmon01f.yandex.ru)"
176.9.2.173 - - [22/May/2017:15:34:29 +0300] "GET / HTTP/1.0" 200 10609 "-" "Mozilla/5.0 (X11; Linux x86_64) AppleWebKit/537.36 (KHTML, like Gecko) Chrome/56.0.2924.87 Safari/537.36"
176.9.2.173 - - [22/May/2017:15:34:29 +0300] "GET / HTTP/1.0" 200 10609 "-" "Mozilla/5.0 (X11; Linux x86_64) AppleWebKit/537.36 (KHTML, like Gecko) Chrome/56.0.2924.87 Safari/537.36"
176.9.2.173 - - [22/May/2017:15:34:29 +0300] "GET / HTTP/1.0" 200 10609 "-" "Mozilla/5.0 (X11; Linux x86_64) AppleWebKit/537.36 (KHTML, like Gecko) Chrome/56.0.2924.87 Safari/537.36"
37.9.118.28 - - [22/May/2017:16:15:24 +0300] "GET / HTTP/1.0" 200 10609 "-" "Mozilla/5.0 (compatible; YandexMetrika/2.0; +http://yandex.com/bots mtmon01i.yandex.ru)"
176.9.2.173 - - [22/May/2017:16:19:05 +0300] "GET / HTTP/1.0" 200 10609 "-" "Mozilla/5.0 (X11; Linux x86_64) AppleWebKit/537.36 (KHTML, like Gecko) Chrome/56.0.2924.87 Safari/537.36"
176.9.2.173 - - [22/May/2017:16:19:05 +0300] "GET / HTTP/1.0" 200 10609 "-" "Mozilla/5.0 (X11; Linux x86_64) AppleWebKit/537.36 (KHTML, like Gecko) Chrome/56.0.2924.87 Safari/537.36"
176.9.2.173 - - [22/May/2017:16:34:33 +0300] "GET / HTTP/1.0" 200 10609 "-" "Mozilla/5.0 (X11; Linux x86_64) AppleWebKit/537.36 (KHTML, like Gecko) Chrome/56.0.2924.87 Safari/537.36"
176.9.2.173 - - [22/May/2017:16:34:34 +0300] "GET / HTTP/1.0" 200 10609 "-" "Mozilla/5.0 (X11; Linux x86_64) AppleWebKit/537.36 (KHTML, like Gecko) Chrome/56.0.2924.87 Safari/537.36"
95.108.129.196 - - [22/May/2017:16:43:25 +0300] "GET / HTTP/1.0" 200 10609 "-" "Mozilla/5.0 (compatible; YandexMetrika/2.0; +http://yandex.com/bots mtmon01e.yandex.ru)"
176.9.2.173 - - [22/May/2017:17:19:16 +0300] "GET / HTTP/1.0" 200 10609 "-" "Mozilla/5.0 (X11; Linux x86_64) AppleWebKit/537.36 (KHTML, like Gecko) Chrome/56.0.2924.87 Safari/537.36"
176.9.2.173 - - [22/May/2017:17:19:16 +0300] "GET / HTTP/1.0" 200 10609 "-" "Mozilla/5.0 (X11; Linux x86_64) AppleWebKit/537.36 (KHTML, like Gecko) Chrome/56.0.2924.87 Safari/537.36"
176.9.2.173 - - [22/May/2017:17:35:05 +0300] "GET / HTTP/1.0" 200 10609 "-" "Mozilla/5.0 (X11; Linux x86_64) AppleWebKit/537.36 (KHTML, like Gecko) Chrome/56.0.2924.87 Safari/537.36"
176.9.2.173 - - [22/May/2017:17:35:06 +0300] "GET / HTTP/1.0" 200 10609 "-" "Mozilla/5.0 (X11; Linux x86_64) AppleWebKit/537.36 (KHTML, like Gecko) Chrome/56.0.2924.87 Safari/537.36"
176.9.2.173 - - [22/May/2017:18:19:31 +0300] "GET / HTTP/1.0" 200 10609 "-" "Mozilla/5.0 (X11; Linux x86_64) AppleWebKit/537.36 (KHTML, like Gecko) Chrome/56.0.2924.87 Safari/537.36"
176.9.2.173 - - [22/May/2017:18:19:31 +0300] "GET / HTTP/1.0" 200 10609 "-" "Mozilla/5.0 (X11; Linux x86_64) AppleWebKit/537.36 (KHTML, like Gecko) Chrome/56.0.2924.87 Safari/537.36"
176.9.2.173 - - [22/May/2017:18:35:14 +0300] "GET / HTTP/1.0" 200 10609 "-" "Mozilla/5.0 (X11; Linux x86_64) AppleWebKit/537.36 (KHTML, like Gecko) Chrome/56.0.2924.87 Safari/537.36"
176.9.2.173 - - [22/May/2017:18:35:15 +0300] "GET / HTTP/1.0" 200 10609 "-" "Mozilla/5.0 (X11; Linux x86_64) AppleWebKit/537.36 (KHTML, like Gecko) Chrome/56.0.2924.87 Safari/537.36"
178.154.224.71 - - [22/May/2017:18:35:56 +0300] "GET / HTTP/1.0" 200 10609 "-" "Mozilla/5.0 (compatible; YandexMetrika/2.0; +http://yandex.com/bots mtmon01f.yandex.ru)"
182.253.62.139 - - [22/May/2017:18:41:38 +0300] "GET /?r=18JH2oEcxZVJvSCGLdpdbnqyqa7c2jfEw7 HTTP/1.0" 200 10609 "http://satoshihoney.faucetfly.com/p/crazy-bitcoin-faucets" "Mozilla/5.0 (Windows NT 6.1; Win64; x64) AppleWebKit/537.36 (KHTML, like Gecko) Chrome/58.0.3029.110 Safari/537.36"
182.253.62.139 - - [22/May/2017:18:41:39 +0300] "GET /templates/style/css/style.css HTTP/1.1" 200 117 "http://bitfaucet.ru/?r=18JH2oEcxZVJvSCGLdpdbnqyqa7c2jfEw7" "Mozilla/5.0 (Windows NT 6.1; Win64; x64) AppleWebKit/537.36 (KHTML, like Gecko) Chrome/58.0.3029.110 Safari/537.36"
182.253.62.139 - - [22/May/2017:18:41:39 +0300] "GET /templates/style/javascript/analytic.js HTTP/1.1" 200 388 "http://bitfaucet.ru/?r=18JH2oEcxZVJvSCGLdpdbnqyqa7c2jfEw7" "Mozilla/5.0 (Windows NT 6.1; Win64; x64) AppleWebKit/537.36 (KHTML, like Gecko) Chrome/58.0.3029.110 Safari/537.36"
182.253.62.139 - - [22/May/2017:18:41:39 +0300] "GET /templates/style/javascript/common.js HTTP/1.1" 200 1131 "http://bitfaucet.ru/?r=18JH2oEcxZVJvSCGLdpdbnqyqa7c2jfEw7" "Mozilla/5.0 (Windows NT 6.1; Win64; x64) AppleWebKit/537.36 (KHTML, like Gecko) Chrome/58.0.3029.110 Safari/537.36"
182.253.62.139 - - [22/May/2017:18:41:41 +0300] "GET /templates/style/images/bg.png HTTP/1.1" 200 81227 "http://bitfaucet.ru/templates/style/css/style.css" "Mozilla/5.0 (Windows NT 6.1; Win64; x64) AppleWebKit/537.36 (KHTML, like Gecko) Chrome/58.0.3029.110 Safari/537.36"
182.253.62.139 - - [22/May/2017:18:41:42 +0300] "GET /favicon.ico HTTP/1.0" 404 287 "http://bitfaucet.ru/?r=18JH2oEcxZVJvSCGLdpdbnqyqa7c2jfEw7" "Mozilla/5.0 (Windows NT 6.1; Win64; x64) AppleWebKit/537.36 (KHTML, like Gecko) Chrome/58.0.3029.110 Safari/537.36"
176.9.2.173 - - [22/May/2017:19:19:41 +0300] "GET / HTTP/1.0" 200 10609 "-" "Mozilla/5.0 (X11; Linux x86_64) AppleWebKit/537.36 (KHTML, like Gecko) Chrome/56.0.2924.87 Safari/537.36"
176.9.2.173 - - [22/May/2017:19:19:41 +0300] "GET / HTTP/1.0" 200 10609 "-" "Mozilla/5.0 (X11; Linux x86_64) AppleWebKit/537.36 (KHTML, like Gecko) Chrome/56.0.2924.87 Safari/537.36"
37.9.118.28 - - [22/May/2017:19:21:03 +0300] "GET / HTTP/1.0" 200 10609 "-" "Mozilla/5.0 (compatible; YandexMetrika/2.0; +http://yandex.com/bots mtmon01i.yandex.ru)"
176.9.2.173 - - [22/May/2017:19:35:29 +0300] "GET / HTTP/1.0" 200 10609 "-" "Mozilla/5.0 (X11; Linux x86_64) AppleWebKit/537.36 (KHTML, like Gecko) Chrome/56.0.2924.87 Safari/537.36"
176.9.2.173 - - [22/May/2017:19:35:29 +0300] "GET / HTTP/1.0" 200 10609 "-" "Mozilla/5.0 (X11; Linux x86_64) AppleWebKit/537.36 (KHTML, like Gecko) Chrome/56.0.2924.87 Safari/537.36"
95.108.129.196 - - [22/May/2017:19:53:17 +0300] "GET / HTTP/1.0" 200 10609 "-" "Mozilla/5.0 (compatible; YandexMetrika/2.0; +http://yandex.com/bots mtmon01e.yandex.ru)"
176.9.2.173 - - [22/May/2017:20:19:53 +0300] "GET / HTTP/1.0" 200 10609 "-" "Mozilla/5.0 (X11; Linux x86_64) AppleWebKit/537.36 (KHTML, like Gecko) Chrome/56.0.2924.87 Safari/537.36"
176.9.2.173 - - [22/May/2017:20:19:53 +0300] "GET / HTTP/1.0" 200 10609 "-" "Mozilla/5.0 (X11; Linux x86_64) AppleWebKit/537.36 (KHTML, like Gecko) Chrome/56.0.2924.87 Safari/537.36"
176.9.2.173 - - [22/May/2017:20:35:49 +0300] "GET / HTTP/1.0" 200 10609 "-" "Mozilla/5.0 (X11; Linux x86_64) AppleWebKit/537.36 (KHTML, like Gecko) Chrome/56.0.2924.87 Safari/537.36"
176.9.2.173 - - [22/May/2017:20:35:49 +0300] "GET / HTTP/1.0" 200 10609 "-" "Mozilla/5.0 (X11; Linux x86_64) AppleWebKit/537.36 (KHTML, like Gecko) Chrome/56.0.2924.87 Safari/537.36"
176.9.2.173 - - [22/May/2017:20:35:49 +0300] "GET / HTTP/1.0" 200 10609 "-" "Mozilla/5.0 (X11; Linux x86_64) AppleWebKit/537.36 (KHTML, like Gecko) Chrome/56.0.2924.87 Safari/537.36"
176.9.2.173 - - [22/May/2017:21:20:04 +0300] "GET / HTTP/1.0" 200 10609 "-" "Mozilla/5.0 (X11; Linux x86_64) AppleWebKit/537.36 (KHTML, like Gecko) Chrome/56.0.2924.87 Safari/537.36"
176.9.2.173 - - [22/May/2017:21:20:04 +0300] "GET / HTTP/1.0" 200 10609 "-" "Mozilla/5.0 (X11; Linux x86_64) AppleWebKit/537.36 (KHTML, like Gecko) Chrome/56.0.2924.87 Safari/537.36"
176.9.2.173 - - [22/May/2017:21:36:04 +0300] "GET / HTTP/1.0" 200 10609 "-" "Mozilla/5.0 (X11; Linux x86_64) AppleWebKit/537.36 (KHTML, like Gecko) Chrome/56.0.2924.87 Safari/537.36"
176.9.2.173 - - [22/May/2017:21:36:07 +0300] "GET / HTTP/1.0" 200 10609 "-" "Mozilla/5.0 (X11; Linux x86_64) AppleWebKit/537.36 (KHTML, like Gecko) Chrome/56.0.2924.87 Safari/537.36"
178.154.224.71 - - [22/May/2017:21:45:00 +0300] "GET / HTTP/1.0" 200 10609 "-" "Mozilla/5.0 (compatible; YandexMetrika/2.0; +http://yandex.com/bots mtmon01f.yandex.ru)"
176.9.2.173 - - [22/May/2017:22:20:24 +0300] "GET / HTTP/1.0" 200 10609 "-" "Mozilla/5.0 (X11; Linux x86_64) AppleWebKit/537.36 (KHTML, like Gecko) Chrome/56.0.2924.87 Safari/537.36"
176.9.2.173 - - [22/May/2017:22:20:24 +0300] "GET / HTTP/1.0" 200 10609 "-" "Mozilla/5.0 (X11; Linux x86_64) AppleWebKit/537.36 (KHTML, like Gecko) Chrome/56.0.2924.87 Safari/537.36"
178.162.211.175 - - [22/May/2017:22:30:08 +0300] "GET /wp-login.php HTTP/1.0" 404 288 "-" "Opera/9.80 (Windows NT 5.1; U; ru) Presto/2.9.168 Version/11.50"
37.9.118.28 - - [22/May/2017:22:30:43 +0300] "GET / HTTP/1.0" 200 10609 "-" "Mozilla/5.0 (compatible; YandexMetrika/2.0; +http://yandex.com/bots mtmon01i.yandex.ru)"
176.9.2.173 - - [22/May/2017:22:36:16 +0300] "GET / HTTP/1.0" 200 10609 "-" "Mozilla/5.0 (X11; Linux x86_64) AppleWebKit/537.36 (KHTML, like Gecko) Chrome/56.0.2924.87 Safari/537.36"
176.9.2.173 - - [22/May/2017:22:36:16 +0300] "GET / HTTP/1.0" 200 10609 "-" "Mozilla/5.0 (X11; Linux x86_64) AppleWebKit/537.36 (KHTML, like Gecko) Chrome/56.0.2924.87 Safari/537.36"
176.9.2.173 - - [22/May/2017:22:36:34 +0300] "GET / HTTP/1.0" 200 10609 "-" "Mozilla/5.0 (X11; Linux x86_64) AppleWebKit/537.36 (KHTML, like Gecko) Chrome/56.0.2924.87 Safari/537.36"
183.232.2.52 - - [22/May/2017:22:42:17 +0300] "GET / HTTP/1.0" 200 10609 "-" "Mozilla/5.0 (Windows NT 6.1) AppleWebKit/537.36 (KHTML, like Gecko) Chrome/35.0.1916.153 Safari/537.36"
183.232.2.51 - - [22/May/2017:22:42:22 +0300] "GET / HTTP/1.0" 200 10609 "-" "Mozilla/5.0 (Windows NT 6.1) AppleWebKit/537.36 (KHTML, like Gecko) Chrome/35.0.1916.153 Safari/537.36"
95.108.129.196 - - [22/May/2017:22:58:37 +0300] "GET / HTTP/1.0" 200 10609 "-" "Mozilla/5.0 (compatible; YandexMetrika/2.0; +http://yandex.com/bots mtmon01e.yandex.ru)"
104.156.231.254 - - [22/May/2017:23:15:48 +0300] "GET / HTTP/1.0" 200 10609 "http://bitfaucet.ru" "Mozilla/5.0 (Windows NT 6.1; WOW64) AppleWebKit/537.36 (KHTML, like Gecko) Chrome/40.0.2214.115 Safari/537.36"
176.9.2.173 - - [22/May/2017:23:20:28 +0300] "GET / HTTP/1.0" 200 10609 "-" "Mozilla/5.0 (X11; Linux x86_64) AppleWebKit/537.36 (KHTML, like Gecko) Chrome/56.0.2924.87 Safari/537.36"
176.9.2.173 - - [22/May/2017:23:20:28 +0300] "GET / HTTP/1.0" 200 10609 "-" "Mozilla/5.0 (X11; Linux x86_64) AppleWebKit/537.36 (KHTML, like Gecko) Chrome/56.0.2924.87 Safari/537.36"
176.9.2.173 - - [22/May/2017:23:20:29 +0300] "GET / HTTP/1.0" 200 10609 "-" "Mozilla/5.0 (X11; Linux x86_64) AppleWebKit/537.36 (KHTML, like Gecko) Chrome/56.0.2924.87 Safari/537.36"
176.9.2.173 - - [22/May/2017:23:20:29 +0300] "GET / HTTP/1.0" 200 10609 "-" "Mozilla/5.0 (X11; Linux x86_64) AppleWebKit/537.36 (KHTML, like Gecko) Chrome/56.0.2924.87 Safari/537.36"
157.55.39.118 - - [22/May/2017:23:22:46 +0300] "GET /robots.txt HTTP/1.0" 404 286 "-" "Mozilla/5.0 (compatible; bingbot/2.0; +http://www.bing.com/bingbot.htm)"
40.77.167.0 - - [22/May/2017:23:22:55 +0300] "GET / HTTP/1.0" 200 10609 "-" "Mozilla/5.0 (compatible; bingbot/2.0; +http://www.bing.com/bingbot.htm)"
199.30.25.169 - - [22/May/2017:23:22:59 +0300] "GET /templates/style/css/style.css HTTP/1.1" 200 117 "-" "Mozilla/5.0 (Windows NT 6.1; WOW64) AppleWebKit/534+ (KHTML, like Gecko) BingPreview/1.0b"
199.30.25.49 - - [22/May/2017:23:23:00 +0300] "GET /templates/style/javascript/analytic.js HTTP/1.1" 200 388 "-" "Mozilla/5.0 (Windows NT 6.1; WOW64) AppleWebKit/534+ (KHTML, like Gecko) BingPreview/1.0b"
199.30.25.126 - - [22/May/2017:23:23:09 +0300] "GET /templates/style/javascript/common.js HTTP/1.1" 200 1131 "-" "Mozilla/5.0 (Windows NT 6.1; WOW64) AppleWebKit/534+ (KHTML, like Gecko) BingPreview/1.0b"
65.55.210.43 - - [22/May/2017:23:23:12 +0300] "GET /templates/style/images/bg.png HTTP/1.1" 200 81227 "-" "Mozilla/5.0 (Windows NT 6.1; WOW64) AppleWebKit/534+ (KHTML, like Gecko) BingPreview/1.0b"
91.210.146.49 - - [22/May/2017:23:28:33 +0300] "GET / HTTP/1.0" 200 10609 "http://bitfaucet.ru" "Mozilla/5.0 (Windows NT 6.1; WOW64) AppleWebKit/537.36 (KHTML, like Gecko) Chrome/31.0.1650.57 Safari/537.36"
91.210.146.49 - - [22/May/2017:23:28:37 +0300] "GET /blog/ HTTP/1.0" 404 281 "http://bitfaucet.ru/blog/" "Mozilla/5.0 (Windows NT 6.1; WOW64) AppleWebKit/537.36 (KHTML, like Gecko) Chrome/31.0.1650.57 Safari/537.36"
40.77.167.78 - - [22/May/2017:23:33:57 +0300] "GET /robots.txt HTTP/1.0" 404 286 "-" "Mozilla/5.0 (compatible; bingbot/2.0; +http://www.bing.com/bingbot.htm)"
40.77.167.78 - - [22/May/2017:23:34:19 +0300] "GET /robots.txt HTTP/1.0" 404 286 "-" "Mozilla/5.0 (compatible; bingbot/2.0; +http://www.bing.com/bingbot.htm)"
40.77.167.78 - - [22/May/2017:23:34:19 +0300] "GET /robots.txt HTTP/1.0" 404 286 "-" "Mozilla/5.0 (compatible; bingbot/2.0; +http://www.bing.com/bingbot.htm)"
40.77.167.78 - - [22/May/2017:23:34:28 +0300] "GET /robots.txt HTTP/1.0" 404 286 "-" "Mozilla/5.0 (compatible; bingbot/2.0; +http://www.bing.com/bingbot.htm)"
40.77.167.78 - - [22/May/2017:23:34:52 +0300] "GET /robots.txt HTTP/1.0" 404 286 "-" "Mozilla/5.0 (compatible; bingbot/2.0; +http://www.bing.com/bingbot.htm)"
176.9.2.173 - - [22/May/2017:23:37:04 +0300] "GET / HTTP/1.0" 200 10609 "-" "Mozilla/5.0 (X11; Linux x86_64) AppleWebKit/537.36 (KHTML, like Gecko) Chrome/56.0.2924.87 Safari/537.36"
176.9.2.173 - - [22/May/2017:23:37:04 +0300] "GET / HTTP/1.0" 200 10609 "-" "Mozilla/5.0 (X11; Linux x86_64) AppleWebKit/537.36 (KHTML, like Gecko) Chrome/56.0.2924.87 Safari/537.36"
176.9.2.173 - - [23/May/2017:00:20:36 +0300] "GET / HTTP/1.0" 200 10609 "-" "Mozilla/5.0 (X11; Linux x86_64) AppleWebKit/537.36 (KHTML, like Gecko) Chrome/56.0.2924.87 Safari/537.36"
176.9.2.173 - - [23/May/2017:00:20:36 +0300] "GET / HTTP/1.0" 200 10609 "-" "Mozilla/5.0 (X11; Linux x86_64) AppleWebKit/537.36 (KHTML, like Gecko) Chrome/56.0.2924.87 Safari/537.36"
176.9.2.173 - - [23/May/2017:00:37:15 +0300] "GET / HTTP/1.0" 200 10609 "-" "Mozilla/5.0 (X11; Linux x86_64) AppleWebKit/537.36 (KHTML, like Gecko) Chrome/56.0.2924.87 Safari/537.36"
178.154.224.71 - - [23/May/2017:00:51:00 +0300] "GET / HTTP/1.0" 200 10609 "-" "Mozilla/5.0 (compatible; YandexMetrika/2.0; +http://yandex.com/bots mtmon01f.yandex.ru)"
141.8.132.1 - - [23/May/2017:01:07:41 +0300] "GET /robots.txt HTTP/1.0" 404 290 "-" "Mozilla/5.0 (compatible; YandexBot/3.0; +http://yandex.com/bots)"
87.250.224.23 - - [23/May/2017:01:07:45 +0300] "GET /favicon.ico HTTP/1.0" 404 291 "-" "Mozilla/5.0 (compatible; YandexBot/3.0; +http://yandex.com/bots)"
176.9.2.173 - - [23/May/2017:01:20:53 +0300] "GET / HTTP/1.0" 200 10609 "-" "Mozilla/5.0 (X11; Linux x86_64) AppleWebKit/537.36 (KHTML, like Gecko) Chrome/56.0.2924.87 Safari/537.36"
176.9.2.173 - - [23/May/2017:01:20:53 +0300] "GET / HTTP/1.0" 200 10609 "-" "Mozilla/5.0 (X11; Linux x86_64) AppleWebKit/537.36 (KHTML, like Gecko) Chrome/56.0.2924.87 Safari/537.36"
176.9.2.173 - - [23/May/2017:01:20:54 +0300] "GET / HTTP/1.0" 200 10609 "-" "Mozilla/5.0 (X11; Linux x86_64) AppleWebKit/537.36 (KHTML, like Gecko) Chrome/56.0.2924.87 Safari/537.36"
176.9.2.173 - - [23/May/2017:01:20:54 +0300] "GET / HTTP/1.0" 200 10609 "-" "Mozilla/5.0 (X11; Linux x86_64) AppleWebKit/537.36 (KHTML, like Gecko) Chrome/56.0.2924.87 Safari/537.36"
37.9.118.28 - - [23/May/2017:01:37:14 +0300] "GET / HTTP/1.0" 200 10609 "-" "Mozilla/5.0 (compatible; YandexMetrika/2.0; +http://yandex.com/bots mtmon01i.yandex.ru)"
176.9.2.173 - - [23/May/2017:01:37:28 +0300] "GET / HTTP/1.0" 200 10609 "-" "Mozilla/5.0 (X11; Linux x86_64) AppleWebKit/537.36 (KHTML, like Gecko) Chrome/56.0.2924.87 Safari/537.36"
194.58.113.224 - - [23/May/2017:02:02:48 +0300] "GET / HTTP/1.0" 200 10609 "http://bitfaucet.ru/" "Mozilla/5.0 (compatible; StatOnlineRuBot/1.0)"
194.58.113.224 - - [23/May/2017:02:03:01 +0300] "GET / HTTP/1.0" 200 10609 "https://bitfaucet.ru/" "Mozilla/5.0 (compatible; StatOnlineRuBot/1.0)"
95.108.129.196 - - [23/May/2017:02:06:53 +0300] "GET / HTTP/1.0" 200 10609 "-" "Mozilla/5.0 (compatible; YandexMetrika/2.0; +http://yandex.com/bots mtmon01e.yandex.ru)"
176.9.2.173 - - [23/May/2017:02:21:03 +0300] "GET / HTTP/1.0" 503 401 "-" "Mozilla/5.0 (X11; Linux x86_64) AppleWebKit/537.36 (KHTML, like Gecko) Chrome/56.0.2924.87 Safari/537.36"
176.9.2.173 - - [23/May/2017:02:21:03 +0300] "GET / HTTP/1.0" 503 401 "-" "Mozilla/5.0 (X11; Linux x86_64) AppleWebKit/537.36 (KHTML, like Gecko) Chrome/56.0.2924.87 Safari/537.36"
176.9.2.173 - - [23/May/2017:02:21:03 +0300] "GET / HTTP/1.0" 200 10609 "-" "Mozilla/5.0 (X11; Linux x86_64) AppleWebKit/537.36 (KHTML, like Gecko) Chrome/56.0.2924.87 Safari/537.36"
176.9.2.173 - - [23/May/2017:02:21:03 +0300] "GET / HTTP/1.0" 200 10609 "-" "Mozilla/5.0 (X11; Linux x86_64) AppleWebKit/537.36 (KHTML, like Gecko) Chrome/56.0.2924.87 Safari/537.36"
176.9.2.173 - - [23/May/2017:02:37:46 +0300] "GET / HTTP/1.0" 200 10609 "-" "Mozilla/5.0 (X11; Linux x86_64) AppleWebKit/537.36 (KHTML, like Gecko) Chrome/56.0.2924.87 Safari/537.36"
5.18.213.58 - - [23/May/2017:03:03:53 +0300] "GET / HTTP/1.0" 200 10609 "-" "Mozilla/5.0 (Windows NT 6.1) AppleWebKit/537.36 (KHTML, like Gecko) Chrome/30.0.1599.17 Safari/537.36"
176.9.2.173 - - [23/May/2017:03:21:09 +0300] "GET / HTTP/1.0" 503 401 "-" "Mozilla/5.0 (X11; Linux x86_64) AppleWebKit/537.36 (KHTML, like Gecko) Chrome/56.0.2924.87 Safari/537.36"
176.9.2.173 - - [23/May/2017:03:21:09 +0300] "GET / HTTP/1.0" 200 10609 "-" "Mozilla/5.0 (X11; Linux x86_64) AppleWebKit/537.36 (KHTML, like Gecko) Chrome/56.0.2924.87 Safari/537.36"
176.9.2.173 - - [23/May/2017:03:21:09 +0300] "GET / HTTP/1.0" 200 10609 "-" "Mozilla/5.0 (X11; Linux x86_64) AppleWebKit/537.36 (KHTML, like Gecko) Chrome/56.0.2924.87 Safari/537.36"
176.9.2.173 - - [23/May/2017:03:21:09 +0300] "GET / HTTP/1.0" 200 10609 "-" "Mozilla/5.0 (X11; Linux x86_64) AppleWebKit/537.36 (KHTML, like Gecko) Chrome/56.0.2924.87 Safari/537.36"
176.9.2.173 - - [23/May/2017:03:37:57 +0300] "GET / HTTP/1.0" 200 10609 "-" "Mozilla/5.0 (X11; Linux x86_64) AppleWebKit/537.36 (KHTML, like Gecko) Chrome/56.0.2924.87 Safari/537.36"
176.9.2.173 - - [23/May/2017:03:37:57 +0300] "GET / HTTP/1.0" 200 10609 "-" "Mozilla/5.0 (X11; Linux x86_64) AppleWebKit/537.36 (KHTML, like Gecko) Chrome/56.0.2924.87 Safari/537.36"
176.119.127.49 - - [23/May/2017:03:58:39 +0300] "GET /wp-login.php HTTP/1.0" 404 288 "-" "Mozilla/5.0 (Windows NT 6.1; WOW64) AppleWebKit/537.36 (KHTML, like Gecko) Chrome/36.0.1985.125 Safari/537.36"
178.154.224.71 - - [23/May/2017:04:03:42 +0300] "GET / HTTP/1.0" 200 10609 "-" "Mozilla/5.0 (compatible; YandexMetrika/2.0; +http://yandex.com/bots mtmon01f.yandex.ru)"
5.255.230.146 - - [23/May/2017:04:04:43 +0300] "GET / HTTP/1.0" 200 10609 "-" "Mozilla/5.0 (compatible; YandexMetrika/2.0; +http://yandex.com/bots mtmon01it.mtrs.yandex.ru)"
176.9.2.173 - - [23/May/2017:04:21:19 +0300] "GET / HTTP/1.0" 200 10609 "-" "Mozilla/5.0 (X11; Linux x86_64) AppleWebKit/537.36 (KHTML, like Gecko) Chrome/56.0.2924.87 Safari/537.36"
176.9.2.173 - - [23/May/2017:04:21:19 +0300] "GET / HTTP/1.0" 200 10609 "-" "Mozilla/5.0 (X11; Linux x86_64) AppleWebKit/537.36 (KHTML, like Gecko) Chrome/56.0.2924.87 Safari/537.36"
176.9.2.173 - - [23/May/2017:04:21:22 +0300] "GET / HTTP/1.0" 200 10609 "-" "Mozilla/5.0 (X11; Linux x86_64) AppleWebKit/537.36 (KHTML, like Gecko) Chrome/56.0.2924.87 Safari/537.36"
176.9.2.173 - - [23/May/2017:04:21:22 +0300] "GET / HTTP/1.0" 200 10609 "-" "Mozilla/5.0 (X11; Linux x86_64) AppleWebKit/537.36 (KHTML, like Gecko) Chrome/56.0.2924.87 Safari/537.36"
176.9.2.173 - - [23/May/2017:04:38:07 +0300] "GET / HTTP/1.0" 200 10609 "-" "Mozilla/5.0 (X11; Linux x86_64) AppleWebKit/537.36 (KHTML, like Gecko) Chrome/56.0.2924.87 Safari/537.36"
37.9.118.28 - - [23/May/2017:04:47:25 +0300] "GET / HTTP/1.0" 200 10609 "-" "Mozilla/5.0 (compatible; YandexMetrika/2.0; +http://yandex.com/bots mtmon01i.yandex.ru)"
95.108.129.196 - - [23/May/2017:05:14:51 +0300] "GET / HTTP/1.0" 200 10609 "-" "Mozilla/5.0 (compatible; YandexMetrika/2.0; +http://yandex.com/bots mtmon01e.yandex.ru)"
176.9.2.173 - - [23/May/2017:05:21:37 +0300] "GET / HTTP/1.0" 200 10609 "-" "Mozilla/5.0 (X11; Linux x86_64) AppleWebKit/537.36 (KHTML, like Gecko) Chrome/56.0.2924.87 Safari/537.36"
176.9.2.173 - - [23/May/2017:05:21:37 +0300] "GET / HTTP/1.0" 200 10609 "-" "Mozilla/5.0 (X11; Linux x86_64) AppleWebKit/537.36 (KHTML, like Gecko) Chrome/56.0.2924.87 Safari/537.36"
176.9.2.173 - - [23/May/2017:05:21:38 +0300] "GET / HTTP/1.0" 200 10609 "-" "Mozilla/5.0 (X11; Linux x86_64) AppleWebKit/537.36 (KHTML, like Gecko) Chrome/56.0.2924.87 Safari/537.36"
176.9.2.173 - - [23/May/2017:05:21:38 +0300] "GET / HTTP/1.0" 200 10609 "-" "Mozilla/5.0 (X11; Linux x86_64) AppleWebKit/537.36 (KHTML, like Gecko) Chrome/56.0.2924.87 Safari/537.36"
176.9.2.173 - - [23/May/2017:05:21:58 +0300] "GET / HTTP/1.0" 200 10609 "-" "Mozilla/5.0 (X11; Linux x86_64) AppleWebKit/537.36 (KHTML, like Gecko) Chrome/56.0.2924.87 Safari/537.36"
176.9.2.173 - - [23/May/2017:05:21:58 +0300] "GET / HTTP/1.0" 200 10609 "-" "Mozilla/5.0 (X11; Linux x86_64) AppleWebKit/537.36 (KHTML, like Gecko) Chrome/56.0.2924.87 Safari/537.36"
176.9.2.173 - - [23/May/2017:05:38:24 +0300] "GET / HTTP/1.0" 200 10609 "-" "Mozilla/5.0 (X11; Linux x86_64) AppleWebKit/537.36 (KHTML, like Gecko) Chrome/56.0.2924.87 Safari/537.36"
176.9.2.173 - - [23/May/2017:06:22:37 +0300] "GET / HTTP/1.0" 200 10609 "-" "Mozilla/5.0 (X11; Linux x86_64) AppleWebKit/537.36 (KHTML, like Gecko) Chrome/56.0.2924.87 Safari/537.36"
176.9.2.173 - - [23/May/2017:06:22:37 +0300] "GET / HTTP/1.0" 200 10609 "-" "Mozilla/5.0 (X11; Linux x86_64) AppleWebKit/537.36 (KHTML, like Gecko) Chrome/56.0.2924.87 Safari/537.36"
176.9.2.173 - - [23/May/2017:06:22:38 +0300] "GET / HTTP/1.0" 200 10609 "-" "Mozilla/5.0 (X11; Linux x86_64) AppleWebKit/537.36 (KHTML, like Gecko) Chrome/56.0.2924.87 Safari/537.36"
176.9.2.173 - - [23/May/2017:06:22:38 +0300] "GET / HTTP/1.0" 200 10609 "-" "Mozilla/5.0 (X11; Linux x86_64) AppleWebKit/537.36 (KHTML, like Gecko) Chrome/56.0.2924.87 Safari/537.36"
14.23.93.146 - - [23/May/2017:06:27:13 +0300] "GET / HTTP/1.0" 200 10609 "-" "Mozilla/5.0 (X11; Linux i686) AppleWebKit/535.1 (KHTML, like Gecko) Chrome/13.0.782.220 Safari/535.1"
176.9.2.173 - - [23/May/2017:06:38:35 +0300] "GET / HTTP/1.0" 200 10609 "-" "Mozilla/5.0 (X11; Linux x86_64) AppleWebKit/537.36 (KHTML, like Gecko) Chrome/56.0.2924.87 Safari/537.36"
176.9.2.173 - - [23/May/2017:06:38:36 +0300] "GET / HTTP/1.0" 200 10609 "-" "Mozilla/5.0 (X11; Linux x86_64) AppleWebKit/537.36 (KHTML, like Gecko) Chrome/56.0.2924.87 Safari/537.36"
178.154.224.71 - - [23/May/2017:07:07:25 +0300] "GET / HTTP/1.0" 200 10609 "-" "Mozilla/5.0 (compatible; YandexMetrika/2.0; +http://yandex.com/bots mtmon01f.yandex.ru)"
178.154.224.71 - - [23/May/2017:07:08:13 +0300] "GET / HTTP/1.0" 200 10609 "-" "Mozilla/5.0 (compatible; YandexMetrika/2.0; +http://yandex.com/bots mtmon01f.yandex.ru)"
176.9.2.173 - - [23/May/2017:07:22:40 +0300] "GET / HTTP/1.0" 200 10609 "-" "Mozilla/5.0 (X11; Linux x86_64) AppleWebKit/537.36 (KHTML, like Gecko) Chrome/56.0.2924.87 Safari/537.36"
176.9.2.173 - - [23/May/2017:07:22:40 +0300] "GET / HTTP/1.0" 200 10609 "-" "Mozilla/5.0 (X11; Linux x86_64) AppleWebKit/537.36 (KHTML, like Gecko) Chrome/56.0.2924.87 Safari/537.36"
176.9.2.173 - - [23/May/2017:07:38:50 +0300] "GET / HTTP/1.0" 200 10609 "-" "Mozilla/5.0 (X11; Linux x86_64) AppleWebKit/537.36 (KHTML, like Gecko) Chrome/56.0.2924.87 Safari/537.36"
37.9.118.28 - - [23/May/2017:07:56:15 +0300] "GET / HTTP/1.0" 200 10609 "-" "Mozilla/5.0 (compatible; YandexMetrika/2.0; +http://yandex.com/bots mtmon01i.yandex.ru)"
95.108.129.196 - - [23/May/2017:08:21:37 +0300] "GET / HTTP/1.0" 200 10609 "-" "Mozilla/5.0 (compatible; YandexMetrika/2.0; +http://yandex.com/bots mtmon01e.yandex.ru)"
176.9.2.173 - - [23/May/2017:08:22:53 +0300] "GET / HTTP/1.0" 200 10609 "-" "Mozilla/5.0 (X11; Linux x86_64) AppleWebKit/537.36 (KHTML, like Gecko) Chrome/56.0.2924.87 Safari/537.36"
176.9.2.173 - - [23/May/2017:08:22:53 +0300] "GET / HTTP/1.0" 200 10609 "-" "Mozilla/5.0 (X11; Linux x86_64) AppleWebKit/537.36 (KHTML, like Gecko) Chrome/56.0.2924.87 Safari/537.36"
176.9.2.173 - - [23/May/2017:08:38:55 +0300] "GET / HTTP/1.0" 200 10609 "-" "Mozilla/5.0 (X11; Linux x86_64) AppleWebKit/537.36 (KHTML, like Gecko) Chrome/56.0.2924.87 Safari/537.36"
176.9.2.173 - - [23/May/2017:09:23:12 +0300] "GET / HTTP/1.0" 200 10609 "-" "Mozilla/5.0 (X11; Linux x86_64) AppleWebKit/537.36 (KHTML, like Gecko) Chrome/56.0.2924.87 Safari/537.36"
176.9.2.173 - - [23/May/2017:09:23:12 +0300] "GET / HTTP/1.0" 200 10609 "-" "Mozilla/5.0 (X11; Linux x86_64) AppleWebKit/537.36 (KHTML, like Gecko) Chrome/56.0.2924.87 Safari/537.36"
176.9.2.173 - - [23/May/2017:09:23:14 +0300] "GET / HTTP/1.0" 200 10609 "-" "Mozilla/5.0 (X11; Linux x86_64) AppleWebKit/537.36 (KHTML, like Gecko) Chrome/56.0.2924.87 Safari/537.36"
176.9.2.173 - - [23/May/2017:09:23:14 +0300] "GET / HTTP/1.0" 200 10609 "-" "Mozilla/5.0 (X11; Linux x86_64) AppleWebKit/537.36 (KHTML, like Gecko) Chrome/56.0.2924.87 Safari/537.36"
176.9.2.173 - - [23/May/2017:09:39:01 +0300] "GET / HTTP/1.0" 200 10609 "-" "Mozilla/5.0 (X11; Linux x86_64) AppleWebKit/537.36 (KHTML, like Gecko) Chrome/56.0.2924.87 Safari/537.36"
176.9.2.173 - - [23/May/2017:09:39:01 +0300] "GET / HTTP/1.0" 200 10609 "-" "Mozilla/5.0 (X11; Linux x86_64) AppleWebKit/537.36 (KHTML, like Gecko) Chrome/56.0.2924.87 Safari/537.36"
178.154.224.71 - - [23/May/2017:10:20:42 +0300] "GET / HTTP/1.0" 200 10609 "-" "Mozilla/5.0 (compatible; YandexMetrika/2.0; +http://yandex.com/bots mtmon01f.yandex.ru)"
176.9.2.173 - - [23/May/2017:10:23:18 +0300] "GET / HTTP/1.0" 200 10609 "-" "Mozilla/5.0 (X11; Linux x86_64) AppleWebKit/537.36 (KHTML, like Gecko) Chrome/56.0.2924.87 Safari/537.36"
176.9.2.173 - - [23/May/2017:10:23:18 +0300] "GET / HTTP/1.0" 200 10609 "-" "Mozilla/5.0 (X11; Linux x86_64) AppleWebKit/537.36 (KHTML, like Gecko) Chrome/56.0.2924.87 Safari/537.36"
176.9.2.173 - - [23/May/2017:10:23:19 +0300] "GET / HTTP/1.0" 200 10609 "-" "Mozilla/5.0 (X11; Linux x86_64) AppleWebKit/537.36 (KHTML, like Gecko) Chrome/56.0.2924.87 Safari/537.36"
