197.231.221.211 - - [24/May/2017:07:10:40 +0300] "GET /.hg/hgrc HTTP/1.0" 404 284 "-" "Mozilla/5.0 (Windows NT 6.1; WOW64) AppleWebKit/535.1 (KHTML, like Gecko) Chrome/13.0.782.112 Safari/535.1"
197.231.221.211 - - [24/May/2017:07:10:41 +0300] "GET /.svn/wc.db HTTP/1.0" 404 286 "-" "Mozilla/5.0 (Windows NT 6.1; WOW64) AppleWebKit/535.1 (KHTML, like Gecko) Chrome/13.0.782.112 Safari/535.1"
128.52.128.105 - - [24/May/2017:07:10:42 +0300] "GET /.svn/wc.db HTTP/1.0" 404 286 "-" "Mozilla/5.0 (Windows NT 6.1; WOW64) AppleWebKit/535.1 (KHTML, like Gecko) Chrome/13.0.782.112 Safari/535.1"
185.129.62.63 - - [24/May/2017:07:10:43 +0300] "GET /.svn/format HTTP/1.0" 404 287 "-" "Mozilla/5.0 (Windows NT 6.1; WOW64) AppleWebKit/535.1 (KHTML, like Gecko) Chrome/13.0.782.112 Safari/535.1"
171.25.193.132 - - [24/May/2017:07:10:45 +0300] "GET /.svn/format HTTP/1.0" 404 287 "-" "Mozilla/5.0 (Windows NT 6.1; WOW64) AppleWebKit/535.1 (KHTML, like Gecko) Chrome/13.0.782.112 Safari/535.1"
51.15.50.10 - - [24/May/2017:07:10:46 +0300] "GET /.bzr/branch-format HTTP/1.0" 404 294 "-" "Mozilla/5.0 (Windows NT 6.1; WOW64) AppleWebKit/535.1 (KHTML, like Gecko) Chrome/13.0.782.112 Safari/535.1"
185.129.62.63 - - [24/May/2017:07:10:47 +0300] "GET /.bzr/branch-format HTTP/1.0" 404 294 "-" "Mozilla/5.0 (Windows NT 6.1; WOW64) AppleWebKit/535.1 (KHTML, like Gecko) Chrome/13.0.782.112 Safari/535.1"
171.25.193.132 - - [24/May/2017:07:10:48 +0300] "GET /.bash_history HTTP/1.0" 404 289 "-" "Mozilla/5.0 (Windows NT 6.1; WOW64) AppleWebKit/535.1 (KHTML, like Gecko) Chrome/13.0.782.112 Safari/535.1"
128.52.128.105 - - [24/May/2017:07:10:49 +0300] "GET /.bash_history HTTP/1.0" 404 289 "-" "Mozilla/5.0 (Windows NT 6.1; WOW64) AppleWebKit/535.1 (KHTML, like Gecko) Chrome/13.0.782.112 Safari/535.1"
185.129.62.63 - - [24/May/2017:07:10:50 +0300] "GET /sxd/info.php HTTP/1.0" 404 288 "-" "Mozilla/5.0 (Windows NT 6.1; WOW64) AppleWebKit/535.1 (KHTML, like Gecko) Chrome/13.0.782.112 Safari/535.1"
171.25.193.78 - - [24/May/2017:07:10:50 +0300] "GET /sxd/info.php HTTP/1.0" 404 288 "-" "Mozilla/5.0 (Windows NT 6.1; WOW64) AppleWebKit/535.1 (KHTML, like Gecko) Chrome/13.0.782.112 Safari/535.1"
128.52.128.105 - - [24/May/2017:07:10:51 +0300] "GET /backup/info.php HTTP/1.0" 404 291 "-" "Mozilla/5.0 (Windows NT 6.1; WOW64) AppleWebKit/535.1 (KHTML, like Gecko) Chrome/13.0.782.112 Safari/535.1"
185.129.62.63 - - [24/May/2017:07:10:52 +0300] "GET /backup/info.php HTTP/1.0" 404 291 "-" "Mozilla/5.0 (Windows NT 6.1; WOW64) AppleWebKit/535.1 (KHTML, like Gecko) Chrome/13.0.782.112 Safari/535.1"
185.170.42.4 - - [24/May/2017:07:10:52 +0300] "GET /.git/config HTTP/1.0" 404 291 "-" "Mozilla/5.0 (Windows NT 6.1; WOW64) AppleWebKit/535.1 (KHTML, like Gecko) Chrome/13.0.782.112 Safari/535.1"
185.129.62.63 - - [24/May/2017:07:10:53 +0300] "GET /.git/config HTTP/1.0" 404 291 "-" "Mozilla/5.0 (Windows NT 6.1; WOW64) AppleWebKit/535.1 (KHTML, like Gecko) Chrome/13.0.782.112 Safari/535.1"
51.15.50.10 - - [24/May/2017:07:10:54 +0300] "GET /.hg/hgrc HTTP/1.0" 404 288 "-" "Mozilla/5.0 (Windows NT 6.1; WOW64) AppleWebKit/535.1 (KHTML, like Gecko) Chrome/13.0.782.112 Safari/535.1"
185.129.62.63 - - [24/May/2017:07:10:55 +0300] "GET /.hg/hgrc HTTP/1.0" 404 288 "-" "Mozilla/5.0 (Windows NT 6.1; WOW64) AppleWebKit/535.1 (KHTML, like Gecko) Chrome/13.0.782.112 Safari/535.1"
185.129.62.63 - - [24/May/2017:07:10:55 +0300] "GET /.svn/wc.db HTTP/1.0" 404 290 "-" "Mozilla/5.0 (Windows NT 6.1; WOW64) AppleWebKit/535.1 (KHTML, like Gecko) Chrome/13.0.782.112 Safari/535.1"
185.129.62.63 - - [24/May/2017:07:10:56 +0300] "GET /.svn/wc.db HTTP/1.0" 404 290 "-" "Mozilla/5.0 (Windows NT 6.1; WOW64) AppleWebKit/535.1 (KHTML, like Gecko) Chrome/13.0.782.112 Safari/535.1"
197.231.221.211 - - [24/May/2017:07:10:57 +0300] "GET /.svn/format HTTP/1.0" 404 291 "-" "Mozilla/5.0 (Windows NT 6.1; WOW64) AppleWebKit/535.1 (KHTML, like Gecko) Chrome/13.0.782.112 Safari/535.1"
171.25.193.132 - - [24/May/2017:07:11:00 +0300] "GET /.svn/format HTTP/1.0" 404 291 "-" "Mozilla/5.0 (Windows NT 6.1; WOW64) AppleWebKit/535.1 (KHTML, like Gecko) Chrome/13.0.782.112 Safari/535.1"
185.129.62.63 - - [24/May/2017:07:11:01 +0300] "GET /.bzr/branch-format HTTP/1.0" 404 298 "-" "Mozilla/5.0 (Windows NT 6.1; WOW64) AppleWebKit/535.1 (KHTML, like Gecko) Chrome/13.0.782.112 Safari/535.1"
197.231.221.211 - - [24/May/2017:07:11:02 +0300] "GET /.bzr/branch-format HTTP/1.0" 404 298 "-" "Mozilla/5.0 (Windows NT 6.1; WOW64) AppleWebKit/535.1 (KHTML, like Gecko) Chrome/13.0.782.112 Safari/535.1"
185.129.62.63 - - [24/May/2017:07:11:02 +0300] "GET /.bash_history HTTP/1.0" 404 293 "-" "Mozilla/5.0 (Windows NT 6.1; WOW64) AppleWebKit/535.1 (KHTML, like Gecko) Chrome/13.0.782.112 Safari/535.1"
171.25.193.132 - - [24/May/2017:07:11:05 +0300] "GET /.bash_history HTTP/1.0" 404 293 "-" "Mozilla/5.0 (Windows NT 6.1; WOW64) AppleWebKit/535.1 (KHTML, like Gecko) Chrome/13.0.782.112 Safari/535.1"
185.129.62.63 - - [24/May/2017:07:11:11 +0300] "GET /sxd/info.php HTTP/1.0" 404 292 "-" "Mozilla/5.0 (Windows NT 6.1; WOW64) AppleWebKit/535.1 (KHTML, like Gecko) Chrome/13.0.782.112 Safari/535.1"
171.25.193.132 - - [24/May/2017:07:11:14 +0300] "GET /backup/info.php HTTP/1.0" 404 295 "-" "Mozilla/5.0 (Windows NT 6.1; WOW64) AppleWebKit/535.1 (KHTML, like Gecko) Chrome/13.0.782.112 Safari/535.1"
176.9.2.173 - - [24/May/2017:07:28:21 +0300] "GET / HTTP/1.0" 200 10609 "-" "Mozilla/5.0 (X11; Linux x86_64) AppleWebKit/537.36 (KHTML, like Gecko) Chrome/56.0.2924.87 Safari/537.36"
176.9.2.173 - - [24/May/2017:07:28:21 +0300] "GET / HTTP/1.0" 200 10609 "-" "Mozilla/5.0 (X11; Linux x86_64) AppleWebKit/537.36 (KHTML, like Gecko) Chrome/56.0.2924.87 Safari/537.36"
107.21.1.8 - - [24/May/2017:07:32:53 +0300] "GET / HTTP/1.0" 200 10609 "http://bitfaucet.ru/" "Mozilla/5.0 (compatible; DuckDuckGo-Favicons-Bot/1.0; +http://duckduckgo.com)"
107.21.1.8 - - [24/May/2017:07:32:53 +0300] "GET /favicon.ico HTTP/1.0" 404 287 "http://bitfaucet.ru/favicon.ico" "Mozilla/5.0 (compatible; DuckDuckGo-Favicons-Bot/1.0; +http://duckduckgo.com)"
176.9.2.173 - - [24/May/2017:07:46:17 +0300] "GET / HTTP/1.0" 200 10609 "-" "Mozilla/5.0 (X11; Linux x86_64) AppleWebKit/537.36 (KHTML, like Gecko) Chrome/56.0.2924.87 Safari/537.36"
176.9.2.173 - - [24/May/2017:08:28:36 +0300] "GET / HTTP/1.0" 200 10609 "-" "Mozilla/5.0 (X11; Linux x86_64) AppleWebKit/537.36 (KHTML, like Gecko) Chrome/56.0.2924.87 Safari/537.36"
176.9.2.173 - - [24/May/2017:08:28:36 +0300] "GET / HTTP/1.0" 200 10609 "-" "Mozilla/5.0 (X11; Linux x86_64) AppleWebKit/537.36 (KHTML, like Gecko) Chrome/56.0.2924.87 Safari/537.36"
178.154.224.71 - - [24/May/2017:08:32:58 +0300] "GET / HTTP/1.0" 200 10609 "-" "Mozilla/5.0 (compatible; YandexMetrika/2.0; +http://yandex.com/bots mtmon01f.yandex.ru)"
176.9.2.173 - - [24/May/2017:08:46:29 +0300] "GET / HTTP/1.0" 200 10609 "-" "Mozilla/5.0 (X11; Linux x86_64) AppleWebKit/537.36 (KHTML, like Gecko) Chrome/56.0.2924.87 Safari/537.36"
37.9.118.28 - - [24/May/2017:09:01:58 +0300] "GET / HTTP/1.0" 200 10609 "-" "Mozilla/5.0 (compatible; YandexMetrika/2.0; +http://yandex.com/bots mtmon01i.yandex.ru)"
95.108.129.196 - - [24/May/2017:09:23:47 +0300] "GET / HTTP/1.0" 200 10609 "-" "Mozilla/5.0 (compatible; YandexMetrika/2.0; +http://yandex.com/bots mtmon01e.yandex.ru)"
176.9.2.173 - - [24/May/2017:09:28:49 +0300] "GET / HTTP/1.0" 200 10609 "-" "Mozilla/5.0 (X11; Linux x86_64) AppleWebKit/537.36 (KHTML, like Gecko) Chrome/56.0.2924.87 Safari/537.36"
176.9.2.173 - - [24/May/2017:09:28:49 +0300] "GET / HTTP/1.0" 200 10609 "-" "Mozilla/5.0 (X11; Linux x86_64) AppleWebKit/537.36 (KHTML, like Gecko) Chrome/56.0.2924.87 Safari/537.36"
176.9.2.173 - - [24/May/2017:09:46:39 +0300] "GET / HTTP/1.0" 200 10609 "-" "Mozilla/5.0 (X11; Linux x86_64) AppleWebKit/537.36 (KHTML, like Gecko) Chrome/56.0.2924.87 Safari/537.36"
212.109.217.105 - - [24/May/2017:09:57:29 +0300] "GET / HTTP/1.0" 200 10609 "-" "-"
202.46.52.18 - - [24/May/2017:10:02:11 +0300] "GET / HTTP/1.0" 200 10609 "-" "Mozilla/5.0 (Windows NT 10.0; WOW64) AppleWebKit/537.36 (KHTML, like Gecko) Chrome/45.0.2454.93 Safari/537.36"
176.9.2.173 - - [24/May/2017:10:29:01 +0300] "GET / HTTP/1.0" 200 10609 "-" "Mozilla/5.0 (X11; Linux x86_64) AppleWebKit/537.36 (KHTML, like Gecko) Chrome/56.0.2924.87 Safari/537.36"
176.9.2.173 - - [24/May/2017:10:29:01 +0300] "GET / HTTP/1.0" 200 10609 "-" "Mozilla/5.0 (X11; Linux x86_64) AppleWebKit/537.36 (KHTML, like Gecko) Chrome/56.0.2924.87 Safari/537.36"
176.9.2.173 - - [24/May/2017:10:47:01 +0300] "GET / HTTP/1.0" 200 10609 "-" "Mozilla/5.0 (X11; Linux x86_64) AppleWebKit/537.36 (KHTML, like Gecko) Chrome/56.0.2924.87 Safari/537.36"
176.9.2.173 - - [24/May/2017:10:47:01 +0300] "GET / HTTP/1.0" 200 10609 "-" "Mozilla/5.0 (X11; Linux x86_64) AppleWebKit/537.36 (KHTML, like Gecko) Chrome/56.0.2924.87 Safari/537.36"
176.9.2.173 - - [24/May/2017:10:47:01 +0300] "GET / HTTP/1.0" 200 10609 "-" "Mozilla/5.0 (X11; Linux x86_64) AppleWebKit/537.36 (KHTML, like Gecko) Chrome/56.0.2924.87 Safari/537.36"
176.9.2.173 - - [24/May/2017:10:47:02 +0300] "GET / HTTP/1.0" 200 10609 "-" "Mozilla/5.0 (X11; Linux x86_64) AppleWebKit/537.36 (KHTML, like Gecko) Chrome/56.0.2924.87 Safari/537.36"
176.9.2.173 - - [24/May/2017:11:29:13 +0300] "GET / HTTP/1.0" 503 401 "-" "Mozilla/5.0 (X11; Linux x86_64) AppleWebKit/537.36 (KHTML, like Gecko) Chrome/56.0.2924.87 Safari/537.36"
176.9.2.173 - - [24/May/2017:11:29:13 +0300] "GET / HTTP/1.0" 503 401 "-" "Mozilla/5.0 (X11; Linux x86_64) AppleWebKit/537.36 (KHTML, like Gecko) Chrome/56.0.2924.87 Safari/537.36"
176.9.2.173 - - [24/May/2017:11:29:13 +0300] "GET / HTTP/1.0" 503 401 "-" "Mozilla/5.0 (X11; Linux x86_64) AppleWebKit/537.36 (KHTML, like Gecko) Chrome/56.0.2924.87 Safari/537.36"
176.9.2.173 - - [24/May/2017:11:29:13 +0300] "GET / HTTP/1.0" 503 401 "-" "Mozilla/5.0 (X11; Linux x86_64) AppleWebKit/537.36 (KHTML, like Gecko) Chrome/56.0.2924.87 Safari/537.36"
54.88.17.196 - - [24/May/2017:11:37:41 +0300] "GET / HTTP/1.0" 200 10609 "-" "Mozilla/5.0 (X11; Ubuntu; Linux x86_64; rv:30.0) Gecko/20100101 Firefox/30.0"
178.154.224.71 - - [24/May/2017:11:45:51 +0300] "GET / HTTP/1.0" 200 10609 "-" "Mozilla/5.0 (compatible; YandexMetrika/2.0; +http://yandex.com/bots mtmon01f.yandex.ru)"
176.9.2.173 - - [24/May/2017:11:47:07 +0300] "GET / HTTP/1.0" 200 10609 "-" "Mozilla/5.0 (X11; Linux x86_64) AppleWebKit/537.36 (KHTML, like Gecko) Chrome/56.0.2924.87 Safari/537.36"
176.9.2.173 - - [24/May/2017:11:47:09 +0300] "GET / HTTP/1.0" 200 10609 "-" "Mozilla/5.0 (X11; Linux x86_64) AppleWebKit/537.36 (KHTML, like Gecko) Chrome/56.0.2924.87 Safari/537.36"
37.9.118.28 - - [24/May/2017:12:11:07 +0300] "GET / HTTP/1.0" 200 10609 "-" "Mozilla/5.0 (compatible; YandexMetrika/2.0; +http://yandex.com/bots mtmon01i.yandex.ru)"
176.9.2.173 - - [24/May/2017:12:29:31 +0300] "GET / HTTP/1.0" 503 401 "-" "Mozilla/5.0 (X11; Linux x86_64) AppleWebKit/537.36 (KHTML, like Gecko) Chrome/56.0.2924.87 Safari/537.36"
176.9.2.173 - - [24/May/2017:12:29:25 +0300] "GET / HTTP/1.0" 200 10609 "-" "Mozilla/5.0 (X11; Linux x86_64) AppleWebKit/537.36 (KHTML, like Gecko) Chrome/56.0.2924.87 Safari/537.36"
176.9.2.173 - - [24/May/2017:12:29:31 +0300] "GET / HTTP/1.0" 200 10609 "-" "Mozilla/5.0 (X11; Linux x86_64) AppleWebKit/537.36 (KHTML, like Gecko) Chrome/56.0.2924.87 Safari/537.36"
176.9.2.173 - - [24/May/2017:12:29:25 +0300] "GET / HTTP/1.0" 200 10609 "-" "Mozilla/5.0 (X11; Linux x86_64) AppleWebKit/537.36 (KHTML, like Gecko) Chrome/56.0.2924.87 Safari/537.36"
176.9.2.173 - - [24/May/2017:12:29:51 +0300] "GET / HTTP/1.0" 200 10609 "-" "Mozilla/5.0 (X11; Linux x86_64) AppleWebKit/537.36 (KHTML, like Gecko) Chrome/56.0.2924.87 Safari/537.36"
176.9.2.173 - - [24/May/2017:12:29:51 +0300] "GET / HTTP/1.0" 200 10609 "-" "Mozilla/5.0 (X11; Linux x86_64) AppleWebKit/537.36 (KHTML, like Gecko) Chrome/56.0.2924.87 Safari/537.36"
95.108.129.196 - - [24/May/2017:12:31:48 +0300] "GET / HTTP/1.0" 200 10609 "-" "Mozilla/5.0 (compatible; YandexMetrika/2.0; +http://yandex.com/bots mtmon01e.yandex.ru)"
176.9.2.173 - - [24/May/2017:12:47:17 +0300] "GET / HTTP/1.0" 200 10609 "-" "Mozilla/5.0 (X11; Linux x86_64) AppleWebKit/537.36 (KHTML, like Gecko) Chrome/56.0.2924.87 Safari/537.36"
176.9.2.173 - - [24/May/2017:12:47:18 +0300] "GET / HTTP/1.0" 200 10609 "-" "Mozilla/5.0 (X11; Linux x86_64) AppleWebKit/537.36 (KHTML, like Gecko) Chrome/56.0.2924.87 Safari/537.36"
176.9.2.173 - - [24/May/2017:13:30:24 +0300] "GET / HTTP/1.0" 503 401 "-" "Mozilla/5.0 (X11; Linux x86_64) AppleWebKit/537.36 (KHTML, like Gecko) Chrome/56.0.2924.87 Safari/537.36"
176.9.2.173 - - [24/May/2017:13:30:24 +0300] "GET / HTTP/1.0" 503 401 "-" "Mozilla/5.0 (X11; Linux x86_64) AppleWebKit/537.36 (KHTML, like Gecko) Chrome/56.0.2924.87 Safari/537.36"
176.9.2.173 - - [24/May/2017:13:30:23 +0300] "GET / HTTP/1.0" 200 10609 "-" "Mozilla/5.0 (X11; Linux x86_64) AppleWebKit/537.36 (KHTML, like Gecko) Chrome/56.0.2924.87 Safari/537.36"
176.9.2.173 - - [24/May/2017:13:30:23 +0300] "GET / HTTP/1.0" 200 10609 "-" "Mozilla/5.0 (X11; Linux x86_64) AppleWebKit/537.36 (KHTML, like Gecko) Chrome/56.0.2924.87 Safari/537.36"
176.9.2.173 - - [24/May/2017:13:47:26 +0300] "GET / HTTP/1.0" 200 10609 "-" "Mozilla/5.0 (X11; Linux x86_64) AppleWebKit/537.36 (KHTML, like Gecko) Chrome/56.0.2924.87 Safari/537.36"
176.9.2.173 - - [24/May/2017:13:47:26 +0300] "GET / HTTP/1.0" 200 10609 "-" "Mozilla/5.0 (X11; Linux x86_64) AppleWebKit/537.36 (KHTML, like Gecko) Chrome/56.0.2924.87 Safari/537.36"
176.9.2.173 - - [24/May/2017:14:30:45 +0300] "GET / HTTP/1.0" 503 401 "-" "Mozilla/5.0 (X11; Linux x86_64) AppleWebKit/537.36 (KHTML, like Gecko) Chrome/56.0.2924.87 Safari/537.36"
176.9.2.173 - - [24/May/2017:14:30:45 +0300] "GET / HTTP/1.0" 503 401 "-" "Mozilla/5.0 (X11; Linux x86_64) AppleWebKit/537.36 (KHTML, like Gecko) Chrome/56.0.2924.87 Safari/537.36"
176.9.2.173 - - [24/May/2017:14:30:45 +0300] "GET / HTTP/1.0" 503 401 "-" "Mozilla/5.0 (X11; Linux x86_64) AppleWebKit/537.36 (KHTML, like Gecko) Chrome/56.0.2924.87 Safari/537.36"
176.9.2.173 - - [24/May/2017:14:30:45 +0300] "GET / HTTP/1.0" 503 401 "-" "Mozilla/5.0 (X11; Linux x86_64) AppleWebKit/537.36 (KHTML, like Gecko) Chrome/56.0.2924.87 Safari/537.36"
176.9.2.173 - - [24/May/2017:14:31:05 +0300] "GET / HTTP/1.0" 200 10609 "-" "Mozilla/5.0 (X11; Linux x86_64) AppleWebKit/537.36 (KHTML, like Gecko) Chrome/56.0.2924.87 Safari/537.36"
176.9.2.173 - - [24/May/2017:14:31:05 +0300] "GET / HTTP/1.0" 200 10609 "-" "Mozilla/5.0 (X11; Linux x86_64) AppleWebKit/537.36 (KHTML, like Gecko) Chrome/56.0.2924.87 Safari/537.36"
176.9.2.173 - - [24/May/2017:14:47:31 +0300] "GET / HTTP/1.0" 200 10609 "-" "Mozilla/5.0 (X11; Linux x86_64) AppleWebKit/537.36 (KHTML, like Gecko) Chrome/56.0.2924.87 Safari/537.36"
176.9.2.173 - - [24/May/2017:14:47:32 +0300] "GET / HTTP/1.0" 200 10609 "-" "Mozilla/5.0 (X11; Linux x86_64) AppleWebKit/537.36 (KHTML, like Gecko) Chrome/56.0.2924.87 Safari/537.36"
178.154.224.71 - - [24/May/2017:14:54:33 +0300] "GET / HTTP/1.0" 200 10609 "-" "Mozilla/5.0 (compatible; YandexMetrika/2.0; +http://yandex.com/bots mtmon01f.yandex.ru)"
37.9.118.28 - - [24/May/2017:15:18:21 +0300] "GET / HTTP/1.0" 200 10609 "-" "Mozilla/5.0 (compatible; YandexMetrika/2.0; +http://yandex.com/bots mtmon01i.yandex.ru)"
176.9.2.173 - - [24/May/2017:15:31:16 +0300] "GET / HTTP/1.0" 200 10609 "-" "Mozilla/5.0 (X11; Linux x86_64) AppleWebKit/537.36 (KHTML, like Gecko) Chrome/56.0.2924.87 Safari/537.36"
176.9.2.173 - - [24/May/2017:15:31:16 +0300] "GET / HTTP/1.0" 200 10609 "-" "Mozilla/5.0 (X11; Linux x86_64) AppleWebKit/537.36 (KHTML, like Gecko) Chrome/56.0.2924.87 Safari/537.36"
176.9.2.173 - - [24/May/2017:15:31:17 +0300] "GET / HTTP/1.0" 200 10609 "-" "Mozilla/5.0 (X11; Linux x86_64) AppleWebKit/537.36 (KHTML, like Gecko) Chrome/56.0.2924.87 Safari/537.36"
176.9.2.173 - - [24/May/2017:15:31:17 +0300] "GET / HTTP/1.0" 200 10609 "-" "Mozilla/5.0 (X11; Linux x86_64) AppleWebKit/537.36 (KHTML, like Gecko) Chrome/56.0.2924.87 Safari/537.36"
95.108.129.196 - - [24/May/2017:15:41:11 +0300] "GET / HTTP/1.0" 200 10609 "-" "Mozilla/5.0 (compatible; YandexMetrika/2.0; +http://yandex.com/bots mtmon01e.yandex.ru)"
176.9.2.173 - - [24/May/2017:15:47:43 +0300] "GET / HTTP/1.0" 200 10609 "-" "Mozilla/5.0 (X11; Linux x86_64) AppleWebKit/537.36 (KHTML, like Gecko) Chrome/56.0.2924.87 Safari/537.36"
176.9.2.173 - - [24/May/2017:15:47:43 +0300] "GET / HTTP/1.0" 200 10609 "-" "Mozilla/5.0 (X11; Linux x86_64) AppleWebKit/537.36 (KHTML, like Gecko) Chrome/56.0.2924.87 Safari/537.36"
176.9.2.173 - - [24/May/2017:15:48:04 +0300] "GET / HTTP/1.0" 200 10609 "-" "Mozilla/5.0 (X11; Linux x86_64) AppleWebKit/537.36 (KHTML, like Gecko) Chrome/56.0.2924.87 Safari/537.36"
176.9.2.173 - - [24/May/2017:16:31:47 +0300] "GET / HTTP/1.0" 200 10609 "-" "Mozilla/5.0 (X11; Linux x86_64) AppleWebKit/537.36 (KHTML, like Gecko) Chrome/56.0.2924.87 Safari/537.36"
176.9.2.173 - - [24/May/2017:16:31:47 +0300] "GET / HTTP/1.0" 200 10609 "-" "Mozilla/5.0 (X11; Linux x86_64) AppleWebKit/537.36 (KHTML, like Gecko) Chrome/56.0.2924.87 Safari/537.36"
176.9.2.173 - - [24/May/2017:16:31:48 +0300] "GET / HTTP/1.0" 200 10609 "-" "Mozilla/5.0 (X11; Linux x86_64) AppleWebKit/537.36 (KHTML, like Gecko) Chrome/56.0.2924.87 Safari/537.36"
176.9.2.173 - - [24/May/2017:16:31:48 +0300] "GET / HTTP/1.0" 200 10609 "-" "Mozilla/5.0 (X11; Linux x86_64) AppleWebKit/537.36 (KHTML, like Gecko) Chrome/56.0.2924.87 Safari/537.36"
176.9.2.173 - - [24/May/2017:16:32:08 +0300] "GET / HTTP/1.0" 200 10609 "-" "Mozilla/5.0 (X11; Linux x86_64) AppleWebKit/537.36 (KHTML, like Gecko) Chrome/56.0.2924.87 Safari/537.36"
176.9.2.173 - - [24/May/2017:16:48:14 +0300] "GET / HTTP/1.0" 200 10609 "-" "Mozilla/5.0 (X11; Linux x86_64) AppleWebKit/537.36 (KHTML, like Gecko) Chrome/56.0.2924.87 Safari/537.36"
176.9.2.173 - - [24/May/2017:16:48:14 +0300] "GET / HTTP/1.0" 200 10609 "-" "Mozilla/5.0 (X11; Linux x86_64) AppleWebKit/537.36 (KHTML, like Gecko) Chrome/56.0.2924.87 Safari/537.36"
176.9.2.173 - - [24/May/2017:17:32:12 +0300] "GET / HTTP/1.0" 200 10609 "-" "Mozilla/5.0 (X11; Linux x86_64) AppleWebKit/537.36 (KHTML, like Gecko) Chrome/56.0.2924.87 Safari/537.36"
176.9.2.173 - - [24/May/2017:17:32:13 +0300] "GET / HTTP/1.0" 200 10609 "-" "Mozilla/5.0 (X11; Linux x86_64) AppleWebKit/537.36 (KHTML, like Gecko) Chrome/56.0.2924.87 Safari/537.36"
176.9.2.173 - - [24/May/2017:17:32:13 +0300] "GET / HTTP/1.0" 200 10609 "-" "Mozilla/5.0 (X11; Linux x86_64) AppleWebKit/537.36 (KHTML, like Gecko) Chrome/56.0.2924.87 Safari/537.36"
176.9.2.173 - - [24/May/2017:17:32:14 +0300] "GET / HTTP/1.0" 200 10609 "-" "Mozilla/5.0 (X11; Linux x86_64) AppleWebKit/537.36 (KHTML, like Gecko) Chrome/56.0.2924.87 Safari/537.36"
176.9.2.173 - - [24/May/2017:17:48:28 +0300] "GET / HTTP/1.0" 200 10609 "-" "Mozilla/5.0 (X11; Linux x86_64) AppleWebKit/537.36 (KHTML, like Gecko) Chrome/56.0.2924.87 Safari/537.36"
176.9.2.173 - - [24/May/2017:17:48:28 +0300] "GET / HTTP/1.0" 200 10609 "-" "Mozilla/5.0 (X11; Linux x86_64) AppleWebKit/537.36 (KHTML, like Gecko) Chrome/56.0.2924.87 Safari/537.36"
176.9.2.173 - - [24/May/2017:17:48:49 +0300] "GET / HTTP/1.0" 200 10609 "-" "Mozilla/5.0 (X11; Linux x86_64) AppleWebKit/537.36 (KHTML, like Gecko) Chrome/56.0.2924.87 Safari/537.36"
178.154.224.71 - - [24/May/2017:18:17:22 +0300] "GET / HTTP/1.0" 200 10609 "-" "Mozilla/5.0 (compatible; YandexMetrika/2.0; +http://yandex.com/bots mtmon01f.yandex.ru)"
37.9.118.28 - - [24/May/2017:18:29:45 +0300] "GET / HTTP/1.0" 200 10609 "-" "Mozilla/5.0 (compatible; YandexMetrika/2.0; +http://yandex.com/bots mtmon01i.yandex.ru)"
176.9.2.173 - - [24/May/2017:18:32:17 +0300] "GET / HTTP/1.0" 200 10609 "-" "Mozilla/5.0 (X11; Linux x86_64) AppleWebKit/537.36 (KHTML, like Gecko) Chrome/56.0.2924.87 Safari/537.36"
176.9.2.173 - - [24/May/2017:18:32:17 +0300] "GET / HTTP/1.0" 200 10609 "-" "Mozilla/5.0 (X11; Linux x86_64) AppleWebKit/537.36 (KHTML, like Gecko) Chrome/56.0.2924.87 Safari/537.36"
176.9.2.173 - - [24/May/2017:18:32:18 +0300] "GET / HTTP/1.0" 200 10609 "-" "Mozilla/5.0 (X11; Linux x86_64) AppleWebKit/537.36 (KHTML, like Gecko) Chrome/56.0.2924.87 Safari/537.36"
176.9.2.173 - - [24/May/2017:18:32:18 +0300] "GET / HTTP/1.0" 200 10609 "-" "Mozilla/5.0 (X11; Linux x86_64) AppleWebKit/537.36 (KHTML, like Gecko) Chrome/56.0.2924.87 Safari/537.36"
95.108.129.196 - - [24/May/2017:18:45:08 +0300] "GET / HTTP/1.0" 200 10609 "-" "Mozilla/5.0 (compatible; YandexMetrika/2.0; +http://yandex.com/bots mtmon01e.yandex.ru)"
176.9.2.173 - - [24/May/2017:18:49:02 +0300] "GET / HTTP/1.0" 200 10609 "-" "Mozilla/5.0 (X11; Linux x86_64) AppleWebKit/537.36 (KHTML, like Gecko) Chrome/56.0.2924.87 Safari/537.36"
212.193.117.227 - - [24/May/2017:19:16:10 +0300] "GET / HTTP/1.0" 200 10609 "" "Mozilla/5.0 (compatible; statdom.ru/Bot; +http://statdom.ru/bot.html)"
212.193.117.227 - - [24/May/2017:19:16:21 +0300] "GET /favicon.ico HTTP/1.0" 404 287 "" "Mozilla/5.0 (compatible; statdom.ru/Bot; +http://statdom.ru/bot.html)"
37.9.118.29 - - [24/May/2017:19:30:51 +0300] "GET / HTTP/1.0" 200 10609 "-" "Mozilla/5.0 (compatible; YandexMetrika/2.0; +http://yandex.com/bots)"
37.9.118.29 - - [24/May/2017:19:30:51 +0300] "GET /templates/style/javascript/analytic.js HTTP/1.1" 200 388 "http://bitfaucet.ru/" "Mozilla/5.0 (compatible; YandexMetrika/2.0; +http://yandex.com/bots)"
37.9.118.29 - - [24/May/2017:19:30:52 +0300] "GET /templates/style/javascript/common.js HTTP/1.1" 200 1131 "http://bitfaucet.ru/" "Mozilla/5.0 (compatible; YandexMetrika/2.0; +http://yandex.com/bots)"
176.9.2.173 - - [24/May/2017:19:32:26 +0300] "GET / HTTP/1.0" 200 10609 "-" "Mozilla/5.0 (X11; Linux x86_64) AppleWebKit/537.36 (KHTML, like Gecko) Chrome/56.0.2924.87 Safari/537.36"
176.9.2.173 - - [24/May/2017:19:32:26 +0300] "GET / HTTP/1.0" 200 10609 "-" "Mozilla/5.0 (X11; Linux x86_64) AppleWebKit/537.36 (KHTML, like Gecko) Chrome/56.0.2924.87 Safari/537.36"
176.9.2.173 - - [24/May/2017:19:49:14 +0300] "GET / HTTP/1.0" 200 10609 "-" "Mozilla/5.0 (X11; Linux x86_64) AppleWebKit/537.36 (KHTML, like Gecko) Chrome/56.0.2924.87 Safari/537.36"
176.9.2.173 - - [24/May/2017:19:49:15 +0300] "GET / HTTP/1.0" 200 10609 "-" "Mozilla/5.0 (X11; Linux x86_64) AppleWebKit/537.36 (KHTML, like Gecko) Chrome/56.0.2924.87 Safari/537.36"
176.9.2.173 - - [24/May/2017:20:32:44 +0300] "GET / HTTP/1.0" 200 10609 "-" "Mozilla/5.0 (X11; Linux x86_64) AppleWebKit/537.36 (KHTML, like Gecko) Chrome/56.0.2924.87 Safari/537.36"
176.9.2.173 - - [24/May/2017:20:32:44 +0300] "GET / HTTP/1.0" 200 10609 "-" "Mozilla/5.0 (X11; Linux x86_64) AppleWebKit/537.36 (KHTML, like Gecko) Chrome/56.0.2924.87 Safari/537.36"
176.9.2.173 - - [24/May/2017:20:49:36 +0300] "GET / HTTP/1.0" 200 10609 "-" "Mozilla/5.0 (X11; Linux x86_64) AppleWebKit/537.36 (KHTML, like Gecko) Chrome/56.0.2924.87 Safari/537.36"
176.9.2.173 - - [24/May/2017:20:49:36 +0300] "GET / HTTP/1.0" 200 10609 "-" "Mozilla/5.0 (X11; Linux x86_64) AppleWebKit/537.36 (KHTML, like Gecko) Chrome/56.0.2924.87 Safari/537.36"
176.9.2.173 - - [24/May/2017:20:49:54 +0300] "GET / HTTP/1.0" 200 10609 "-" "Mozilla/5.0 (X11; Linux x86_64) AppleWebKit/537.36 (KHTML, like Gecko) Chrome/56.0.2924.87 Safari/537.36"
176.9.2.173 - - [24/May/2017:21:32:51 +0300] "GET / HTTP/1.0" 200 10609 "-" "Mozilla/5.0 (X11; Linux x86_64) AppleWebKit/537.36 (KHTML, like Gecko) Chrome/56.0.2924.87 Safari/537.36"
176.9.2.173 - - [24/May/2017:21:32:51 +0300] "GET / HTTP/1.0" 200 10609 "-" "Mozilla/5.0 (X11; Linux x86_64) AppleWebKit/537.36 (KHTML, like Gecko) Chrome/56.0.2924.87 Safari/537.36"
176.9.2.173 - - [24/May/2017:21:32:51 +0300] "GET / HTTP/1.0" 200 10609 "-" "Mozilla/5.0 (X11; Linux x86_64) AppleWebKit/537.36 (KHTML, like Gecko) Chrome/56.0.2924.87 Safari/537.36"
176.9.2.173 - - [24/May/2017:21:32:51 +0300] "GET / HTTP/1.0" 200 10609 "-" "Mozilla/5.0 (X11; Linux x86_64) AppleWebKit/537.36 (KHTML, like Gecko) Chrome/56.0.2924.87 Safari/537.36"
178.154.224.71 - - [24/May/2017:21:32:50 +0300] "GET / HTTP/1.0" 200 10609 "-" "Mozilla/5.0 (compatible; YandexMetrika/2.0; +http://yandex.com/bots mtmon01f.yandex.ru)"
37.9.118.28 - - [24/May/2017:21:38:21 +0300] "GET / HTTP/1.0" 200 10609 "-" "Mozilla/5.0 (compatible; YandexMetrika/2.0; +http://yandex.com/bots mtmon01i.yandex.ru)"
176.9.2.173 - - [24/May/2017:21:50:27 +0300] "GET / HTTP/1.0" 200 10609 "-" "Mozilla/5.0 (X11; Linux x86_64) AppleWebKit/537.36 (KHTML, like Gecko) Chrome/56.0.2924.87 Safari/537.36"
176.9.2.173 - - [24/May/2017:21:50:48 +0300] "GET / HTTP/1.0" 200 10609 "-" "Mozilla/5.0 (X11; Linux x86_64) AppleWebKit/537.36 (KHTML, like Gecko) Chrome/56.0.2924.87 Safari/537.36"
95.108.129.196 - - [24/May/2017:21:54:20 +0300] "GET / HTTP/1.0" 200 10609 "-" "Mozilla/5.0 (compatible; YandexMetrika/2.0; +http://yandex.com/bots mtmon01e.yandex.ru)"
176.9.2.173 - - [24/May/2017:22:33:03 +0300] "GET / HTTP/1.0" 200 10609 "-" "Mozilla/5.0 (X11; Linux x86_64) AppleWebKit/537.36 (KHTML, like Gecko) Chrome/56.0.2924.87 Safari/537.36"
176.9.2.173 - - [24/May/2017:22:33:03 +0300] "GET / HTTP/1.0" 200 10609 "-" "Mozilla/5.0 (X11; Linux x86_64) AppleWebKit/537.36 (KHTML, like Gecko) Chrome/56.0.2924.87 Safari/537.36"
183.232.2.51 - - [24/May/2017:22:40:41 +0300] "GET / HTTP/1.0" 200 10609 "-" "Mozilla/5.0 (Windows NT 6.1) AppleWebKit/537.36 (KHTML, like Gecko) Chrome/35.0.1916.153 Safari/537.36"
183.232.2.52 - - [24/May/2017:22:40:46 +0300] "GET / HTTP/1.0" 200 10609 "-" "Mozilla/5.0 (Windows NT 6.1) AppleWebKit/537.36 (KHTML, like Gecko) Chrome/35.0.1916.153 Safari/537.36"
176.9.2.173 - - [24/May/2017:22:50:56 +0300] "GET / HTTP/1.0" 200 10609 "-" "Mozilla/5.0 (X11; Linux x86_64) AppleWebKit/537.36 (KHTML, like Gecko) Chrome/56.0.2924.87 Safari/537.36"
40.71.226.157 - - [24/May/2017:23:25:36 +0300] "GET /robots.txt HTTP/1.0" 404 286 "-" "Mozilla/5.0 (Windows NT 10.0; Win64; x64; rv:48.0) Gecko/20100101 Firefox/48.0"
40.71.226.157 - - [24/May/2017:23:25:36 +0300] "GET / HTTP/1.0" 200 10609 "-" "Mozilla/5.0 (Windows NT 10.0; Win64; x64; rv:48.0) Gecko/20100101 Firefox/48.0"
40.71.226.157 - - [24/May/2017:23:25:41 +0300] "GET /blog/robots.txt HTTP/1.0" 404 291 "-" "Mozilla/5.0 (Windows NT 10.0; Win64; x64; rv:48.0) Gecko/20100101 Firefox/48.0"
40.71.226.157 - - [24/May/2017:23:25:41 +0300] "GET /blog/ HTTP/1.0" 404 281 "-" "Mozilla/5.0 (Windows NT 10.0; Win64; x64; rv:48.0) Gecko/20100101 Firefox/48.0"
40.71.226.157 - - [24/May/2017:23:25:41 +0300] "GET /wordpress/ HTTP/1.0" 404 286 "-" "Mozilla/5.0 (Windows NT 10.0; Win64; x64; rv:48.0) Gecko/20100101 Firefox/48.0"
40.71.226.157 - - [24/May/2017:23:25:42 +0300] "GET /wp/ HTTP/1.0" 404 279 "-" "Mozilla/5.0 (Windows NT 10.0; Win64; x64; rv:48.0) Gecko/20100101 Firefox/48.0"
176.9.2.173 - - [24/May/2017:23:33:13 +0300] "GET / HTTP/1.0" 200 10609 "-" "Mozilla/5.0 (X11; Linux x86_64) AppleWebKit/537.36 (KHTML, like Gecko) Chrome/56.0.2924.87 Safari/537.36"
176.9.2.173 - - [24/May/2017:23:33:13 +0300] "GET / HTTP/1.0" 200 10609 "-" "Mozilla/5.0 (X11; Linux x86_64) AppleWebKit/537.36 (KHTML, like Gecko) Chrome/56.0.2924.87 Safari/537.36"
176.9.2.173 - - [24/May/2017:23:51:07 +0300] "GET / HTTP/1.0" 200 10609 "-" "Mozilla/5.0 (X11; Linux x86_64) AppleWebKit/537.36 (KHTML, like Gecko) Chrome/56.0.2924.87 Safari/537.36"
46.146.229.195 - - [25/May/2017:00:19:45 +0300] "GET / HTTP/1.0" 200 10609 "-" "Mozilla/5.0 (Windows NT 10.0; WOW64; rv:45.0) Gecko/20100101 Firefox/45.0"
46.146.229.195 - - [25/May/2017:00:19:46 +0300] "POST / HTTP/1.0" 200 12609 "-" "Mozilla/5.0 (Windows NT 10.0; WOW64; rv:45.0) Gecko/20100101 Firefox/45.0"
176.9.2.173 - - [25/May/2017:00:33:29 +0300] "GET / HTTP/1.0" 200 10609 "-" "Mozilla/5.0 (X11; Linux x86_64) AppleWebKit/537.36 (KHTML, like Gecko) Chrome/56.0.2924.87 Safari/537.36"
176.9.2.173 - - [25/May/2017:00:33:29 +0300] "GET / HTTP/1.0" 200 10609 "-" "Mozilla/5.0 (X11; Linux x86_64) AppleWebKit/537.36 (KHTML, like Gecko) Chrome/56.0.2924.87 Safari/537.36"
178.154.224.71 - - [25/May/2017:00:43:12 +0300] "GET / HTTP/1.0" 200 10609 "-" "Mozilla/5.0 (compatible; YandexMetrika/2.0; +http://yandex.com/bots mtmon01f.yandex.ru)"
37.9.118.28 - - [25/May/2017:00:47:47 +0300] "GET / HTTP/1.0" 200 10609 "-" "Mozilla/5.0 (compatible; YandexMetrika/2.0; +http://yandex.com/bots mtmon01i.yandex.ru)"
176.9.2.173 - - [25/May/2017:00:51:16 +0300] "GET / HTTP/1.0" 200 10609 "-" "Mozilla/5.0 (X11; Linux x86_64) AppleWebKit/537.36 (KHTML, like Gecko) Chrome/56.0.2924.87 Safari/537.36"
95.108.129.196 - - [25/May/2017:01:01:31 +0300] "GET / HTTP/1.0" 200 10609 "-" "Mozilla/5.0 (compatible; YandexMetrika/2.0; +http://yandex.com/bots mtmon01e.yandex.ru)"
176.9.2.173 - - [25/May/2017:01:33:45 +0300] "GET / HTTP/1.0" 200 10609 "-" "Mozilla/5.0 (X11; Linux x86_64) AppleWebKit/537.36 (KHTML, like Gecko) Chrome/56.0.2924.87 Safari/537.36"
176.9.2.173 - - [25/May/2017:01:33:45 +0300] "GET / HTTP/1.0" 200 10609 "-" "Mozilla/5.0 (X11; Linux x86_64) AppleWebKit/537.36 (KHTML, like Gecko) Chrome/56.0.2924.87 Safari/537.36"
176.9.2.173 - - [25/May/2017:01:51:23 +0300] "GET / HTTP/1.0" 200 10609 "-" "Mozilla/5.0 (X11; Linux x86_64) AppleWebKit/537.36 (KHTML, like Gecko) Chrome/56.0.2924.87 Safari/537.36"
163.172.4.153 - - [25/May/2017:01:59:57 +0300] "GET / HTTP/1.0" 200 10609 "http://bitfaucet.ru/" "Mozilla/5.0 (Windows NT 10.0; Win64; x64) AppleWebKit/537.36 (KHTML, like Gecko) Chrome/57.0.2987.133 Safari/537.36"
204.79.180.56 - - [25/May/2017:02:22:38 +0300] "GET / HTTP/1.0" 200 10609 "-" "Mozilla/5.0 (compatible; MSIE 9.0; Windows NT 6.0; Trident/5.0;  Trident/5.0)"
204.79.180.76 - - [25/May/2017:02:22:45 +0300] "GET /templates/style/javascript/analytic.js HTTP/1.1" 200 388 "http://bitfaucet.ru/" "Mozilla/5.0 (compatible; MSIE 9.0; Windows NT 6.0; Trident/5.0;  Trident/5.0)"
204.79.180.119 - - [25/May/2017:02:22:46 +0300] "GET /templates/style/javascript/common.js HTTP/1.1" 200 1131 "http://bitfaucet.ru/" "Mozilla/5.0 (compatible; MSIE 9.0; Windows NT 6.0; Trident/5.0;  Trident/5.0)"
204.79.180.125 - - [25/May/2017:02:22:48 +0300] "GET /templates/style/css/style.css HTTP/1.1" 200 117 "http://bitfaucet.ru/" "Mozilla/5.0 (compatible; MSIE 9.0; Windows NT 6.0; Trident/5.0;  Trident/5.0)"
176.9.2.173 - - [25/May/2017:02:34:02 +0300] "GET / HTTP/1.0" 200 10609 "-" "Mozilla/5.0 (X11; Linux x86_64) AppleWebKit/537.36 (KHTML, like Gecko) Chrome/56.0.2924.87 Safari/537.36"
176.9.2.173 - - [25/May/2017:02:34:02 +0300] "GET / HTTP/1.0" 200 10609 "-" "Mozilla/5.0 (X11; Linux x86_64) AppleWebKit/537.36 (KHTML, like Gecko) Chrome/56.0.2924.87 Safari/537.36"
176.9.2.173 - - [25/May/2017:02:51:40 +0300] "GET / HTTP/1.0" 200 10609 "-" "Mozilla/5.0 (X11; Linux x86_64) AppleWebKit/537.36 (KHTML, like Gecko) Chrome/56.0.2924.87 Safari/537.36"
176.9.2.173 - - [25/May/2017:02:52:00 +0300] "GET / HTTP/1.0" 200 10609 "-" "Mozilla/5.0 (X11; Linux x86_64) AppleWebKit/537.36 (KHTML, like Gecko) Chrome/56.0.2924.87 Safari/537.36"
176.9.2.173 - - [25/May/2017:03:34:04 +0300] "GET / HTTP/1.0" 200 10609 "-" "Mozilla/5.0 (X11; Linux x86_64) AppleWebKit/537.36 (KHTML, like Gecko) Chrome/56.0.2924.87 Safari/537.36"
176.9.2.173 - - [25/May/2017:03:34:04 +0300] "GET / HTTP/1.0" 200 10609 "-" "Mozilla/5.0 (X11; Linux x86_64) AppleWebKit/537.36 (KHTML, like Gecko) Chrome/56.0.2924.87 Safari/537.36"
176.9.2.173 - - [25/May/2017:03:34:05 +0300] "GET / HTTP/1.0" 200 10609 "-" "Mozilla/5.0 (X11; Linux x86_64) AppleWebKit/537.36 (KHTML, like Gecko) Chrome/56.0.2924.87 Safari/537.36"
176.9.2.173 - - [25/May/2017:03:34:05 +0300] "GET / HTTP/1.0" 200 10609 "-" "Mozilla/5.0 (X11; Linux x86_64) AppleWebKit/537.36 (KHTML, like Gecko) Chrome/56.0.2924.87 Safari/537.36"
176.9.2.173 - - [25/May/2017:03:34:08 +0300] "GET / HTTP/1.0" 200 10609 "-" "Mozilla/5.0 (X11; Linux x86_64) AppleWebKit/537.36 (KHTML, like Gecko) Chrome/56.0.2924.87 Safari/537.36"
176.9.2.173 - - [25/May/2017:03:34:08 +0300] "GET / HTTP/1.0" 200 10609 "-" "Mozilla/5.0 (X11; Linux x86_64) AppleWebKit/537.36 (KHTML, like Gecko) Chrome/56.0.2924.87 Safari/537.36"
176.9.2.173 - - [25/May/2017:03:34:22 +0300] "GET / HTTP/1.0" 200 10609 "-" "Mozilla/5.0 (X11; Linux x86_64) AppleWebKit/537.36 (KHTML, like Gecko) Chrome/56.0.2924.87 Safari/537.36"
176.9.2.173 - - [25/May/2017:03:34:23 +0300] "GET / HTTP/1.0" 200 10609 "-" "Mozilla/5.0 (X11; Linux x86_64) AppleWebKit/537.36 (KHTML, like Gecko) Chrome/56.0.2924.87 Safari/537.36"
178.154.224.71 - - [25/May/2017:03:46:07 +0300] "GET / HTTP/1.0" 200 10609 "-" "Mozilla/5.0 (compatible; YandexMetrika/2.0; +http://yandex.com/bots mtmon01f.yandex.ru)"
176.9.2.173 - - [25/May/2017:03:52:19 +0300] "GET / HTTP/1.0" 200 10609 "-" "Mozilla/5.0 (X11; Linux x86_64) AppleWebKit/537.36 (KHTML, like Gecko) Chrome/56.0.2924.87 Safari/537.36"
176.9.2.173 - - [25/May/2017:03:52:23 +0300] "GET / HTTP/1.0" 200 10609 "-" "Mozilla/5.0 (X11; Linux x86_64) AppleWebKit/537.36 (KHTML, like Gecko) Chrome/56.0.2924.87 Safari/537.36"
37.9.118.28 - - [25/May/2017:03:52:37 +0300] "GET / HTTP/1.0" 200 10609 "-" "Mozilla/5.0 (compatible; YandexMetrika/2.0; +http://yandex.com/bots mtmon01i.yandex.ru)"
95.108.129.196 - - [25/May/2017:04:11:02 +0300] "GET / HTTP/1.0" 200 10609 "-" "Mozilla/5.0 (compatible; YandexMetrika/2.0; +http://yandex.com/bots mtmon01e.yandex.ru)"
176.9.2.173 - - [25/May/2017:04:34:35 +0300] "GET / HTTP/1.0" 200 10609 "-" "Mozilla/5.0 (X11; Linux x86_64) AppleWebKit/537.36 (KHTML, like Gecko) Chrome/56.0.2924.87 Safari/537.36"
176.9.2.173 - - [25/May/2017:04:34:35 +0300] "GET / HTTP/1.0" 200 10609 "-" "Mozilla/5.0 (X11; Linux x86_64) AppleWebKit/537.36 (KHTML, like Gecko) Chrome/56.0.2924.87 Safari/537.36"
176.9.2.173 - - [25/May/2017:04:34:37 +0300] "GET / HTTP/1.0" 200 10609 "-" "Mozilla/5.0 (X11; Linux x86_64) AppleWebKit/537.36 (KHTML, like Gecko) Chrome/56.0.2924.87 Safari/537.36"
176.9.2.173 - - [25/May/2017:04:34:37 +0300] "GET / HTTP/1.0" 200 10609 "-" "Mozilla/5.0 (X11; Linux x86_64) AppleWebKit/537.36 (KHTML, like Gecko) Chrome/56.0.2924.87 Safari/537.36"
176.9.2.173 - - [25/May/2017:04:34:58 +0300] "GET / HTTP/1.0" 200 10609 "-" "Mozilla/5.0 (X11; Linux x86_64) AppleWebKit/537.36 (KHTML, like Gecko) Chrome/56.0.2924.87 Safari/537.36"
176.9.2.173 - - [25/May/2017:04:52:36 +0300] "GET / HTTP/1.0" 200 10609 "-" "Mozilla/5.0 (X11; Linux x86_64) AppleWebKit/537.36 (KHTML, like Gecko) Chrome/56.0.2924.87 Safari/537.36"
176.9.2.173 - - [25/May/2017:04:52:37 +0300] "GET / HTTP/1.0" 200 10609 "-" "Mozilla/5.0 (X11; Linux x86_64) AppleWebKit/537.36 (KHTML, like Gecko) Chrome/56.0.2924.87 Safari/537.36"
176.9.2.173 - - [25/May/2017:05:34:55 +0300] "GET / HTTP/1.0" 200 10609 "-" "Mozilla/5.0 (X11; Linux x86_64) AppleWebKit/537.36 (KHTML, like Gecko) Chrome/56.0.2924.87 Safari/537.36"
176.9.2.173 - - [25/May/2017:05:34:55 +0300] "GET / HTTP/1.0" 200 10609 "-" "Mozilla/5.0 (X11; Linux x86_64) AppleWebKit/537.36 (KHTML, like Gecko) Chrome/56.0.2924.87 Safari/537.36"
176.9.2.173 - - [25/May/2017:05:34:55 +0300] "GET / HTTP/1.0" 200 10609 "-" "Mozilla/5.0 (X11; Linux x86_64) AppleWebKit/537.36 (KHTML, like Gecko) Chrome/56.0.2924.87 Safari/537.36"
176.9.2.173 - - [25/May/2017:05:35:12 +0300] "GET / HTTP/1.0" 200 10609 "-" "Mozilla/5.0 (X11; Linux x86_64) AppleWebKit/537.36 (KHTML, like Gecko) Chrome/56.0.2924.87 Safari/537.36"
176.9.2.173 - - [25/May/2017:05:35:32 +0300] "GET / HTTP/1.0" 200 10609 "-" "Mozilla/5.0 (X11; Linux x86_64) AppleWebKit/537.36 (KHTML, like Gecko) Chrome/56.0.2924.87 Safari/537.36"
176.9.2.173 - - [25/May/2017:05:35:33 +0300] "GET / HTTP/1.0" 200 10609 "-" "Mozilla/5.0 (X11; Linux x86_64) AppleWebKit/537.36 (KHTML, like Gecko) Chrome/56.0.2924.87 Safari/537.36"
176.9.2.173 - - [25/May/2017:05:52:52 +0300] "GET / HTTP/1.0" 200 10609 "-" "Mozilla/5.0 (X11; Linux x86_64) AppleWebKit/537.36 (KHTML, like Gecko) Chrome/56.0.2924.87 Safari/537.36"
176.9.2.173 - - [25/May/2017:05:52:51 +0300] "GET / HTTP/1.0" 200 10609 "-" "Mozilla/5.0 (X11; Linux x86_64) AppleWebKit/537.36 (KHTML, like Gecko) Chrome/56.0.2924.87 Safari/537.36"
176.9.2.173 - - [25/May/2017:05:53:12 +0300] "GET / HTTP/1.0" 200 10609 "-" "Mozilla/5.0 (X11; Linux x86_64) AppleWebKit/537.36 (KHTML, like Gecko) Chrome/56.0.2924.87 Safari/537.36"
176.9.2.173 - - [25/May/2017:06:35:45 +0300] "GET / HTTP/1.0" 200 10609 "-" "Mozilla/5.0 (X11; Linux x86_64) AppleWebKit/537.36 (KHTML, like Gecko) Chrome/56.0.2924.87 Safari/537.36"
176.9.2.173 - - [25/May/2017:06:35:46 +0300] "GET / HTTP/1.0" 200 10609 "-" "Mozilla/5.0 (X11; Linux x86_64) AppleWebKit/537.36 (KHTML, like Gecko) Chrome/56.0.2924.87 Safari/537.36"
176.9.2.173 - - [25/May/2017:06:35:46 +0300] "GET / HTTP/1.0" 200 10609 "-" "Mozilla/5.0 (X11; Linux x86_64) AppleWebKit/537.36 (KHTML, like Gecko) Chrome/56.0.2924.87 Safari/537.36"
176.9.2.173 - - [25/May/2017:06:35:47 +0300] "GET / HTTP/1.0" 200 10609 "-" "Mozilla/5.0 (X11; Linux x86_64) AppleWebKit/537.36 (KHTML, like Gecko) Chrome/56.0.2924.87 Safari/537.36"
176.9.2.173 - - [25/May/2017:06:53:22 +0300] "GET / HTTP/1.0" 200 10609 "-" "Mozilla/5.0 (X11; Linux x86_64) AppleWebKit/537.36 (KHTML, like Gecko) Chrome/56.0.2924.87 Safari/537.36"
176.9.2.173 - - [25/May/2017:06:53:24 +0300] "GET / HTTP/1.0" 200 10609 "-" "Mozilla/5.0 (X11; Linux x86_64) AppleWebKit/537.36 (KHTML, like Gecko) Chrome/56.0.2924.87 Safari/537.36"
176.9.2.173 - - [25/May/2017:06:53:43 +0300] "GET / HTTP/1.0" 200 10609 "-" "Mozilla/5.0 (X11; Linux x86_64) AppleWebKit/537.36 (KHTML, like Gecko) Chrome/56.0.2924.87 Safari/537.36"
178.154.224.71 - - [25/May/2017:06:54:01 +0300] "GET / HTTP/1.0" 200 10609 "-" "Mozilla/5.0 (compatible; YandexMetrika/2.0; +http://yandex.com/bots mtmon01f.yandex.ru)"
14.23.93.146 - - [25/May/2017:06:58:05 +0300] "GET / HTTP/1.0" 200 10609 "-" "Mozilla/5.0 (X11; Linux i686) AppleWebKit/535.1 (KHTML, like Gecko) Chrome/13.0.782.220 Safari/535.1"
37.9.118.28 - - [25/May/2017:06:58:43 +0300] "GET / HTTP/1.0" 200 10609 "-" "Mozilla/5.0 (compatible; YandexMetrika/2.0; +http://yandex.com/bots mtmon01i.yandex.ru)"
95.108.129.196 - - [25/May/2017:07:16:48 +0300] "GET / HTTP/1.0" 200 10609 "-" "Mozilla/5.0 (compatible; YandexMetrika/2.0; +http://yandex.com/bots mtmon01e.yandex.ru)"
176.9.2.173 - - [25/May/2017:07:36:03 +0300] "GET / HTTP/1.0" 503 401 "-" "Mozilla/5.0 (X11; Linux x86_64) AppleWebKit/537.36 (KHTML, like Gecko) Chrome/56.0.2924.87 Safari/537.36"
176.9.2.173 - - [25/May/2017:07:36:03 +0300] "GET / HTTP/1.0" 200 10609 "-" "Mozilla/5.0 (X11; Linux x86_64) AppleWebKit/537.36 (KHTML, like Gecko) Chrome/56.0.2924.87 Safari/537.36"
176.9.2.173 - - [25/May/2017:07:36:02 +0300] "GET / HTTP/1.0" 200 10609 "-" "Mozilla/5.0 (X11; Linux x86_64) AppleWebKit/537.36 (KHTML, like Gecko) Chrome/56.0.2924.87 Safari/537.36"
176.9.2.173 - - [25/May/2017:07:36:02 +0300] "GET / HTTP/1.0" 200 10609 "-" "Mozilla/5.0 (X11; Linux x86_64) AppleWebKit/537.36 (KHTML, like Gecko) Chrome/56.0.2924.87 Safari/537.36"
176.9.2.173 - - [25/May/2017:07:36:23 +0300] "GET / HTTP/1.0" 200 10609 "-" "Mozilla/5.0 (X11; Linux x86_64) AppleWebKit/537.36 (KHTML, like Gecko) Chrome/56.0.2924.87 Safari/537.36"
176.9.2.173 - - [25/May/2017:07:36:23 +0300] "GET / HTTP/1.0" 200 10609 "-" "Mozilla/5.0 (X11; Linux x86_64) AppleWebKit/537.36 (KHTML, like Gecko) Chrome/56.0.2924.87 Safari/537.36"
176.9.2.173 - - [25/May/2017:07:54:13 +0300] "GET / HTTP/1.0" 200 10609 "-" "Mozilla/5.0 (X11; Linux x86_64) AppleWebKit/537.36 (KHTML, like Gecko) Chrome/56.0.2924.87 Safari/537.36"
176.9.2.173 - - [25/May/2017:07:54:14 +0300] "GET / HTTP/1.0" 200 10609 "-" "Mozilla/5.0 (X11; Linux x86_64) AppleWebKit/537.36 (KHTML, like Gecko) Chrome/56.0.2924.87 Safari/537.36"
176.9.2.173 - - [25/May/2017:08:36:45 +0300] "GET / HTTP/1.0" 503 401 "-" "Mozilla/5.0 (X11; Linux x86_64) AppleWebKit/537.36 (KHTML, like Gecko) Chrome/56.0.2924.87 Safari/537.36"
176.9.2.173 - - [25/May/2017:08:36:45 +0300] "GET / HTTP/1.0" 503 401 "-" "Mozilla/5.0 (X11; Linux x86_64) AppleWebKit/537.36 (KHTML, like Gecko) Chrome/56.0.2924.87 Safari/537.36"
176.9.2.173 - - [25/May/2017:08:36:44 +0300] "GET / HTTP/1.0" 200 10609 "-" "Mozilla/5.0 (X11; Linux x86_64) AppleWebKit/537.36 (KHTML, like Gecko) Chrome/56.0.2924.87 Safari/537.36"
176.9.2.173 - - [25/May/2017:08:36:44 +0300] "GET / HTTP/1.0" 200 10609 "-" "Mozilla/5.0 (X11; Linux x86_64) AppleWebKit/537.36 (KHTML, like Gecko) Chrome/56.0.2924.87 Safari/537.36"
176.9.2.173 - - [25/May/2017:08:37:06 +0300] "GET / HTTP/1.0" 200 10609 "-" "Mozilla/5.0 (X11; Linux x86_64) AppleWebKit/537.36 (KHTML, like Gecko) Chrome/56.0.2924.87 Safari/537.36"
176.9.2.173 - - [25/May/2017:08:37:06 +0300] "GET / HTTP/1.0" 200 10609 "-" "Mozilla/5.0 (X11; Linux x86_64) AppleWebKit/537.36 (KHTML, like Gecko) Chrome/56.0.2924.87 Safari/537.36"
176.9.2.173 - - [25/May/2017:08:54:22 +0300] "GET / HTTP/1.0" 200 10609 "-" "Mozilla/5.0 (X11; Linux x86_64) AppleWebKit/537.36 (KHTML, like Gecko) Chrome/56.0.2924.87 Safari/537.36"
176.9.2.173 - - [25/May/2017:08:54:23 +0300] "GET / HTTP/1.0" 200 10609 "-" "Mozilla/5.0 (X11; Linux x86_64) AppleWebKit/537.36 (KHTML, like Gecko) Chrome/56.0.2924.87 Safari/537.36"
176.9.2.173 - - [25/May/2017:09:37:12 +0300] "GET / HTTP/1.0" 200 10609 "-" "Mozilla/5.0 (X11; Linux x86_64) AppleWebKit/537.36 (KHTML, like Gecko) Chrome/56.0.2924.87 Safari/537.36"
176.9.2.173 - - [25/May/2017:09:37:12 +0300] "GET / HTTP/1.0" 200 10609 "-" "Mozilla/5.0 (X11; Linux x86_64) AppleWebKit/537.36 (KHTML, like Gecko) Chrome/56.0.2924.87 Safari/537.36"
176.9.2.173 - - [25/May/2017:09:54:32 +0300] "GET / HTTP/1.0" 200 10609 "-" "Mozilla/5.0 (X11; Linux x86_64) AppleWebKit/537.36 (KHTML, like Gecko) Chrome/56.0.2924.87 Safari/537.36"
176.9.2.173 - - [25/May/2017:09:54:35 +0300] "GET / HTTP/1.0" 200 10609 "-" "Mozilla/5.0 (X11; Linux x86_64) AppleWebKit/537.36 (KHTML, like Gecko) Chrome/56.0.2924.87 Safari/537.36"
178.154.224.71 - - [25/May/2017:10:00:34 +0300] "GET / HTTP/1.0" 200 10609 "-" "Mozilla/5.0 (compatible; YandexMetrika/2.0; +http://yandex.com/bots mtmon01f.yandex.ru)"
37.9.118.28 - - [25/May/2017:10:09:20 +0300] "GET / HTTP/1.0" 200 10609 "-" "Mozilla/5.0 (compatible; YandexMetrika/2.0; +http://yandex.com/bots mtmon01i.yandex.ru)"
95.108.129.196 - - [25/May/2017:10:23:48 +0300] "GET / HTTP/1.0" 200 10609 "-" "Mozilla/5.0 (compatible; YandexMetrika/2.0; +http://yandex.com/bots mtmon01e.yandex.ru)"
176.9.2.173 - - [25/May/2017:10:37:30 +0300] "GET / HTTP/1.0" 200 10609 "-" "Mozilla/5.0 (X11; Linux x86_64) AppleWebKit/537.36 (KHTML, like Gecko) Chrome/56.0.2924.87 Safari/537.36"
176.9.2.173 - - [25/May/2017:10:37:31 +0300] "GET / HTTP/1.0" 200 10609 "-" "Mozilla/5.0 (X11; Linux x86_64) AppleWebKit/537.36 (KHTML, like Gecko) Chrome/56.0.2924.87 Safari/537.36"
176.9.2.173 - - [25/May/2017:10:54:41 +0300] "GET / HTTP/1.0" 200 10609 "-" "Mozilla/5.0 (X11; Linux x86_64) AppleWebKit/537.36 (KHTML, like Gecko) Chrome/56.0.2924.87 Safari/537.36"
176.9.2.173 - - [25/May/2017:10:54:43 +0300] "GET / HTTP/1.0" 200 10609 "-" "Mozilla/5.0 (X11; Linux x86_64) AppleWebKit/537.36 (KHTML, like Gecko) Chrome/56.0.2924.87 Safari/537.36"
176.9.2.173 - - [25/May/2017:11:37:48 +0300] "GET / HTTP/1.0" 200 10609 "-" "Mozilla/5.0 (X11; Linux x86_64) AppleWebKit/537.36 (KHTML, like Gecko) Chrome/56.0.2924.87 Safari/537.36"
176.9.2.173 - - [25/May/2017:11:37:48 +0300] "GET / HTTP/1.0" 200 10609 "-" "Mozilla/5.0 (X11; Linux x86_64) AppleWebKit/537.36 (KHTML, like Gecko) Chrome/56.0.2924.87 Safari/537.36"
176.9.2.173 - - [25/May/2017:11:37:51 +0300] "GET / HTTP/1.0" 200 10609 "-" "Mozilla/5.0 (X11; Linux x86_64) AppleWebKit/537.36 (KHTML, like Gecko) Chrome/56.0.2924.87 Safari/537.36"
176.9.2.173 - - [25/May/2017:11:37:51 +0300] "GET / HTTP/1.0" 200 10609 "-" "Mozilla/5.0 (X11; Linux x86_64) AppleWebKit/537.36 (KHTML, like Gecko) Chrome/56.0.2924.87 Safari/537.36"
176.9.2.173 - - [25/May/2017:11:38:11 +0300] "GET / HTTP/1.0" 200 10609 "-" "Mozilla/5.0 (X11; Linux x86_64) AppleWebKit/537.36 (KHTML, like Gecko) Chrome/56.0.2924.87 Safari/537.36"
176.9.2.173 - - [25/May/2017:11:54:57 +0300] "GET / HTTP/1.0" 200 10609 "-" "Mozilla/5.0 (X11; Linux x86_64) AppleWebKit/537.36 (KHTML, like Gecko) Chrome/56.0.2924.87 Safari/537.36"
176.9.2.173 - - [25/May/2017:11:55:18 +0300] "GET / HTTP/1.0" 200 10609 "-" "Mozilla/5.0 (X11; Linux x86_64) AppleWebKit/537.36 (KHTML, like Gecko) Chrome/56.0.2924.87 Safari/537.36"
91.217.178.50 - - [25/May/2017:12:11:28 +0300] "GET / HTTP/1.0" 200 10609 "-" "Mozilla/5.0"
107.21.1.8 - - [25/May/2017:12:29:28 +0300] "GET / HTTP/1.0" 200 10609 "http://bitfaucet.ru/" "Mozilla/5.0 (compatible; DuckDuckGo-Favicons-Bot/1.0; +http://duckduckgo.com)"
107.21.1.8 - - [25/May/2017:12:29:28 +0300] "GET /favicon.ico HTTP/1.0" 404 287 "http://bitfaucet.ru/favicon.ico" "Mozilla/5.0 (compatible; DuckDuckGo-Favicons-Bot/1.0; +http://duckduckgo.com)"
204.79.180.236 - - [25/May/2017:12:31:21 +0300] "GET / HTTP/1.0" 200 10609 "-" "Mozilla/5.0 (compatible; MSIE 9.0; Windows NT 6.0; Trident/5.0;  Trident/5.0)"
204.79.180.228 - - [25/May/2017:12:31:29 +0300] "GET /templates/style/javascript/analytic.js HTTP/1.1" 200 388 "http://bitfaucet.ru/" "Mozilla/5.0 (compatible; MSIE 9.0; Windows NT 6.0; Trident/5.0;  Trident/5.0)"
204.79.180.68 - - [25/May/2017:12:31:30 +0300] "GET /templates/style/javascript/common.js HTTP/1.1" 200 1131 "http://bitfaucet.ru/" "Mozilla/5.0 (compatible; MSIE 9.0; Windows NT 6.0; Trident/5.0;  Trident/5.0)"
204.79.180.54 - - [25/May/2017:12:31:35 +0300] "GET /templates/style/css/style.css HTTP/1.1" 200 117 "http://bitfaucet.ru/" "Mozilla/5.0 (compatible; MSIE 9.0; Windows NT 6.0; Trident/5.0;  Trident/5.0)"
176.9.2.173 - - [25/May/2017:12:38:05 +0300] "GET / HTTP/1.0" 200 10609 "-" "Mozilla/5.0 (X11; Linux x86_64) AppleWebKit/537.36 (KHTML, like Gecko) Chrome/56.0.2924.87 Safari/537.36"
176.9.2.173 - - [25/May/2017:12:38:05 +0300] "GET / HTTP/1.0" 200 10609 "-" "Mozilla/5.0 (X11; Linux x86_64) AppleWebKit/537.36 (KHTML, like Gecko) Chrome/56.0.2924.87 Safari/537.36"
176.9.2.173 - - [25/May/2017:12:38:05 +0300] "GET / HTTP/1.0" 200 10609 "-" "Mozilla/5.0 (X11; Linux x86_64) AppleWebKit/537.36 (KHTML, like Gecko) Chrome/56.0.2924.87 Safari/537.36"
176.9.2.173 - - [25/May/2017:12:38:06 +0300] "GET / HTTP/1.0" 200 10609 "-" "Mozilla/5.0 (X11; Linux x86_64) AppleWebKit/537.36 (KHTML, like Gecko) Chrome/56.0.2924.87 Safari/537.36"
176.9.2.173 - - [25/May/2017:12:38:28 +0300] "GET / HTTP/1.0" 200 10609 "-" "Mozilla/5.0 (X11; Linux x86_64) AppleWebKit/537.36 (KHTML, like Gecko) Chrome/56.0.2924.87 Safari/537.36"
176.9.2.173 - - [25/May/2017:12:38:30 +0300] "GET / HTTP/1.0" 200 10609 "-" "Mozilla/5.0 (X11; Linux x86_64) AppleWebKit/537.36 (KHTML, like Gecko) Chrome/56.0.2924.87 Safari/537.36"
176.9.2.173 - - [25/May/2017:12:55:47 +0300] "GET / HTTP/1.0" 200 10609 "-" "Mozilla/5.0 (X11; Linux x86_64) AppleWebKit/537.36 (KHTML, like Gecko) Chrome/56.0.2924.87 Safari/537.36"
176.9.2.173 - - [25/May/2017:12:55:48 +0300] "GET / HTTP/1.0" 200 10609 "-" "Mozilla/5.0 (X11; Linux x86_64) AppleWebKit/537.36 (KHTML, like Gecko) Chrome/56.0.2924.87 Safari/537.36"
198.204.225.114 - - [25/May/2017:13:00:47 +0300] "GET /wp-login.php HTTP/1.0" 404 288 "-" "Mozilla/5.0 (Windows NT 10.0; WOW64) AppleWebKit/537.36 (KHTML, like Gecko) Chrome/46.0.2490.80 Safari/537.36"
198.204.225.114 - - [25/May/2017:13:01:05 +0300] "GET /robots.txt HTTP/1.0" 404 286 "-" "Mozilla/5.0 (Windows NT 10.0; WOW64) AppleWebKit/537.36 (KHTML, like Gecko) Chrome/46.0.2490.80 Safari/537.36"
37.9.118.28 - - [25/May/2017:13:16:15 +0300] "GET / HTTP/1.0" 200 10609 "-" "Mozilla/5.0 (compatible; YandexMetrika/2.0; +http://yandex.com/bots mtmon01i.yandex.ru)"
217.69.143.217 - - [25/May/2017:13:24:17 +0300] "GET / HTTP/1.0" 200 10609 "-" "Mozilla/5.0 (X11; Linux x86_64; rv:18.0) Gecko/20100101 Firefox/18.0"
217.69.143.217 - - [25/May/2017:13:24:19 +0300] "GET /favicon.ico HTTP/1.0" 404 287 "-" "Mozilla/5.0 (X11; Linux x86_64; rv:18.0) Gecko/20100101 Firefox/18.0"
217.69.143.217 - - [25/May/2017:13:24:19 +0300] "GET /favicon.png HTTP/1.0" 404 287 "-" "Mozilla/5.0 (X11; Linux x86_64; rv:18.0) Gecko/20100101 Firefox/18.0"
178.154.224.71 - - [25/May/2017:13:33:05 +0300] "GET / HTTP/1.0" 200 10609 "-" "Mozilla/5.0 (compatible; YandexMetrika/2.0; +http://yandex.com/bots mtmon01f.yandex.ru)"
95.108.129.196 - - [25/May/2017:13:36:12 +0300] "GET / HTTP/1.0" 200 10609 "-" "Mozilla/5.0 (compatible; YandexMetrika/2.0; +http://yandex.com/bots mtmon01e.yandex.ru)"
176.9.2.173 - - [25/May/2017:13:38:22 +0300] "GET / HTTP/1.0" 200 10609 "-" "Mozilla/5.0 (X11; Linux x86_64) AppleWebKit/537.36 (KHTML, like Gecko) Chrome/56.0.2924.87 Safari/537.36"
176.9.2.173 - - [25/May/2017:13:38:22 +0300] "GET / HTTP/1.0" 200 10609 "-" "Mozilla/5.0 (X11; Linux x86_64) AppleWebKit/537.36 (KHTML, like Gecko) Chrome/56.0.2924.87 Safari/537.36"
176.9.2.173 - - [25/May/2017:13:38:49 +0300] "GET / HTTP/1.0" 200 10609 "-" "Mozilla/5.0 (X11; Linux x86_64) AppleWebKit/537.36 (KHTML, like Gecko) Chrome/56.0.2924.87 Safari/537.36"
176.9.2.173 - - [25/May/2017:13:38:49 +0300] "GET / HTTP/1.0" 200 10609 "-" "Mozilla/5.0 (X11; Linux x86_64) AppleWebKit/537.36 (KHTML, like Gecko) Chrome/56.0.2924.87 Safari/537.36"
176.9.2.173 - - [25/May/2017:13:39:07 +0300] "GET / HTTP/1.0" 200 10609 "-" "Mozilla/5.0 (X11; Linux x86_64) AppleWebKit/537.36 (KHTML, like Gecko) Chrome/56.0.2924.87 Safari/537.36"
176.9.2.173 - - [25/May/2017:13:56:03 +0300] "GET / HTTP/1.0" 200 10609 "-" "Mozilla/5.0 (X11; Linux x86_64) AppleWebKit/537.36 (KHTML, like Gecko) Chrome/56.0.2924.87 Safari/537.36"
176.9.2.173 - - [25/May/2017:13:56:03 +0300] "GET / HTTP/1.0" 200 10609 "-" "Mozilla/5.0 (X11; Linux x86_64) AppleWebKit/537.36 (KHTML, like Gecko) Chrome/56.0.2924.87 Safari/537.36"
176.9.2.173 - - [25/May/2017:13:56:03 +0300] "GET / HTTP/1.0" 200 10609 "-" "Mozilla/5.0 (X11; Linux x86_64) AppleWebKit/537.36 (KHTML, like Gecko) Chrome/56.0.2924.87 Safari/537.36"
